src/services/socket/handlers/connection.handler.ts(111,9): error TS2322: Type 'string' is not assignable to type 'Expression<Date> | undefined'.
