02-10 11:34:46.302 29893 29893 W RecyclerView: 	at X.1Ok.ELh(Unknown Source:56)
02-10 11:34:46.302 29893 29893 W RecyclerView: 	at X.ANU.invoke(Unknown Source:361)
02-10 11:34:46.302 29893 29893 W RecyclerView: 	at X.7p7.A06(Unknown Source:15)
02-10 11:34:46.302 29893 29893 W RecyclerView: 	at X.AWp.invoke(Unknown Source:627)
02-10 11:34:46.302 29893 29893 W RecyclerView: 	at X.7p7.A0C(Unknown Source:26)
02-10 11:34:46.302 29893 29893 W RecyclerView: 	at X.1Ok.A0I(Unknown Source:140)
02-10 11:34:46.302 29893 29893 W RecyclerView: 	at X.1Ok.A0A(Unknown Source:24)
02-10 11:34:46.302 29893 29893 W RecyclerView: 	at X.2Bb.DOA(Unknown Source:225)
02-10 11:34:46.302 29893 29893 W RecyclerView: 	at X.1fK.DOA(Unknown Source:32)
02-10 11:34:46.302 29893 29893 W RecyclerView: 	at X.1fL.A0I(Unknown Source:44)
02-10 11:34:46.302 29893 29893 W RecyclerView: 	at X.1fL.EbX(Unknown Source:37)
02-10 11:34:46.302 29893 29893 W RecyclerView: 	at X.1eQ.EbX(Unknown Source:36)
02-10 11:34:46.302 29893 29893 W RecyclerView: 	at X.4ID.A02(Unknown Source:131)
02-10 11:34:46.302 29893 29893 W RecyclerView: 	at X.4ID.E2y(Unknown Source:4)
02-10 11:34:46.302 29893 29893 W RecyclerView: 	at X.3Ub.A00(Unknown Source:117)
02-10 11:34:46.302 29893 29893 W RecyclerView: 	at X.3Ub.E3I(Unknown Source:1)
02-10 11:34:46.302 29893 29893 W RecyclerView: 	at X.1eP.E3I(Unknown Source:18)
02-10 11:34:46.302 29893 29893 W RecyclerView: 	at X.2Nb.F3H(Unknown Source:46)
02-10 11:34:46.302 29893 29893 W RecyclerView: 	at X.1fX.A01(Unknown Source:26)
02-10 11:34:46.302 29893 29893 W RecyclerView: 	at X.8wq.A01(:18)
02-10 11:34:46.302 29893 29893 W RecyclerView: 	at X.8wq.A01(:18)
02-10 11:34:46.302 29893 29893 W RecyclerView: 	at X.01U.A02(Unknown Source:20)
02-10 11:34:46.302 29893 29893 W RecyclerView: 	at X.01U.A0H(Unknown Source:102)
02-10 11:34:46.302 29893 29893 W RecyclerView: 	at androidx.recyclerview.widget.RecyclerView.A0z(Unknown Source:48)
02-10 11:34:46.302 29893 29893 W RecyclerView: 	at X.8yc.run(:207)
02-10 11:34:46.302 29893 29893 W RecyclerView: 	at android.view.Choreographer$CallbackRecord.run(Choreographer.java:2459)
02-10 11:34:46.302 29893 29893 W RecyclerView: 	at android.view.Choreographer$CallbackRecord.run(Choreographer.java:2468)
02-10 11:34:46.302 29893 29893 W RecyclerView: 	at android.view.Choreographer.doCallbacks(Choreographer.java:1693)
02-10 11:34:46.302 29893 29893 W RecyclerView: 	at android.view.Choreographer.doFrame(Choreographer.java:1422)
02-10 11:34:46.302 29893 29893 W RecyclerView: 	at android.view.Choreographer$FrameDisplayEventReceiver.run(Choreographer.java:2284)
02-10 11:34:46.302 29893 29893 W RecyclerView: 	at android.os.Handler.handleCallback(Handler.java:1014)
02-10 11:34:46.302 29893 29893 W RecyclerView: 	at android.os.Handler.dispatchMessage(Handler.java:102)
02-10 11:34:46.302 29893 29893 W RecyclerView: 	at android.os.Looper.loopOnce(Looper.java:250)
02-10 11:34:46.302 29893 29893 W RecyclerView: 	at android.os.Looper.loop(Looper.java:340)
02-10 11:34:46.302 29893 29893 W RecyclerView: 	at android.app.ActivityThread.main(ActivityThread.java:9911)
02-10 11:34:46.302 29893 29893 W RecyclerView: 	at java.lang.reflect.Method.invoke(Native Method)
02-10 11:34:46.302 29893 29893 W RecyclerView: 	at com.android.internal.os.RuntimeInit$MethodAndArgsCaller.run(RuntimeInit.java:621)
02-10 11:34:46.302 29893 29893 W RecyclerView: 	at com.android.internal.os.ZygoteInit.main(ZygoteInit.java:957)
02-10 11:34:46.313 29893  8141 E ExoDav1dDecoder_JNI: Dav1dDecoder::dav1dInit -- setup signal action
02-10 11:34:46.337 29893  8106 I CCodecConfig: query failed after returning 21 values (BAD_INDEX)
02-10 11:34:46.338 29893  8106 W Codec2Client: query -- param skipped: index = 1342179345.
02-10 11:34:46.338 29893  8106 W Codec2Client: query -- param skipped: index = 2415921170.
02-10 11:34:46.338 29893  8106 W Codec2Client: query -- param skipped: index = 1610614798.
02-10 11:34:46.340 29893  8106 I MediaCodec: ++kWhatRelease   mState :6
02-10 11:34:46.342 29893  8106 I MediaCodec: ++kWhatRelease   mState :2
02-10 11:34:46.344 29893  8097 W MessageQueue: Handler (android.os.Handler) {6001a91} sending message to a Handler on a dead thread
02-10 11:34:46.344 29893  8097 W MessageQueue: java.lang.IllegalStateException: Handler (android.os.Handler) {6001a91} sending message to a Handler on a dead thread
02-10 11:34:46.344 29893  8097 W MessageQueue: 	at android.os.MessageQueue.enqueueMessage(MessageQueue.java:612)
02-10 11:34:46.344 29893  8097 W MessageQueue: 	at android.os.Handler.enqueueMessage(Handler.java:842)
02-10 11:34:46.344 29893  8097 W MessageQueue: 	at android.os.Handler.sendMessageAtTime(Handler.java:738)
02-10 11:34:46.344 29893  8097 W MessageQueue: 	at android.os.Handler.sendMessageDelayed(Handler.java:708)
02-10 11:34:46.344 29893  8097 W MessageQueue: 	at android.os.Handler.sendMessage(Handler.java:646)
02-10 11:34:46.344 29893  8097 W MessageQueue: 	at android.os.Message.sendToTarget(Message.java:476)
02-10 11:34:46.344 29893  8097 W MessageQueue: 	at X.9bu.A01(Unknown Source:4)
02-10 11:34:46.344 29893  8097 W MessageQueue: 	at X.9bf.G2z(Unknown Source:9)
02-10 11:34:46.344 29893  8097 W MessageQueue: 	at X.8uR.G2z(Unknown Source:11)
02-10 11:34:46.344 29893  8097 W MessageQueue: 	at X.8oZ.A08(Unknown Source:128)
02-10 11:34:46.344 29893  8097 W MessageQueue: 	at X.8oZ.handleMessage(Unknown Source:1468)
02-10 11:34:46.344 29893  8097 W MessageQueue: 	at android.os.Handler.dispatchMessage(Handler.java:105)
02-10 11:34:46.344 29893  8097 W MessageQueue: 	at android.os.Looper.loopOnce(Looper.java:250)
02-10 11:34:46.344 29893  8097 W MessageQueue: 	at android.os.Looper.loop(Looper.java:340)
02-10 11:34:46.344 29893  8097 W MessageQueue: 	at android.os.HandlerThread.run(HandlerThread.java:107)
02-10 11:34:46.344 29893  8097 W MessageQueue: Handler (android.os.Handler) {ba435f7} sending message to a Handler on a dead thread
02-10 11:34:46.344 29893  8097 W MessageQueue: java.lang.IllegalStateException: Handler (android.os.Handler) {ba435f7} sending message to a Handler on a dead thread
02-10 11:34:46.344 29893  8097 W MessageQueue: 	at android.os.MessageQueue.enqueueMessage(MessageQueue.java:612)
02-10 11:34:46.344 29893  8097 W MessageQueue: 	at android.os.Handler.enqueueMessage(Handler.java:842)
02-10 11:34:46.344 29893  8097 W MessageQueue: 	at android.os.Handler.sendMessageAtFrontOfQueue(Handler.java:761)
02-10 11:34:46.344 29893  8097 W MessageQueue: 	at X.8fF.Fl6(Unknown Source:8)
02-10 11:34:46.344 29893  8097 W MessageQueue: 	at X.8fE.A01(Unknown Source:29)
02-10 11:34:46.344 29893  8097 W MessageQueue: 	at X.8uR.G2z(Unknown Source:29)
02-10 11:34:46.344 29893  8097 W MessageQueue: 	at X.8oZ.A08(Unknown Source:128)
02-10 11:34:46.344 29893  8097 W MessageQueue: 	at X.8oZ.handleMessage(Unknown Source:1468)
02-10 11:34:46.344 29893  8097 W MessageQueue: 	at android.os.Handler.dispatchMessage(Handler.java:105)
02-10 11:34:46.344 29893  8097 W MessageQueue: 	at android.os.Looper.loopOnce(Looper.java:250)
02-10 11:34:46.344 29893  8097 W MessageQueue: 	at android.os.Looper.loop(Looper.java:340)
02-10 11:34:46.344 29893  8097 W MessageQueue: 	at android.os.HandlerThread.run(HandlerThread.java:107)
02-10 11:34:46.348 29893  8158 I hw-BpHwBinder: onLastStrongRef automatically unlinking death recipients
02-10 11:34:46.351 29893  8106 I CCodecBufferChannel: Destructor 0xb4000079200f6280
02-10 11:34:46.393 29893 29897 I stagram.android: Background young concurrent copying GC freed 19MB AllocSpace bytes, 20(956KB) LOS objects, 4% free, 202MB/212MB, paused 1.087ms,318us total 222.609ms
02-10 11:34:46.926 29893 29897 I stagram.android: Background young concurrent copying GC freed 5029KB AllocSpace bytes, 10(456KB) LOS objects, 6% free, 197MB/212MB, paused 154us,145us total 130.710ms
02-10 11:34:48.864 29893 29893 E stagram.android: No package ID ff found for resource ID 0xffffffff.
02-10 11:34:48.867 29893 29893 E stagram.android: No package ID ff found for resource ID 0xffffffff.
02-10 11:34:48.868 29893 29893 E stagram.android: Invalid resource ID 0x00000008.
02-10 11:34:48.871 29893 29893 E stagram.android: Invalid resource ID 0x00000008.
02-10 11:34:48.871 29893 29893 E stagram.android: Invalid resource ID 0x00000008.
02-10 11:34:48.874 29893 29893 E stagram.android: Invalid resource ID 0x00000008.
02-10 11:34:48.875 29893 29893 E stagram.android: Invalid resource ID 0x00000008.
02-10 11:34:48.878 29893 29893 E stagram.android: Invalid resource ID 0x00000008.
02-10 11:34:48.878 29893 29893 E stagram.android: Invalid resource ID 0x00000008.
02-10 11:34:48.881 29893 29893 E stagram.android: Invalid resource ID 0x00000008.
02-10 11:34:48.916 29893 29893 W C4F     : Pos=435 holder=X.2Ti@2d19d1b
02-10 11:34:48.920 29893  8166 W DefaultTrackSelector: Audio channel count constraints cannot be applied without reference to Context. Build the track selector instance with one of the non-deprecated constructors that take a Context argument.
02-10 11:34:48.925 29893  8167 W MediaCodecSelectorHelper: Unexpected mime type audio/mp4a-latm
02-10 11:34:48.925 29893  8167 W MediaCodecSelectorHelper: Unexpected mime type audio/mp4a-latm
02-10 11:34:48.925 29893  8167 W MediaCodecSelectorHelper: Unexpected mime type audio/mp4a-latm
02-10 11:34:48.925 29893  8167 W MediaCodecSelectorHelper: Unexpected mime type audio/mp4a-latm
02-10 11:34:48.925 29893  8167 W MediaCodecSelectorHelper: Unexpected mime type audio/mp4a-latm
02-10 11:34:48.925 29893  8167 W MediaCodecSelectorHelper: Unexpected mime type audio/mp4a-latm
02-10 11:34:48.929 29893 29893 I ScrollIdentify: on fling
02-10 11:34:48.932 29893 29893 E VideoPlayerImpl: IgBaseVideoPlayer Warning: AV1_INSTANTIATION AV1_INSTANTIATION AV1 decoding using Dav1d;meta.dav1d.av1.decoder
02-10 11:34:48.946 29893  8167 E ExoDav1dDecoder_JNI: Dav1dDecoder::dav1dInit -- setup signal action
02-10 11:34:48.950 29893  8167 W MediaCodecSelectorHelper: Unexpected mime type audio/mp4a-latm
02-10 11:34:48.954 29893  8167 I VideoRenderQualityTracker: mConfiguration.enabled:0
02-10 11:34:48.958 29893  8167 I CCodecBufferChannel: Constructor 0xb400007920756de0
02-10 11:34:48.958 29893  8167 I CCodecBufferChannel: mIsVivoLogEnable = 0
02-10 11:34:48.961 29893  8175 I CCodec  : setting up 'default' as default (vendor) store
02-10 11:34:48.964 29893  8175 I CCodec  : Created component [c2.android.aac.decoder]
02-10 11:34:48.974 29893  8175 I CCodecConfig: query failed after returning 21 values (BAD_INDEX)
02-10 11:34:48.981 29893  8175 W libc    : Access denied finding property "vendor.vivo.debug.PqSetting.enable"
02-10 11:34:48.982 29893  8175 W Codec2Client: query -- param skipped: index = 1107298332.
02-10 11:34:48.983 29893  8175 I CCodecConfig: query failed after returning 21 values (BAD_INDEX)
02-10 11:34:48.983 29893  8175 W Codec2Client: query -- param skipped: index = 1342179345.
02-10 11:34:48.983 29893  8175 W Codec2Client: query -- param skipped: index = 2415921170.
02-10 11:34:48.984 29893  8175 W Codec2Client: query -- param skipped: index = 1610614798.
02-10 11:34:48.984 29893  8175 I CCodecBufferChannel: mIsVivoLogEnable = 0
02-10 11:34:48.990 29893  8175 I CCodecBufferChannel: [c2.android.aac.decoder#272] Created output block pool with allocatorID 16 => poolID 53324 - OK
02-10 11:34:48.990 29893  8175 I CCodecBufferChannel: [0xb400007920756de0][c2.android.aac.decoder#272],using arrayMode ouputBuffers for linear outputstream.
02-10 11:34:49.016 29893  8175 I MediaCodec: [c2.android.aac.decoder] output format changed to: AMessage(what = 0x00000000) = {
02-10 11:34:49.016 29893  8175 I MediaCodec:       int32_t aac-drc-album-mode = 0
02-10 11:34:49.016 29893  8175 I MediaCodec:       int32_t aac-drc-boost-level = 127
02-10 11:34:49.016 29893  8175 I MediaCodec:       int32_t aac-drc-cut-level = 127
02-10 11:34:49.016 29893  8175 I MediaCodec:       int32_t aac-drc-effect-type = 3
02-10 11:34:49.016 29893  8175 I MediaCodec:       int32_t aac-drc-output-loudness = 56
02-10 11:34:49.016 29893  8175 I MediaCodec:       int32_t aac-encoded-target-level = -1
02-10 11:34:49.016 29893  8175 I MediaCodec:       int32_t aac-max-output-channel_count = 8
02-10 11:34:49.016 29893  8175 I MediaCodec:       int32_t aac-target-ref-level = 56
02-10 11:34:49.016 29893  8175 I MediaCodec:       int32_t bitrate = 64000
02-10 11:34:49.016 29893  8175 I MediaCodec:       int32_t buffer-batch-max-output-size = 0
02-10 11:34:49.016 29893  8175 I MediaCodec:       int32_t buffer-batch-threshold-output-size = 0
02-10 11:34:49.016 29893  8175 I MediaCodec:       int32_t channel-count = 2
02-10 11:34:49.016 29893  8175 I MediaCodec:       int32_t channel-mask = 12
02-10 11:34:49.016 29893  8175 I MediaCodec:       int32_t max-output-channel-count = 8
02-10 11:34:49.016 29893  8175 I MediaCodec:       string mime = "audio/raw"
02-10 11:34:49.016 29893  8175 I MediaCodec:       int32_t sample-rate = 44100
02-10 11:34:49.016 29893  8175 I MediaCodec:       int32_t android._config-pcm-encoding = 2
02-10 11:34:49.016 29893  8175 I MediaCodec:     }
02-10 11:34:49.101 29893  8147 I CCodecConfig: query failed after returning 21 values (BAD_INDEX)
02-10 11:34:49.101 29893  8147 W Codec2Client: query -- param skipped: index = 1342179345.
02-10 11:34:49.101 29893  8147 W Codec2Client: query -- param skipped: index = 2415921170.
02-10 11:34:49.101 29893  8147 W Codec2Client: query -- param skipped: index = 1610614798.
02-10 11:34:49.102 29893  8147 I MediaCodec: ++kWhatRelease   mState :6
02-10 11:34:49.105 29893  8147 I MediaCodec: ++kWhatRelease   mState :2
02-10 11:34:49.108 29893  8140 W MessageQueue: Handler (android.os.Handler) {aa77357} sending message to a Handler on a dead thread
02-10 11:34:49.108 29893  8140 W MessageQueue: java.lang.IllegalStateException: Handler (android.os.Handler) {aa77357} sending message to a Handler on a dead thread
02-10 11:34:49.108 29893  8140 W MessageQueue: 	at android.os.MessageQueue.enqueueMessage(MessageQueue.java:612)
02-10 11:34:49.108 29893  8140 W MessageQueue: 	at android.os.Handler.enqueueMessage(Handler.java:842)
02-10 11:34:49.108 29893  8140 W MessageQueue: 	at android.os.Handler.sendMessageAtTime(Handler.java:738)
02-10 11:34:49.108 29893  8140 W MessageQueue: 	at android.os.Handler.sendMessageDelayed(Handler.java:708)
02-10 11:34:49.108 29893  8140 W MessageQueue: 	at android.os.Handler.sendMessage(Handler.java:646)
02-10 11:34:49.108 29893  8140 W MessageQueue: 	at android.os.Message.sendToTarget(Message.java:476)
02-10 11:34:49.108 29893  8140 W MessageQueue: 	at X.9bu.A01(Unknown Source:4)
02-10 11:34:49.108 29893  8140 W MessageQueue: 	at X.9bf.G2z(Unknown Source:9)
02-10 11:34:49.108 29893  8140 W MessageQueue: 	at X.8uR.G2z(Unknown Source:11)
02-10 11:34:49.108 29893  8140 W MessageQueue: 	at X.8oZ.A08(Unknown Source:128)
02-10 11:34:49.108 29893  8140 W MessageQueue: 	at X.8oZ.handleMessage(Unknown Source:1468)
02-10 11:34:49.108 29893  8140 W MessageQueue: 	at android.os.Handler.dispatchMessage(Handler.java:105)
02-10 11:34:49.108 29893  8140 W MessageQueue: 	at android.os.Looper.loopOnce(Looper.java:250)
02-10 11:34:49.108 29893  8140 W MessageQueue: 	at android.os.Looper.loop(Looper.java:340)
02-10 11:34:49.108 29893  8140 W MessageQueue: 	at android.os.HandlerThread.run(HandlerThread.java:107)
02-10 11:34:49.108 29893  8140 W MessageQueue: Handler (android.os.Handler) {8fabb2d} sending message to a Handler on a dead thread
02-10 11:34:49.108 29893  8140 W MessageQueue: java.lang.IllegalStateException: Handler (android.os.Handler) {8fabb2d} sending message to a Handler on a dead thread
02-10 11:34:49.108 29893  8140 W MessageQueue: 	at android.os.MessageQueue.enqueueMessage(MessageQueue.java:612)
02-10 11:34:49.108 29893  8140 W MessageQueue: 	at android.os.Handler.enqueueMessage(Handler.java:842)
02-10 11:34:49.108 29893  8140 W MessageQueue: 	at android.os.Handler.sendMessageAtFrontOfQueue(Handler.java:761)
02-10 11:34:49.108 29893  8140 W MessageQueue: 	at X.8fF.Fl6(Unknown Source:8)
02-10 11:34:49.108 29893  8140 W MessageQueue: 	at X.8fE.A01(Unknown Source:29)
02-10 11:34:49.108 29893  8140 W MessageQueue: 	at X.8uR.G2z(Unknown Source:29)
02-10 11:34:49.108 29893  8140 W MessageQueue: 	at X.8oZ.A08(Unknown Source:128)
02-10 11:34:49.108 29893  8140 W MessageQueue: 	at X.8oZ.handleMessage(Unknown Source:1468)
02-10 11:34:49.108 29893  8140 W MessageQueue: 	at android.os.Handler.dispatchMessage(Handler.java:105)
02-10 11:34:49.108 29893  8140 W MessageQueue: 	at android.os.Looper.loopOnce(Looper.java:250)
02-10 11:34:49.108 29893  8140 W MessageQueue: 	at android.os.Looper.loop(Looper.java:340)
02-10 11:34:49.108 29893  8140 W MessageQueue: 	at android.os.HandlerThread.run(HandlerThread.java:107)
02-10 11:34:49.108 29893  8147 I hw-BpHwBinder: onLastStrongRef automatically unlinking death recipients
02-10 11:34:49.110 29893  8147 I CCodecBufferChannel: Destructor 0xb400007920cdf1e0
02-10 11:34:49.262 29893 29893 E stagram.android: No package ID ff found for resource ID 0xffffffff.
02-10 11:34:49.265 29893 29893 E stagram.android: No package ID ff found for resource ID 0xffffffff.
02-10 11:34:49.265 29893 29893 E stagram.android: Invalid resource ID 0x00000008.
02-10 11:34:49.268 29893 29893 E stagram.android: Invalid resource ID 0x00000008.
02-10 11:34:49.269 29893 29893 E stagram.android: Invalid resource ID 0x00000008.
02-10 11:34:49.272 29893 29893 E stagram.android: Invalid resource ID 0x00000008.
02-10 11:34:49.272 29893 29893 E stagram.android: Invalid resource ID 0x00000008.
02-10 11:34:49.276 29893 29893 E stagram.android: Invalid resource ID 0x00000008.
02-10 11:34:49.276 29893 29893 E stagram.android: Invalid resource ID 0x00000008.
02-10 11:34:49.279 29893 29893 E stagram.android: Invalid resource ID 0x00000008.
02-10 11:34:49.325 29893 29893 W C4F     : Pos=436 holder=X.2Ti@adfbd54
02-10 11:34:49.329 29893  8186 W DefaultTrackSelector: Audio channel count constraints cannot be applied without reference to Context. Build the track selector instance with one of the non-deprecated constructors that take a Context argument.
02-10 11:34:49.334 29893  8187 W MediaCodecSelectorHelper: Unexpected mime type audio/mp4a-latm
02-10 11:34:49.334 29893  8187 W MediaCodecSelectorHelper: Unexpected mime type audio/mp4a-latm
02-10 11:34:49.334 29893  8187 W MediaCodecSelectorHelper: Unexpected mime type audio/mp4a-latm
02-10 11:34:49.334 29893  8187 W MediaCodecSelectorHelper: Unexpected mime type audio/mp4a-latm
02-10 11:34:49.334 29893  8187 W MediaCodecSelectorHelper: Unexpected mime type audio/mp4a-latm
02-10 11:34:49.334 29893  8187 W MediaCodecSelectorHelper: Unexpected mime type audio/mp4a-latm
02-10 11:34:49.336 29893 29893 E VideoPlayerImpl: IgBaseVideoPlayer Warning: AV1_INSTANTIATION AV1_INSTANTIATION AV1 decoding using Dav1d;meta.dav1d.av1.decoder
02-10 11:34:49.350 29893  8187 E ExoDav1dDecoder_JNI: Dav1dDecoder::dav1dInit -- setup signal action
02-10 11:34:49.351 29893 29893 I ScrollIdentify: on fling
02-10 11:34:49.352 29893  8187 W MediaCodecSelectorHelper: Unexpected mime type audio/mp4a-latm
02-10 11:34:49.355 29893  8187 I VideoRenderQualityTracker: mConfiguration.enabled:0
02-10 11:34:49.363 29893  8187 I CCodecBufferChannel: Constructor 0xb400007920c0aae0
02-10 11:34:49.363 29893  8187 I CCodecBufferChannel: mIsVivoLogEnable = 0
02-10 11:34:49.370 29893  8194 I CCodec  : setting up 'default' as default (vendor) store
02-10 11:34:49.374 29893  8194 I CCodec  : Created component [c2.android.aac.decoder]
02-10 11:34:49.384 29893  8194 I CCodecConfig: query failed after returning 21 values (BAD_INDEX)
02-10 11:34:49.389 29893  8194 W libc    : Access denied finding property "vendor.vivo.debug.PqSetting.enable"
02-10 11:34:49.392 29893  8194 W Codec2Client: query -- param skipped: index = 1107298332.
02-10 11:34:49.394 29893  8194 I CCodecConfig: query failed after returning 21 values (BAD_INDEX)
02-10 11:34:49.396 29893  8194 W Codec2Client: query -- param skipped: index = 1342179345.
02-10 11:34:49.396 29893  8194 W Codec2Client: query -- param skipped: index = 2415921170.
02-10 11:34:49.396 29893  8194 W Codec2Client: query -- param skipped: index = 1610614798.
02-10 11:34:49.397 29893  8194 I CCodecBufferChannel: mIsVivoLogEnable = 0
02-10 11:34:49.403 29893  8194 I CCodecBufferChannel: [c2.android.aac.decoder#364] Created output block pool with allocatorID 16 => poolID 53326 - OK
02-10 11:34:49.404 29893  8194 I CCodecBufferChannel: [0xb400007920c0aae0][c2.android.aac.decoder#364],using arrayMode ouputBuffers for linear outputstream.
02-10 11:34:49.453 29893  8194 I MediaCodec: [c2.android.aac.decoder] output format changed to: AMessage(what = 0x00000000) = {
02-10 11:34:49.453 29893  8194 I MediaCodec:       int32_t aac-drc-album-mode = 0
02-10 11:34:49.453 29893  8194 I MediaCodec:       int32_t aac-drc-boost-level = 127
02-10 11:34:49.453 29893  8194 I MediaCodec:       int32_t aac-drc-cut-level = 127
02-10 11:34:49.453 29893  8194 I MediaCodec:       int32_t aac-drc-effect-type = 3
02-10 11:34:49.453 29893  8194 I MediaCodec:       int32_t aac-drc-output-loudness = 56
02-10 11:34:49.453 29893  8194 I MediaCodec:       int32_t aac-encoded-target-level = -1
02-10 11:34:49.453 29893  8194 I MediaCodec:       int32_t aac-max-output-channel_count = 8
02-10 11:34:49.453 29893  8194 I MediaCodec:       int32_t aac-target-ref-level = 56
02-10 11:34:49.453 29893  8194 I MediaCodec:       int32_t bitrate = 64000
02-10 11:34:49.453 29893  8194 I MediaCodec:       int32_t buffer-batch-max-output-size = 0
02-10 11:34:49.453 29893  8194 I MediaCodec:       int32_t buffer-batch-threshold-output-size = 0
02-10 11:34:49.453 29893  8194 I MediaCodec:       int32_t channel-count = 2
02-10 11:34:49.453 29893  8194 I MediaCodec:       int32_t channel-mask = 12
02-10 11:34:49.453 29893  8194 I MediaCodec:       int32_t max-output-channel-count = 8
02-10 11:34:49.453 29893  8194 I MediaCodec:       string mime = "audio/raw"
02-10 11:34:49.453 29893  8194 I MediaCodec:       int32_t sample-rate = 44100
02-10 11:34:49.453 29893  8194 I MediaCodec:       int32_t android._config-pcm-encoding = 2
02-10 11:34:49.453 29893  8194 I MediaCodec:     }
02-10 11:34:49.565 29893  8175 I CCodecConfig: query failed after returning 21 values (BAD_INDEX)
02-10 11:34:49.566 29893  8175 W Codec2Client: query -- param skipped: index = 1342179345.
02-10 11:34:49.566 29893  8175 W Codec2Client: query -- param skipped: index = 2415921170.
02-10 11:34:49.566 29893  8175 W Codec2Client: query -- param skipped: index = 1610614798.
02-10 11:34:49.568 29893  8175 I MediaCodec: ++kWhatRelease   mState :6
02-10 11:34:49.569 29893  8175 I MediaCodec: ++kWhatRelease   mState :2
02-10 11:34:49.571 29893  8175 I hw-BpHwBinder: onLastStrongRef automatically unlinking death recipients
02-10 11:34:49.572 29893  8166 W MessageQueue: Handler (android.os.Handler) {db701a4} sending message to a Handler on a dead thread
02-10 11:34:49.572 29893  8166 W MessageQueue: java.lang.IllegalStateException: Handler (android.os.Handler) {db701a4} sending message to a Handler on a dead thread
02-10 11:34:49.572 29893  8166 W MessageQueue: 	at android.os.MessageQueue.enqueueMessage(MessageQueue.java:612)
02-10 11:34:49.572 29893  8166 W MessageQueue: 	at android.os.Handler.enqueueMessage(Handler.java:842)
02-10 11:34:49.572 29893  8166 W MessageQueue: 	at android.os.Handler.sendMessageAtTime(Handler.java:738)
02-10 11:34:49.572 29893  8166 W MessageQueue: 	at android.os.Handler.sendMessageDelayed(Handler.java:708)
02-10 11:34:49.572 29893  8166 W MessageQueue: 	at android.os.Handler.sendMessage(Handler.java:646)
02-10 11:34:49.572 29893  8166 W MessageQueue: 	at android.os.Message.sendToTarget(Message.java:476)
02-10 11:34:49.572 29893  8166 W MessageQueue: 	at X.9bu.A01(Unknown Source:4)
02-10 11:34:49.572 29893  8166 W MessageQueue: 	at X.9bf.G2z(Unknown Source:9)
02-10 11:34:49.572 29893  8166 W MessageQueue: 	at X.8uR.G2z(Unknown Source:11)
02-10 11:34:49.572 29893  8166 W MessageQueue: 	at X.8oZ.A08(Unknown Source:128)
02-10 11:34:49.572 29893  8166 W MessageQueue: 	at X.8oZ.handleMessage(Unknown Source:1468)
02-10 11:34:49.572 29893  8166 W MessageQueue: 	at android.os.Handler.dispatchMessage(Handler.java:105)
02-10 11:34:49.572 29893  8166 W MessageQueue: 	at android.os.Looper.loopOnce(Looper.java:250)
02-10 11:34:49.572 29893  8166 W MessageQueue: 	at android.os.Looper.loop(Looper.java:340)
02-10 11:34:49.572 29893  8166 W MessageQueue: 	at android.os.HandlerThread.run(HandlerThread.java:107)
02-10 11:34:49.572 29893  8166 W MessageQueue: Handler (android.os.Handler) {cb06ac2} sending message to a Handler on a dead thread
02-10 11:34:49.572 29893  8166 W MessageQueue: java.lang.IllegalStateException: Handler (android.os.Handler) {cb06ac2} sending message to a Handler on a dead thread
02-10 11:34:49.572 29893  8166 W MessageQueue: 	at android.os.MessageQueue.enqueueMessage(MessageQueue.java:612)
02-10 11:34:49.572 29893  8166 W MessageQueue: 	at android.os.Handler.enqueueMessage(Handler.java:842)
02-10 11:34:49.572 29893  8166 W MessageQueue: 	at android.os.Handler.sendMessageAtFrontOfQueue(Handler.java:761)
02-10 11:34:49.572 29893  8166 W MessageQueue: 	at X.8fF.Fl6(Unknown Source:8)
02-10 11:34:49.572 29893  8166 W MessageQueue: 	at X.8fE.A01(Unknown Source:29)
02-10 11:34:49.572 29893  8166 W MessageQueue: 	at X.8uR.G2z(Unknown Source:29)
02-10 11:34:49.572 29893  8166 W MessageQueue: 	at X.8oZ.A08(Unknown Source:128)
02-10 11:34:49.572 29893  8166 W MessageQueue: 	at X.8oZ.handleMessage(Unknown Source:1468)
02-10 11:34:49.572 29893  8166 W MessageQueue: 	at android.os.Handler.dispatchMessage(Handler.java:105)
02-10 11:34:49.572 29893  8166 W MessageQueue: 	at android.os.Looper.loopOnce(Looper.java:250)
02-10 11:34:49.572 29893  8166 W MessageQueue: 	at android.os.Looper.loop(Looper.java:340)
02-10 11:34:49.572 29893  8166 W MessageQueue: 	at android.os.HandlerThread.run(HandlerThread.java:107)
02-10 11:34:49.574 29893  8175 I CCodecBufferChannel: Destructor 0xb400007920756de0
02-10 11:34:50.232 29893 29897 I stagram.android: Background concurrent copying GC freed 11MB AllocSpace bytes, 94(15MB) LOS objects, 11% free, 189MB/213MB, paused 441us,98us total 881.417ms
02-10 11:34:50.241 29893 29899 E stagram.android: [SurfaceTexture-0-29893-510] setSurfaceTextureListener: listener is nullptr
02-10 11:34:50.242 29893 29899 E stagram.android: [SurfaceTexture-0-29893-509] setSurfaceTextureListener: listener is nullptr
02-10 11:34:50.242 29893 29899 E stagram.android: [SurfaceTexture-0-29893-508] setSurfaceTextureListener: listener is nullptr
02-10 11:34:50.242 29893 29899 E stagram.android: [SurfaceTexture-0-29893-507] setSurfaceTextureListener: listener is nullptr
02-10 11:34:51.682 29893  6780 E IdleQueuePayloadBasedServiceLayer: Request empty, but still some servings left: 61911
02-10 11:34:51.690 29893  6780 E IdleQueuePayloadBasedServiceLayer: Request empty, but still some servings left: -61911
02-10 11:34:54.116 29893 24607 E IdleQueuePayloadBasedServiceLayer: Request empty, but still some servings left: 109337
02-10 11:34:54.131 29893 24607 E IdleQueuePayloadBasedServiceLayer: Request empty, but still some servings left: -109337
02-10 11:34:58.448 29893  6780 E IdleQueuePayloadBasedServiceLayer: Request empty, but still some servings left: 5730
02-10 11:34:58.450 29893  6780 E IdleQueuePayloadBasedServiceLayer: Request empty, but still some servings left: -5730
02-10 11:35:03.374 29893 20346 E IdleQueuePayloadBasedServiceLayer: Request empty, but still some servings left: 26470
02-10 11:35:03.428 29893 20346 E IdleQueuePayloadBasedServiceLayer: Request empty, but still some servings left: -26470
02-10 11:35:08.289 29893  6780 E IdleQueuePayloadBasedServiceLayer: Request empty, but still some servings left: 4781
02-10 11:35:08.291 29893  6780 E IdleQueuePayloadBasedServiceLayer: Request empty, but still some servings left: -685
02-10 11:35:13.191 29893 20346 E IdleQueuePayloadBasedServiceLayer: Request empty, but still some servings left: 86676
02-10 11:35:13.201 29893 20346 E IdleQueuePayloadBasedServiceLayer: Request empty, but still some servings left: -86676
02-10 11:35:18.132 29893  6780 E IdleQueuePayloadBasedServiceLayer: Request empty, but still some servings left: 25712
02-10 11:35:18.136 29893  6780 E IdleQueuePayloadBasedServiceLayer: Request empty, but still some servings left: -21616
02-10 11:35:23.050 29893 20346 E IdleQueuePayloadBasedServiceLayer: Request empty, but still some servings left: 47888
02-10 11:35:23.063 29893 20346 E IdleQueuePayloadBasedServiceLayer: Request empty, but still some servings left: -47888
02-10 11:35:24.438 29893 29897 I stagram.android: Background young concurrent copying GC freed 21MB AllocSpace bytes, 23(1264KB) LOS objects, 11% free, 190MB/213MB, paused 161us,90us total 101.072ms
02-10 11:35:27.972 29893  6780 E IdleQueuePayloadBasedServiceLayer: Request empty, but still some servings left: 40385
02-10 11:35:27.977 29893  6780 E IdleQueuePayloadBasedServiceLayer: Request empty, but still some servings left: -40385
02-10 11:35:32.904 29893 24607 E IdleQueuePayloadBasedServiceLayer: Request empty, but still some servings left: 92491
02-10 11:35:32.946 29893 24607 E IdleQueuePayloadBasedServiceLayer: Request empty, but still some servings left: -92491
02-10 11:35:37.838 29893  6780 E IdleQueuePayloadBasedServiceLayer: Request empty, but still some servings left: 67029
02-10 11:35:37.851 29893  6780 E IdleQueuePayloadBasedServiceLayer: Request empty, but still some servings left: -67029
02-10 11:35:41.684 29893 13692 W soft_error.cpp: [pando::graphql::PandoGraphQLRequestHybrid::assertValid] : Using a PandoGraphQLRequest after it has been consumed. Query name is IGDirectGetPresenceQuery
02-10 11:35:41.691 29893 29893 W PresenceStore: notify new presence state
02-10 11:35:42.746 29893 24607 E IdleQueuePayloadBasedServiceLayer: Request empty, but still some servings left: 42516
02-10 11:35:42.766 29893 24607 E IdleQueuePayloadBasedServiceLayer: Request empty, but still some servings left: -42516
02-10 11:35:47.735 29893  6780 E IdleQueuePayloadBasedServiceLayer: Request empty, but still some servings left: 45544
02-10 11:35:47.745 29893  6780 E IdleQueuePayloadBasedServiceLayer: Request empty, but still some servings left: -45544
02-10 11:35:52.797 29893 20346 E IdleQueuePayloadBasedServiceLayer: Request empty, but still some servings left: 79357
02-10 11:35:52.828 29893 20346 E IdleQueuePayloadBasedServiceLayer: Request empty, but still some servings left: -79357
02-10 11:35:57.729 29893 24607 E IdleQueuePayloadBasedServiceLayer: Request empty, but still some servings left: 8989
02-10 11:35:57.754 29893 24607 E IdleQueuePayloadBasedServiceLayer: Request empty, but still some servings left: -8989
02-10 11:36:00.518 29893 29893 E stagram.android: No package ID ff found for resource ID 0xffffffff.
02-10 11:36:00.522 29893 29893 E stagram.android: No package ID ff found for resource ID 0xffffffff.
02-10 11:36:00.522 29893 29893 E stagram.android: Invalid resource ID 0x00000008.
02-10 11:36:00.525 29893 29893 E stagram.android: Invalid resource ID 0x00000008.
02-10 11:36:00.526 29893 29893 E stagram.android: Invalid resource ID 0x00000008.
02-10 11:36:00.529 29893 29893 E stagram.android: Invalid resource ID 0x00000008.
02-10 11:36:00.529 29893 29893 E stagram.android: Invalid resource ID 0x00000008.
02-10 11:36:00.532 29893 29893 E stagram.android: Invalid resource ID 0x00000008.
02-10 11:36:00.533 29893 29893 E stagram.android: Invalid resource ID 0x00000008.
02-10 11:36:00.536 29893 29893 E stagram.android: Invalid resource ID 0x00000008.
02-10 11:36:00.582 29893 29893 W C4F     : Pos=437 holder=X.2Ti@71d56aa
02-10 11:36:00.588 29893  8277 W DefaultTrackSelector: Audio channel count constraints cannot be applied without reference to Context. Build the track selector instance with one of the non-deprecated constructors that take a Context argument.
02-10 11:36:00.591 29893  8278 W MediaCodecSelectorHelper: Unexpected mime type audio/mp4a-latm
02-10 11:36:00.591 29893  8278 W MediaCodecSelectorHelper: Unexpected mime type audio/mp4a-latm
02-10 11:36:00.597 29893 29893 E VideoPlayerImpl: IgBaseVideoPlayer Warning: AV1_INSTANTIATION AV1_INSTANTIATION AV1 decoding using Dav1d;meta.dav1d.av1.decoder
02-10 11:36:00.611 29893  8278 E ExoDav1dDecoder_JNI: Dav1dDecoder::dav1dInit -- setup signal action
02-10 11:36:00.613 29893  8278 W MediaCodecSelectorHelper: Unexpected mime type audio/mp4a-latm
02-10 11:36:00.617 29893  8278 I VideoRenderQualityTracker: mConfiguration.enabled:0
02-10 11:36:00.619 29893 29893 I ScrollIdentify: on fling
02-10 11:36:00.620 29893  8278 I CCodecBufferChannel: Constructor 0xb4000079204c5700
02-10 11:36:00.620 29893  8278 I CCodecBufferChannel: mIsVivoLogEnable = 0
02-10 11:36:00.648 29893  8284 I CCodec  : setting up 'default' as default (vendor) store
02-10 11:36:00.658 29893  8284 I CCodec  : Created component [c2.android.aac.decoder]
02-10 11:36:00.677 29893  8284 I CCodecConfig: query failed after returning 21 values (BAD_INDEX)
02-10 11:36:00.683 29893  8284 W libc    : Access denied finding property "vendor.vivo.debug.PqSetting.enable"
02-10 11:36:00.687 29893  8284 W Codec2Client: query -- param skipped: index = 1107298332.
02-10 11:36:00.688 29893  8284 I CCodecConfig: query failed after returning 21 values (BAD_INDEX)
02-10 11:36:00.691 29893  8284 W Codec2Client: query -- param skipped: index = 1342179345.
02-10 11:36:00.691 29893  8284 W Codec2Client: query -- param skipped: index = 2415921170.
02-10 11:36:00.691 29893  8284 W Codec2Client: query -- param skipped: index = 1610614798.
02-10 11:36:00.691 29893  8284 I CCodecBufferChannel: mIsVivoLogEnable = 0
02-10 11:36:00.699 29893  8284 I CCodecBufferChannel: [c2.android.aac.decoder#184] Created output block pool with allocatorID 16 => poolID 53328 - OK
02-10 11:36:00.700 29893  8284 I CCodecBufferChannel: [0xb4000079204c5700][c2.android.aac.decoder#184],using arrayMode ouputBuffers for linear outputstream.
02-10 11:36:00.771 29893  8284 I MediaCodec: [c2.android.aac.decoder] output format changed to: AMessage(what = 0x00000000) = {
02-10 11:36:00.771 29893  8284 I MediaCodec:       int32_t aac-drc-album-mode = 0
02-10 11:36:00.771 29893  8284 I MediaCodec:       int32_t aac-drc-boost-level = 127
02-10 11:36:00.771 29893  8284 I MediaCodec:       int32_t aac-drc-cut-level = 127
02-10 11:36:00.771 29893  8284 I MediaCodec:       int32_t aac-drc-effect-type = 3
02-10 11:36:00.771 29893  8284 I MediaCodec:       int32_t aac-drc-output-loudness = 56
02-10 11:36:00.771 29893  8284 I MediaCodec:       int32_t aac-encoded-target-level = -1
02-10 11:36:00.771 29893  8284 I MediaCodec:       int32_t aac-max-output-channel_count = 8
02-10 11:36:00.771 29893  8284 I MediaCodec:       int32_t aac-target-ref-level = 56
02-10 11:36:00.771 29893  8284 I MediaCodec:       int32_t bitrate = 64000
02-10 11:36:00.771 29893  8284 I MediaCodec:       int32_t buffer-batch-max-output-size = 0
02-10 11:36:00.771 29893  8284 I MediaCodec:       int32_t buffer-batch-threshold-output-size = 0
02-10 11:36:00.771 29893  8284 I MediaCodec:       int32_t channel-count = 2
02-10 11:36:00.771 29893  8284 I MediaCodec:       int32_t channel-mask = 12
02-10 11:36:00.771 29893  8284 I MediaCodec:       int32_t max-output-channel-count = 8
02-10 11:36:00.771 29893  8284 I MediaCodec:       string mime = "audio/raw"
02-10 11:36:00.771 29893  8284 I MediaCodec:       int32_t sample-rate = 48000
02-10 11:36:00.771 29893  8284 I MediaCodec:       int32_t android._config-pcm-encoding = 2
02-10 11:36:00.771 29893  8284 I MediaCodec:     }
02-10 11:36:00.846 29893 29897 I stagram.android: Background young concurrent copying GC freed 22MB AllocSpace bytes, 21(1128KB) LOS objects, 6% free, 200MB/213MB, paused 741us,411us total 253.042ms
02-10 11:36:00.873 29893  8194 I CCodecConfig: query failed after returning 21 values (BAD_INDEX)
02-10 11:36:00.874 29893  8194 W Codec2Client: query -- param skipped: index = 1342179345.
02-10 11:36:00.874 29893  8194 W Codec2Client: query -- param skipped: index = 2415921170.
02-10 11:36:00.874 29893  8194 W Codec2Client: query -- param skipped: index = 1610614798.
02-10 11:36:00.877 29893  8194 I MediaCodec: ++kWhatRelease   mState :6
02-10 11:36:00.880 29893  8194 I MediaCodec: ++kWhatRelease   mState :2
02-10 11:36:00.881 29893  8194 I hw-BpHwBinder: onLastStrongRef automatically unlinking death recipients
02-10 11:36:00.882 29893  8186 W MessageQueue: Handler (android.os.Handler) {bd31066} sending message to a Handler on a dead thread
02-10 11:36:00.882 29893  8186 W MessageQueue: java.lang.IllegalStateException: Handler (android.os.Handler) {bd31066} sending message to a Handler on a dead thread
02-10 11:36:00.882 29893  8186 W MessageQueue: 	at android.os.MessageQueue.enqueueMessage(MessageQueue.java:612)
02-10 11:36:00.882 29893  8186 W MessageQueue: 	at android.os.Handler.enqueueMessage(Handler.java:842)
02-10 11:36:00.882 29893  8186 W MessageQueue: 	at android.os.Handler.sendMessageAtTime(Handler.java:738)
02-10 11:36:00.882 29893  8186 W MessageQueue: 	at android.os.Handler.sendMessageDelayed(Handler.java:708)
02-10 11:36:00.882 29893  8186 W MessageQueue: 	at android.os.Handler.sendMessage(Handler.java:646)
02-10 11:36:00.882 29893  8186 W MessageQueue: 	at android.os.Message.sendToTarget(Message.java:476)
02-10 11:36:00.882 29893  8186 W MessageQueue: 	at X.9bu.A01(Unknown Source:4)
02-10 11:36:00.882 29893  8186 W MessageQueue: 	at X.9bf.G2z(Unknown Source:9)
02-10 11:36:00.882 29893  8186 W MessageQueue: 	at X.8uR.G2z(Unknown Source:11)
02-10 11:36:00.882 29893  8186 W MessageQueue: 	at X.8oZ.A08(Unknown Source:128)
02-10 11:36:00.882 29893  8186 W MessageQueue: 	at X.8oZ.handleMessage(Unknown Source:1468)
02-10 11:36:00.882 29893  8186 W MessageQueue: 	at android.os.Handler.dispatchMessage(Handler.java:105)
02-10 11:36:00.882 29893  8186 W MessageQueue: 	at android.os.Looper.loopOnce(Looper.java:250)
02-10 11:36:00.882 29893  8186 W MessageQueue: 	at android.os.Looper.loop(Looper.java:340)
02-10 11:36:00.882 29893  8186 W MessageQueue: 	at android.os.HandlerThread.run(HandlerThread.java:107)
02-10 11:36:00.883 29893  8186 W MessageQueue: Handler (android.os.Handler) {1d72c54} sending message to a Handler on a dead thread
02-10 11:36:00.883 29893  8186 W MessageQueue: java.lang.IllegalStateException: Handler (android.os.Handler) {1d72c54} sending message to a Handler on a dead thread
02-10 11:36:00.883 29893  8186 W MessageQueue: 	at android.os.MessageQueue.enqueueMessage(MessageQueue.java:612)
02-10 11:36:00.883 29893  8186 W MessageQueue: 	at android.os.Handler.enqueueMessage(Handler.java:842)
02-10 11:36:00.883 29893  8186 W MessageQueue: 	at android.os.Handler.sendMessageAtFrontOfQueue(Handler.java:761)
02-10 11:36:00.883 29893  8186 W MessageQueue: 	at X.8fF.Fl6(Unknown Source:8)
02-10 11:36:00.883 29893  8186 W MessageQueue: 	at X.8fE.A01(Unknown Source:29)
02-10 11:36:00.883 29893  8186 W MessageQueue: 	at X.8uR.G2z(Unknown Source:29)
02-10 11:36:00.883 29893  8186 W MessageQueue: 	at X.8oZ.A08(Unknown Source:128)
02-10 11:36:00.883 29893  8186 W MessageQueue: 	at X.8oZ.handleMessage(Unknown Source:1468)
02-10 11:36:00.883 29893  8186 W MessageQueue: 	at android.os.Handler.dispatchMessage(Handler.java:105)
02-10 11:36:00.883 29893  8186 W MessageQueue: 	at android.os.Looper.loopOnce(Looper.java:250)
02-10 11:36:00.883 29893  8186 W MessageQueue: 	at android.os.Looper.loop(Looper.java:340)
02-10 11:36:00.883 29893  8186 W MessageQueue: 	at android.os.HandlerThread.run(HandlerThread.java:107)
02-10 11:36:00.884 29893  8194 I CCodecBufferChannel: Destructor 0xb400007920c0aae0
02-10 11:36:01.064 29893 29897 I stagram.android: Background young concurrent copying GC freed 6515KB AllocSpace bytes, 29(976KB) LOS objects, 8% free, 196MB/213MB, paused 222us,270us total 136.369ms
02-10 11:36:01.696 29893 29893 E stagram.android: Invalid resource ID 0x00000747.
02-10 11:36:01.700 29893 29893 E stagram.android: Invalid resource ID 0x00000747.
02-10 11:36:01.700 29893 29893 E stagram.android: Invalid resource ID 0x00000747.
02-10 11:36:01.703 29893 29893 E stagram.android: Invalid resource ID 0x00000747.
02-10 11:36:01.703 29893 29893 E stagram.android: Invalid resource ID 0x00000008.
02-10 11:36:01.707 29893 29893 E stagram.android: Invalid resource ID 0x00000008.
02-10 11:36:01.707 29893 29893 E stagram.android: Invalid resource ID 0x00000008.
02-10 11:36:01.710 29893 29893 E stagram.android: Invalid resource ID 0x00000008.
02-10 11:36:01.710 29893 29893 E stagram.android: Invalid resource ID 0x00000008.
02-10 11:36:01.714 29893 29893 E stagram.android: Invalid resource ID 0x00000008.
02-10 11:36:01.714 29893 29893 E stagram.android: Invalid resource ID 0x00000008.
02-10 11:36:01.717 29893 29893 E stagram.android: Invalid resource ID 0x00000008.
02-10 11:36:01.774 29893 29893 W C4F     : Pos=438 holder=X.2Ti@5249c1c
02-10 11:36:01.780 29893  8298 W DefaultTrackSelector: Audio channel count constraints cannot be applied without reference to Context. Build the track selector instance with one of the non-deprecated constructors that take a Context argument.
02-10 11:36:01.783 29893  8299 W MediaCodecSelectorHelper: Unexpected mime type audio/mp4a-latm
02-10 11:36:01.784 29893  8299 W MediaCodecSelectorHelper: Unexpected mime type audio/mp4a-latm
02-10 11:36:01.784 29893  8299 W MediaCodecSelectorHelper: Unexpected mime type audio/mp4a-latm
02-10 11:36:01.784 29893  8299 W MediaCodecSelectorHelper: Unexpected mime type audio/mp4a-latm
02-10 11:36:01.784 29893  8299 W MediaCodecSelectorHelper: Unexpected mime type audio/mp4a-latm
02-10 11:36:01.785 29893  8299 W MediaCodecSelectorHelper: Unexpected mime type audio/mp4a-latm
02-10 11:36:01.789 29893 29893 I ScrollIdentify: on fling
02-10 11:36:01.795 29893  8299 E ExoDav1dDecoder_JNI: Dav1dDecoder::dav1dInit -- setup signal action
02-10 11:36:01.798 29893  8299 W MediaCodecSelectorHelper: Unexpected mime type audio/mp4a-latm
02-10 11:36:01.799 29893 29893 E VideoPlayerImpl: IgBaseVideoPlayer Warning: AV1_INSTANTIATION AV1_INSTANTIATION AV1 decoding using Dav1d;meta.dav1d.av1.decoder
02-10 11:36:01.799 29893  8299 I VideoRenderQualityTracker: mConfiguration.enabled:0
02-10 11:36:01.802 29893  8299 I CCodecBufferChannel: Constructor 0xb400007920aabd60
02-10 11:36:01.802 29893  8299 I CCodecBufferChannel: mIsVivoLogEnable = 0
02-10 11:36:01.805 29893  8307 I CCodec  : setting up 'default' as default (vendor) store
02-10 11:36:01.810 29893  8307 I CCodec  : Created component [c2.android.aac.decoder]
02-10 11:36:01.824 29893  8307 I CCodecConfig: query failed after returning 21 values (BAD_INDEX)
02-10 11:36:01.831 29893  8307 W libc    : Access denied finding property "vendor.vivo.debug.PqSetting.enable"
02-10 11:36:01.834 29893  8307 W Codec2Client: query -- param skipped: index = 1107298332.
02-10 11:36:01.835 29893  8307 I CCodecConfig: query failed after returning 21 values (BAD_INDEX)
02-10 11:36:01.837 29893  8307 W Codec2Client: query -- param skipped: index = 1342179345.
02-10 11:36:01.837 29893  8307 W Codec2Client: query -- param skipped: index = 2415921170.
02-10 11:36:01.844 29893  8307 W Codec2Client: query -- param skipped: index = 1610614798.
02-10 11:36:01.846 29893  8307 I CCodecBufferChannel: mIsVivoLogEnable = 0
02-10 11:36:01.856 29893  8307 I CCodecBufferChannel: [c2.android.aac.decoder#242] Created output block pool with allocatorID 16 => poolID 53330 - OK
02-10 11:36:01.857 29893  8307 I CCodecBufferChannel: [0xb400007920aabd60][c2.android.aac.decoder#242],using arrayMode ouputBuffers for linear outputstream.
02-10 11:36:01.897 29893  8307 I MediaCodec: [c2.android.aac.decoder] output format changed to: AMessage(what = 0x00000000) = {
02-10 11:36:01.897 29893  8307 I MediaCodec:       int32_t aac-drc-album-mode = 0
02-10 11:36:01.897 29893  8307 I MediaCodec:       int32_t aac-drc-boost-level = 127
02-10 11:36:01.897 29893  8307 I MediaCodec:       int32_t aac-drc-cut-level = 127
02-10 11:36:01.897 29893  8307 I MediaCodec:       int32_t aac-drc-effect-type = 3
02-10 11:36:01.897 29893  8307 I MediaCodec:       int32_t aac-drc-output-loudness = 56
02-10 11:36:01.897 29893  8307 I MediaCodec:       int32_t aac-encoded-target-level = -1
02-10 11:36:01.897 29893  8307 I MediaCodec:       int32_t aac-max-output-channel_count = 8
02-10 11:36:01.897 29893  8307 I MediaCodec:       int32_t aac-target-ref-level = 56
02-10 11:36:01.897 29893  8307 I MediaCodec:       int32_t bitrate = 64000
02-10 11:36:01.897 29893  8307 I MediaCodec:       int32_t buffer-batch-max-output-size = 0
02-10 11:36:01.897 29893  8307 I MediaCodec:       int32_t buffer-batch-threshold-output-size = 0
02-10 11:36:01.897 29893  8307 I MediaCodec:       int32_t channel-count = 2
02-10 11:36:01.897 29893  8307 I MediaCodec:       int32_t channel-mask = 12
02-10 11:36:01.897 29893  8307 I MediaCodec:       int32_t max-output-channel-count = 8
02-10 11:36:01.897 29893  8307 I MediaCodec:       string mime = "audio/raw"
02-10 11:36:01.897 29893  8307 I MediaCodec:       int32_t sample-rate = 44100
02-10 11:36:01.897 29893  8307 I MediaCodec:       int32_t android._config-pcm-encoding = 2
02-10 11:36:01.897 29893  8307 I MediaCodec:     }
02-10 11:36:02.020 29893  8284 I CCodecConfig: query failed after returning 21 values (BAD_INDEX)
02-10 11:36:02.021 29893  8284 W Codec2Client: query -- param skipped: index = 1342179345.
02-10 11:36:02.021 29893  8284 W Codec2Client: query -- param skipped: index = 2415921170.
02-10 11:36:02.021 29893  8284 W Codec2Client: query -- param skipped: index = 1610614798.
02-10 11:36:02.023 29893  8284 I MediaCodec: ++kWhatRelease   mState :6
02-10 11:36:02.027 29893  8284 I MediaCodec: ++kWhatRelease   mState :2
02-10 11:36:02.038 29893  8313 I hw-BpHwBinder: onLastStrongRef automatically unlinking death recipients
02-10 11:36:02.038 29893  8277 W MessageQueue: Handler (android.os.Handler) {31076e6} sending message to a Handler on a dead thread
02-10 11:36:02.038 29893  8277 W MessageQueue: java.lang.IllegalStateException: Handler (android.os.Handler) {31076e6} sending message to a Handler on a dead thread
02-10 11:36:02.038 29893  8277 W MessageQueue: 	at android.os.MessageQueue.enqueueMessage(MessageQueue.java:612)
02-10 11:36:02.038 29893  8277 W MessageQueue: 	at android.os.Handler.enqueueMessage(Handler.java:842)
02-10 11:36:02.038 29893  8277 W MessageQueue: 	at android.os.Handler.sendMessageAtTime(Handler.java:738)
02-10 11:36:02.038 29893  8277 W MessageQueue: 	at android.os.Handler.sendMessageDelayed(Handler.java:708)
02-10 11:36:02.038 29893  8277 W MessageQueue: 	at android.os.Handler.sendMessage(Handler.java:646)
02-10 11:36:02.038 29893  8277 W MessageQueue: 	at android.os.Message.sendToTarget(Message.java:476)
02-10 11:36:02.038 29893  8277 W MessageQueue: 	at X.9bu.A01(Unknown Source:4)
02-10 11:36:02.038 29893  8277 W MessageQueue: 	at X.9bf.G2z(Unknown Source:9)
02-10 11:36:02.038 29893  8277 W MessageQueue: 	at X.8uR.G2z(Unknown Source:11)
02-10 11:36:02.038 29893  8277 W MessageQueue: 	at X.8oZ.A08(Unknown Source:128)
02-10 11:36:02.038 29893  8277 W MessageQueue: 	at X.8oZ.handleMessage(Unknown Source:1468)
02-10 11:36:02.038 29893  8277 W MessageQueue: 	at android.os.Handler.dispatchMessage(Handler.java:105)
02-10 11:36:02.038 29893  8277 W MessageQueue: 	at android.os.Looper.loopOnce(Looper.java:250)
02-10 11:36:02.038 29893  8277 W MessageQueue: 	at android.os.Looper.loop(Looper.java:340)
02-10 11:36:02.038 29893  8277 W MessageQueue: 	at android.os.HandlerThread.run(HandlerThread.java:107)
02-10 11:36:02.039 29893  8277 W MessageQueue: Handler (android.os.Handler) {6af36d4} sending message to a Handler on a dead thread
02-10 11:36:02.039 29893  8277 W MessageQueue: java.lang.IllegalStateException: Handler (android.os.Handler) {6af36d4} sending message to a Handler on a dead thread
02-10 11:36:02.039 29893  8277 W MessageQueue: 	at android.os.MessageQueue.enqueueMessage(MessageQueue.java:612)
02-10 11:36:02.039 29893  8277 W MessageQueue: 	at android.os.Handler.enqueueMessage(Handler.java:842)
02-10 11:36:02.039 29893  8277 W MessageQueue: 	at android.os.Handler.sendMessageAtFrontOfQueue(Handler.java:761)
02-10 11:36:02.039 29893  8277 W MessageQueue: 	at X.8fF.Fl6(Unknown Source:8)
02-10 11:36:02.039 29893  8277 W MessageQueue: 	at X.8fE.A01(Unknown Source:29)
02-10 11:36:02.039 29893  8277 W MessageQueue: 	at X.8uR.G2z(Unknown Source:29)
02-10 11:36:02.039 29893  8277 W MessageQueue: 	at X.8oZ.A08(Unknown Source:128)
02-10 11:36:02.039 29893  8277 W MessageQueue: 	at X.8oZ.handleMessage(Unknown Source:1468)
02-10 11:36:02.039 29893  8277 W MessageQueue: 	at android.os.Handler.dispatchMessage(Handler.java:105)
02-10 11:36:02.039 29893  8277 W MessageQueue: 	at android.os.Looper.loopOnce(Looper.java:250)
02-10 11:36:02.039 29893  8277 W MessageQueue: 	at android.os.Looper.loop(Looper.java:340)
02-10 11:36:02.039 29893  8277 W MessageQueue: 	at android.os.HandlerThread.run(HandlerThread.java:107)
02-10 11:36:02.040 29893  8284 I CCodecBufferChannel: Destructor 0xb4000079204c5700
02-10 11:36:02.817 29893 29897 I stagram.android: Background concurrent copying GC freed 13MB AllocSpace bytes, 63(12MB) LOS objects, 11% free, 187MB/211MB, paused 769us,86us total 826.384ms
02-10 11:36:02.827 29893 29899 E stagram.android: [SurfaceTexture-0-29893-512] setSurfaceTextureListener: listener is nullptr
02-10 11:36:02.828 29893 29899 E stagram.android: [SurfaceTexture-0-29893-511] setSurfaceTextureListener: listener is nullptr
02-10 11:36:04.232 29893  6780 E IdleQueuePayloadBasedServiceLayer: Request empty, but still some servings left: 109756
02-10 11:36:04.274 29893  6780 E IdleQueuePayloadBasedServiceLayer: Request empty, but still some servings left: -109756
