02-10 11:33:22.626 29893 29893 E stagram.android: Invalid resource ID 0x00000008.
02-10 11:33:22.626 29893 29893 E stagram.android: Invalid resource ID 0x00000008.
02-10 11:33:22.629 29893 29893 E stagram.android: Invalid resource ID 0x00000008.
02-10 11:33:22.630 29893 29893 E stagram.android: Invalid resource ID 0x00000008.
02-10 11:33:22.633 29893 29893 E stagram.android: Invalid resource ID 0x00000008.
02-10 11:33:22.633 29893 29893 E stagram.android: Invalid resource ID 0x00000008.
02-10 11:33:22.637 29893 29893 E stagram.android: Invalid resource ID 0x00000008.
02-10 11:33:22.717 29893 29893 W C4F     : Pos=433 holder=X.2Ti@71d56aa
02-10 11:33:22.721 29893  7937 W DefaultTrackSelector: Audio channel count constraints cannot be applied without reference to Context. Build the track selector instance with one of the non-deprecated constructors that take a Context argument.
02-10 11:33:22.723 29893  7938 W MediaCodecSelectorHelper: Unexpected mime type audio/mp4a-latm
02-10 11:33:22.723 29893  7938 W MediaCodecSelectorHelper: Unexpected mime type audio/mp4a-latm
02-10 11:33:22.724 29893  7938 W MediaCodecSelectorHelper: Unexpected mime type audio/mp4a-latm
02-10 11:33:22.724 29893  7938 W MediaCodecSelectorHelper: Unexpected mime type audio/mp4a-latm
02-10 11:33:22.724 29893  7938 W MediaCodecSelectorHelper: Unexpected mime type audio/mp4a-latm
02-10 11:33:22.724 29893  7938 W MediaCodecSelectorHelper: Unexpected mime type audio/mp4a-latm
02-10 11:33:22.733 29893 29893 E VideoPlayerImpl: IgBaseVideoPlayer Warning: AV1_INSTANTIATION AV1_INSTANTIATION AV1 decoding using Dav1d;meta.dav1d.av1.decoder
02-10 11:33:22.745 29893  7938 E ExoDav1dDecoder_JNI: Dav1dDecoder::dav1dInit -- setup signal action
02-10 11:33:22.748 29893  7938 W MediaCodecSelectorHelper: Unexpected mime type audio/mp4a-latm
02-10 11:33:22.750 29893  7938 I VideoRenderQualityTracker: mConfiguration.enabled:0
02-10 11:33:22.751 29893 29893 I ScrollIdentify: on fling
02-10 11:33:22.754 29893  7938 I CCodecBufferChannel: Constructor 0xb4000079200f6280
02-10 11:33:22.754 29893  7938 I CCodecBufferChannel: mIsVivoLogEnable = 0
02-10 11:33:22.761 29893  7944 I CCodec  : setting up 'default' as default (vendor) store
02-10 11:33:22.767 29893  7944 I CCodec  : Created component [c2.android.aac.decoder]
02-10 11:33:22.775 29893  7944 I CCodecConfig: query failed after returning 21 values (BAD_INDEX)
02-10 11:33:22.781 29893  7944 W libc    : Access denied finding property "vendor.vivo.debug.PqSetting.enable"
02-10 11:33:22.782 29893  7944 W Codec2Client: query -- param skipped: index = 1107298332.
02-10 11:33:22.783 29893  7944 I CCodecConfig: query failed after returning 21 values (BAD_INDEX)
02-10 11:33:22.784 29893  7944 W Codec2Client: query -- param skipped: index = 1342179345.
02-10 11:33:22.784 29893  7944 W Codec2Client: query -- param skipped: index = 2415921170.
02-10 11:33:22.784 29893  7944 W Codec2Client: query -- param skipped: index = 1610614798.
02-10 11:33:22.784 29893  7944 I CCodecBufferChannel: mIsVivoLogEnable = 0
02-10 11:33:22.788 29893  7944 I CCodecBufferChannel: [c2.android.aac.decoder#855] Created output block pool with allocatorID 16 => poolID 53316 - OK
02-10 11:33:22.791 29893  7944 I CCodecBufferChannel: [0xb4000079200f6280][c2.android.aac.decoder#855],using arrayMode ouputBuffers for linear outputstream.
02-10 11:33:22.862 29893  7944 I MediaCodec: [c2.android.aac.decoder] output format changed to: AMessage(what = 0x00000000) = {
02-10 11:33:22.862 29893  7944 I MediaCodec:       int32_t aac-drc-album-mode = 0
02-10 11:33:22.862 29893  7944 I MediaCodec:       int32_t aac-drc-boost-level = 127
02-10 11:33:22.862 29893  7944 I MediaCodec:       int32_t aac-drc-cut-level = 127
02-10 11:33:22.862 29893  7944 I MediaCodec:       int32_t aac-drc-effect-type = 3
02-10 11:33:22.862 29893  7944 I MediaCodec:       int32_t aac-drc-output-loudness = 56
02-10 11:33:22.862 29893  7944 I MediaCodec:       int32_t aac-encoded-target-level = -1
02-10 11:33:22.862 29893  7944 I MediaCodec:       int32_t aac-max-output-channel_count = 8
02-10 11:33:22.862 29893  7944 I MediaCodec:       int32_t aac-target-ref-level = 56
02-10 11:33:22.862 29893  7944 I MediaCodec:       int32_t bitrate = 64000
02-10 11:33:22.862 29893  7944 I MediaCodec:       int32_t buffer-batch-max-output-size = 0
02-10 11:33:22.862 29893  7944 I MediaCodec:       int32_t buffer-batch-threshold-output-size = 0
02-10 11:33:22.862 29893  7944 I MediaCodec:       int32_t channel-count = 2
02-10 11:33:22.862 29893  7944 I MediaCodec:       int32_t channel-mask = 12
02-10 11:33:22.862 29893  7944 I MediaCodec:       int32_t max-output-channel-count = 8
02-10 11:33:22.862 29893  7944 I MediaCodec:       string mime = "audio/raw"
02-10 11:33:22.862 29893  7944 I MediaCodec:       int32_t sample-rate = 44100
02-10 11:33:22.862 29893  7944 I MediaCodec:       int32_t android._config-pcm-encoding = 2
02-10 11:33:22.862 29893  7944 I MediaCodec:     }
02-10 11:33:22.948 29893  7797 I CCodecConfig: query failed after returning 21 values (BAD_INDEX)
02-10 11:33:22.948 29893  7797 W Codec2Client: query -- param skipped: index = 1342179345.
02-10 11:33:22.949 29893  7797 W Codec2Client: query -- param skipped: index = 2415921170.
02-10 11:33:22.949 29893  7797 W Codec2Client: query -- param skipped: index = 1610614798.
02-10 11:33:22.951 29893  7797 I MediaCodec: ++kWhatRelease   mState :6
02-10 11:33:22.953 29893  7797 I MediaCodec: ++kWhatRelease   mState :2
02-10 11:33:22.955 29893  7788 W MessageQueue: Handler (android.os.Handler) {6b63f5e} sending message to a Handler on a dead thread
02-10 11:33:22.955 29893  7788 W MessageQueue: java.lang.IllegalStateException: Handler (android.os.Handler) {6b63f5e} sending message to a Handler on a dead thread
02-10 11:33:22.955 29893  7788 W MessageQueue: 	at android.os.MessageQueue.enqueueMessage(MessageQueue.java:612)
02-10 11:33:22.955 29893  7788 W MessageQueue: 	at android.os.Handler.enqueueMessage(Handler.java:842)
02-10 11:33:22.955 29893  7788 W MessageQueue: 	at android.os.Handler.sendMessageAtTime(Handler.java:738)
02-10 11:33:22.955 29893  7788 W MessageQueue: 	at android.os.Handler.sendMessageDelayed(Handler.java:708)
02-10 11:33:22.955 29893  7788 W MessageQueue: 	at android.os.Handler.sendMessage(Handler.java:646)
02-10 11:33:22.955 29893  7788 W MessageQueue: 	at android.os.Message.sendToTarget(Message.java:476)
02-10 11:33:22.955 29893  7788 W MessageQueue: 	at X.9bu.A01(Unknown Source:4)
02-10 11:33:22.955 29893  7788 W MessageQueue: 	at X.9bf.G2z(Unknown Source:9)
02-10 11:33:22.955 29893  7788 W MessageQueue: 	at X.8uR.G2z(Unknown Source:11)
02-10 11:33:22.955 29893  7788 W MessageQueue: 	at X.8oZ.A08(Unknown Source:128)
02-10 11:33:22.955 29893  7788 W MessageQueue: 	at X.8oZ.handleMessage(Unknown Source:1468)
02-10 11:33:22.955 29893  7788 W MessageQueue: 	at android.os.Handler.dispatchMessage(Handler.java:105)
02-10 11:33:22.955 29893  7788 W MessageQueue: 	at android.os.Looper.loopOnce(Looper.java:250)
02-10 11:33:22.955 29893  7788 W MessageQueue: 	at android.os.Looper.loop(Looper.java:340)
02-10 11:33:22.955 29893  7788 W MessageQueue: 	at android.os.HandlerThread.run(HandlerThread.java:107)
02-10 11:33:22.955 29893  7788 W MessageQueue: Handler (android.os.Handler) {c36a00c} sending message to a Handler on a dead thread
02-10 11:33:22.955 29893  7788 W MessageQueue: java.lang.IllegalStateException: Handler (android.os.Handler) {c36a00c} sending message to a Handler on a dead thread
02-10 11:33:22.955 29893  7788 W MessageQueue: 	at android.os.MessageQueue.enqueueMessage(MessageQueue.java:612)
02-10 11:33:22.955 29893  7788 W MessageQueue: 	at android.os.Handler.enqueueMessage(Handler.java:842)
02-10 11:33:22.955 29893  7788 W MessageQueue: 	at android.os.Handler.sendMessageAtFrontOfQueue(Handler.java:761)
02-10 11:33:22.955 29893  7788 W MessageQueue: 	at X.8fF.Fl6(Unknown Source:8)
02-10 11:33:22.955 29893  7788 W MessageQueue: 	at X.8fE.A01(Unknown Source:29)
02-10 11:33:22.955 29893  7788 W MessageQueue: 	at X.8uR.G2z(Unknown Source:29)
02-10 11:33:22.955 29893  7788 W MessageQueue: 	at X.8oZ.A08(Unknown Source:128)
02-10 11:33:22.955 29893  7788 W MessageQueue: 	at X.8oZ.handleMessage(Unknown Source:1468)
02-10 11:33:22.955 29893  7788 W MessageQueue: 	at android.os.Handler.dispatchMessage(Handler.java:105)
02-10 11:33:22.955 29893  7788 W MessageQueue: 	at android.os.Looper.loopOnce(Looper.java:250)
02-10 11:33:22.955 29893  7788 W MessageQueue: 	at android.os.Looper.loop(Looper.java:340)
02-10 11:33:22.955 29893  7788 W MessageQueue: 	at android.os.HandlerThread.run(HandlerThread.java:107)
02-10 11:33:22.956 29893  7797 I hw-BpHwBinder: onLastStrongRef automatically unlinking death recipients
02-10 11:33:22.963 29893  7797 I CCodecBufferChannel: Destructor 0xb400007920b539d0
02-10 11:33:24.399  7411  7436 I artd    : GetBestInfo: odex in dalvik-cache (/data/dalvik-cache/arm64/system@app@CleanSpeed@CleanSpeed.apk@classes.dex) is kOatUpToDate with filter 'verify' executable 'false'
02-10 11:33:24.413  7956  7956 I dget.cleanspeed: Using CollectorTypeCC GC.
02-10 11:33:24.444  7956  7956 E dget.cleanspeed: BBinder_init Processname  <pre-initialized>  
02-10 11:33:24.444  7956  7956 E dget.cleanspeed: BBinder_init hasGetProcessName  <pre-initialized>
02-10 11:33:24.568  7956  7956 I PowerHalWrapper: PowerHalWrapper.getInstance 
02-10 11:33:24.570  7956  7956 I M-ProMotion: M-ProMotion is disabled
02-10 11:33:25.148 29893  6780 E IdleQueuePayloadBasedServiceLayer: Request empty, but still some servings left: 387061
02-10 11:33:25.310 29893  6780 E IdleQueuePayloadBasedServiceLayer: Request empty, but still some servings left: -387061
02-10 11:33:25.320 29893 29897 I stagram.android: Background young concurrent copying GC freed 16MB AllocSpace bytes, 19(1012KB) LOS objects, 7% free, 199MB/216MB, paused 305us,166us total 177.399ms
02-10 11:33:27.754 29893 29771 E IdleQueuePayloadBasedServiceLayer: Request empty, but still some servings left: 331149
02-10 11:33:28.115 29893 29771 E IdleQueuePayloadBasedServiceLayer: Request empty, but still some servings left: -331149
02-10 11:33:31.915 29893  6780 E IdleQueuePayloadBasedServiceLayer: Request empty, but still some servings left: 457535
02-10 11:33:32.053 29893  6780 E IdleQueuePayloadBasedServiceLayer: Request empty, but still some servings left: -457535
02-10 11:33:36.856 29893 29771 E IdleQueuePayloadBasedServiceLayer: Request empty, but still some servings left: 239438
02-10 11:33:37.158 29893 29771 E IdleQueuePayloadBasedServiceLayer: Request empty, but still some servings left: -239438
02-10 11:33:41.746 29893  6780 E IdleQueuePayloadBasedServiceLayer: Request empty, but still some servings left: 219198
02-10 11:33:41.864 29893  6780 E IdleQueuePayloadBasedServiceLayer: Request empty, but still some servings left: -219198
02-10 11:33:46.040 29893  7938 W MediaCodecSelectorHelper: Unexpected mime type audio/mp4a-latm
02-10 11:33:46.040 29893  7938 W MediaCodecSelectorHelper: Unexpected mime type audio/mp4a-latm
02-10 11:33:46.041 29893  7938 W MediaCodecSelectorHelper: Unexpected mime type audio/mp4a-latm
02-10 11:33:46.041 29893  7938 W MediaCodecSelectorHelper: Unexpected mime type audio/mp4a-latm
02-10 11:33:46.041 29893  7938 W MediaCodecSelectorHelper: Unexpected mime type audio/mp4a-latm
02-10 11:33:46.041 29893  7938 W MediaCodecSelectorHelper: Unexpected mime type audio/mp4a-latm
02-10 11:33:52.169 29893 29893 W C4F     : Pos=434 holder=X.2Ti@f2faa67
02-10 11:33:52.181 29893  8030 W DefaultTrackSelector: Audio channel count constraints cannot be applied without reference to Context. Build the track selector instance with one of the non-deprecated constructors that take a Context argument.
02-10 11:33:52.183 29893  8031 W MediaCodecSelectorHelper: Unexpected mime type audio/mp4a-latm
02-10 11:33:52.184 29893  8031 W MediaCodecSelectorHelper: Unexpected mime type audio/mp4a-latm
02-10 11:33:52.184 29893  8031 W MediaCodecSelectorHelper: Unexpected mime type audio/mp4a-latm
02-10 11:33:52.184 29893  8031 W MediaCodecSelectorHelper: Unexpected mime type audio/mp4a-latm
02-10 11:33:52.184 29893  8031 W MediaCodecSelectorHelper: Unexpected mime type audio/mp4a-latm
02-10 11:33:52.184 29893  8031 W MediaCodecSelectorHelper: Unexpected mime type audio/mp4a-latm
02-10 11:33:52.189 29893 29893 E VideoPlayerImpl: IgBaseVideoPlayer Warning: AV1_INSTANTIATION AV1_INSTANTIATION AV1 decoding using Dav1d;meta.dav1d.av1.decoder
02-10 11:33:52.194 29893  8031 E ExoDav1dDecoder_JNI: Dav1dDecoder::dav1dInit -- setup signal action
02-10 11:33:52.200 29893  8031 W MediaCodecSelectorHelper: Unexpected mime type audio/mp4a-latm
02-10 11:33:52.201 29893  8031 I VideoRenderQualityTracker: mConfiguration.enabled:0
02-10 11:33:52.205 29893  8031 I CCodecBufferChannel: Constructor 0xb400007920c09790
02-10 11:33:52.205 29893  8031 I CCodecBufferChannel: mIsVivoLogEnable = 0
02-10 11:33:52.208 29893  8037 I CCodec  : setting up 'default' as default (vendor) store
02-10 11:33:52.213 29893  8037 I CCodec  : Created component [c2.android.aac.decoder]
02-10 11:33:52.228 29893  8037 I CCodecConfig: query failed after returning 21 values (BAD_INDEX)
02-10 11:33:52.232 29893  8037 W libc    : Access denied finding property "vendor.vivo.debug.PqSetting.enable"
02-10 11:33:52.236 29893  8037 W Codec2Client: query -- param skipped: index = 1107298332.
02-10 11:33:52.237 29893  8037 I CCodecConfig: query failed after returning 21 values (BAD_INDEX)
02-10 11:33:52.239 29893  8037 W Codec2Client: query -- param skipped: index = 1342179345.
02-10 11:33:52.239 29893  8037 W Codec2Client: query -- param skipped: index = 2415921170.
02-10 11:33:52.239 29893  8037 W Codec2Client: query -- param skipped: index = 1610614798.
02-10 11:33:52.240 29893  8037 I CCodecBufferChannel: mIsVivoLogEnable = 0
02-10 11:33:52.244 29893  8037 I CCodecBufferChannel: [c2.android.aac.decoder#185] Created output block pool with allocatorID 16 => poolID 53318 - OK
02-10 11:33:52.244 29893  8037 I CCodecBufferChannel: [0xb400007920c09790][c2.android.aac.decoder#185],using arrayMode ouputBuffers for linear outputstream.
02-10 11:33:52.264 29893  8037 I MediaCodec: [c2.android.aac.decoder] output format changed to: AMessage(what = 0x00000000) = {
02-10 11:33:52.264 29893  8037 I MediaCodec:       int32_t aac-drc-album-mode = 0
02-10 11:33:52.264 29893  8037 I MediaCodec:       int32_t aac-drc-boost-level = 127
02-10 11:33:52.264 29893  8037 I MediaCodec:       int32_t aac-drc-cut-level = 127
02-10 11:33:52.264 29893  8037 I MediaCodec:       int32_t aac-drc-effect-type = 3
02-10 11:33:52.264 29893  8037 I MediaCodec:       int32_t aac-drc-output-loudness = 56
02-10 11:33:52.264 29893  8037 I MediaCodec:       int32_t aac-encoded-target-level = -1
02-10 11:33:52.264 29893  8037 I MediaCodec:       int32_t aac-max-output-channel_count = 8
02-10 11:33:52.264 29893  8037 I MediaCodec:       int32_t aac-target-ref-level = 56
02-10 11:33:52.264 29893  8037 I MediaCodec:       int32_t bitrate = 64000
02-10 11:33:52.264 29893  8037 I MediaCodec:       int32_t buffer-batch-max-output-size = 0
02-10 11:33:52.264 29893  8037 I MediaCodec:       int32_t buffer-batch-threshold-output-size = 0
02-10 11:33:52.264 29893  8037 I MediaCodec:       int32_t channel-count = 2
02-10 11:33:52.264 29893  8037 I MediaCodec:       int32_t channel-mask = 12
02-10 11:33:52.264 29893  8037 I MediaCodec:       int32_t max-output-channel-count = 8
02-10 11:33:52.264 29893  8037 I MediaCodec:       string mime = "audio/raw"
02-10 11:33:52.264 29893  8037 I MediaCodec:       int32_t sample-rate = 44100
02-10 11:33:52.264 29893  8037 I MediaCodec:       int32_t android._config-pcm-encoding = 2
02-10 11:33:52.264 29893  8037 I MediaCodec:     }
02-10 11:33:52.566 29893  7944 I CCodecConfig: query failed after returning 21 values (BAD_INDEX)
02-10 11:33:52.568 29893  7944 W Codec2Client: query -- param skipped: index = 1342179345.
02-10 11:33:52.568 29893  7944 W Codec2Client: query -- param skipped: index = 2415921170.
02-10 11:33:52.568 29893  7944 W Codec2Client: query -- param skipped: index = 1610614798.
02-10 11:33:52.570 29893  7944 I MediaCodec: ++kWhatRelease   mState :6
02-10 11:33:52.584 29893  7944 I MediaCodec: ++kWhatRelease   mState :2
02-10 11:33:52.587 29893  7937 W MessageQueue: Handler (android.os.Handler) {e7a163d} sending message to a Handler on a dead thread
02-10 11:33:52.587 29893  7937 W MessageQueue: java.lang.IllegalStateException: Handler (android.os.Handler) {e7a163d} sending message to a Handler on a dead thread
02-10 11:33:52.587 29893  7937 W MessageQueue: 	at android.os.MessageQueue.enqueueMessage(MessageQueue.java:612)
02-10 11:33:52.587 29893  7937 W MessageQueue: 	at android.os.Handler.enqueueMessage(Handler.java:842)
02-10 11:33:52.587 29893  7937 W MessageQueue: 	at android.os.Handler.sendMessageAtTime(Handler.java:738)
02-10 11:33:52.587 29893  7937 W MessageQueue: 	at android.os.Handler.sendMessageDelayed(Handler.java:708)
02-10 11:33:52.587 29893  7937 W MessageQueue: 	at android.os.Handler.sendMessage(Handler.java:646)
02-10 11:33:52.587 29893  7937 W MessageQueue: 	at android.os.Message.sendToTarget(Message.java:476)
02-10 11:33:52.587 29893  7937 W MessageQueue: 	at X.9bu.A01(Unknown Source:4)
02-10 11:33:52.587 29893  7937 W MessageQueue: 	at X.9bf.G2z(Unknown Source:9)
02-10 11:33:52.587 29893  7937 W MessageQueue: 	at X.8uR.G2z(Unknown Source:11)
02-10 11:33:52.587 29893  7937 W MessageQueue: 	at X.8oZ.A08(Unknown Source:128)
02-10 11:33:52.587 29893  7937 W MessageQueue: 	at X.8oZ.handleMessage(Unknown Source:1468)
02-10 11:33:52.587 29893  7937 W MessageQueue: 	at android.os.Handler.dispatchMessage(Handler.java:105)
02-10 11:33:52.587 29893  7937 W MessageQueue: 	at android.os.Looper.loopOnce(Looper.java:250)
02-10 11:33:52.587 29893  7937 W MessageQueue: 	at android.os.Looper.loop(Looper.java:340)
02-10 11:33:52.587 29893  7937 W MessageQueue: 	at android.os.HandlerThread.run(HandlerThread.java:107)
02-10 11:33:52.587 29893  7937 W MessageQueue: Handler (android.os.Handler) {1e9e783} sending message to a Handler on a dead thread
02-10 11:33:52.587 29893  7937 W MessageQueue: java.lang.IllegalStateException: Handler (android.os.Handler) {1e9e783} sending message to a Handler on a dead thread
02-10 11:33:52.587 29893  7937 W MessageQueue: 	at android.os.MessageQueue.enqueueMessage(MessageQueue.java:612)
02-10 11:33:52.587 29893  7937 W MessageQueue: 	at android.os.Handler.enqueueMessage(Handler.java:842)
02-10 11:33:52.587 29893  7937 W MessageQueue: 	at android.os.Handler.sendMessageAtFrontOfQueue(Handler.java:761)
02-10 11:33:52.587 29893  7937 W MessageQueue: 	at X.8fF.Fl6(Unknown Source:8)
02-10 11:33:52.587 29893  7937 W MessageQueue: 	at X.8fE.A01(Unknown Source:29)
02-10 11:33:52.587 29893  7937 W MessageQueue: 	at X.8uR.G2z(Unknown Source:29)
02-10 11:33:52.587 29893  7937 W MessageQueue: 	at X.8oZ.A08(Unknown Source:128)
02-10 11:33:52.587 29893  7937 W MessageQueue: 	at X.8oZ.handleMessage(Unknown Source:1468)
02-10 11:33:52.587 29893  7937 W MessageQueue: 	at android.os.Handler.dispatchMessage(Handler.java:105)
02-10 11:33:52.587 29893  7937 W MessageQueue: 	at android.os.Looper.loopOnce(Looper.java:250)
02-10 11:33:52.587 29893  7937 W MessageQueue: 	at android.os.Looper.loop(Looper.java:340)
02-10 11:33:52.587 29893  7937 W MessageQueue: 	at android.os.HandlerThread.run(HandlerThread.java:107)
02-10 11:33:52.592 29893  7944 I hw-BpHwBinder: onLastStrongRef automatically unlinking death recipients
02-10 11:33:52.596 29893  7944 I CCodecBufferChannel: Destructor 0xb4000079200f6280
02-10 11:33:52.789 29893 29897 I stagram.android: Background young concurrent copying GC freed 10MB AllocSpace bytes, 30(1624KB) LOS objects, 4% free, 206MB/216MB, paused 1.374ms,189us total 176.562ms
02-10 11:33:53.415 29893 29897 I stagram.android: Background concurrent copying GC freed 6728KB AllocSpace bytes, 67(14MB) LOS objects, 11% free, 186MB/210MB, paused 163us,92us total 622.628ms
02-10 11:33:53.420 29893 29899 E stagram.android: [SurfaceTexture-0-29893-505] setSurfaceTextureListener: listener is nullptr
02-10 11:33:53.421 29893 29899 E stagram.android: [SurfaceTexture-0-29893-504] setSurfaceTextureListener: listener is nullptr
02-10 11:33:53.421 29893 29899 E stagram.android: [SurfaceTexture-0-29893-503] setSurfaceTextureListener: listener is nullptr
02-10 11:33:54.753 29893 29771 E IdleQueuePayloadBasedServiceLayer: Request empty, but still some servings left: 202264
02-10 11:33:54.806 29893 29771 E IdleQueuePayloadBasedServiceLayer: Request empty, but still some servings left: -202264
02-10 11:33:57.196 29893 29893 E stagram.android: Invalid resource ID 0x00000008.
02-10 11:33:57.199 29893 29893 E stagram.android: Invalid resource ID 0x00000008.
02-10 11:33:57.199 29893 29893 E stagram.android: Invalid resource ID 0x00000008.
02-10 11:33:57.203 29893 29893 E stagram.android: Invalid resource ID 0x00000008.
02-10 11:33:57.203 29893 29893 E stagram.android: Invalid resource ID 0x00000008.
02-10 11:33:57.206 29893 29893 E stagram.android: Invalid resource ID 0x00000008.
02-10 11:33:57.206 29893 29893 E stagram.android: Invalid resource ID 0x00000008.
02-10 11:33:57.210 29893 29893 E stagram.android: Invalid resource ID 0x00000008.
02-10 11:33:57.266 29893 29893 I ImeTracker: com.instagram.android:3d87707d: onRequestHide at ORIGIN_CLIENT reason HIDE_SOFT_INPUT fromUser false
02-10 11:33:57.275 29893 29893 W WindowOnBackDispatcher: OnBackInvokedCallback is not enabled for the application.
02-10 11:33:57.275 29893 29893 W WindowOnBackDispatcher: Set 'android:enableOnBackInvokedCallback="true"' in the application manifest.
02-10 11:33:57.336 29893 29893 W soft_error.cpp: [pando::graphql::PandoGraphQLRequestHybrid::assertValid] : Using a PandoGraphQLRequest after it has been consumed. Query name is GetFullDataContentAppreciationQuery
02-10 11:33:57.358 29893 20346 E IdleQueuePayloadBasedServiceLayer: Request empty, but still some servings left: 119658
02-10 11:33:57.366 29893 29893 W ConstraintHelper: Could not find id of "comment_composer_post_button_stub"
02-10 11:33:57.367 29893 29893 W ConstraintHelper: Could not find id of "layout_comment_post_button_icon_stub"
02-10 11:33:57.385 29893 20346 E IdleQueuePayloadBasedServiceLayer: Request empty, but still some servings left: -119658
02-10 11:33:57.389 29893 29893 W ConstraintHelper: Could not find id of "comment_composer_post_button_stub"
02-10 11:33:57.390 29893 29893 W ConstraintHelper: Could not find id of "layout_comment_post_button_icon_stub"
02-10 11:33:57.399 29893 29893 W ConstraintHelper: Could not find id of "comment_composer_post_button_stub"
02-10 11:33:57.400 29893 29893 W ConstraintHelper: Could not find id of "layout_comment_post_button_icon_stub"
02-10 11:33:57.402 29893 29893 W ConstraintHelper: Could not find id of "comment_composer_post_button_stub"
02-10 11:33:57.403 29893 29893 W ConstraintHelper: Could not find id of "layout_comment_post_button_icon_stub"
02-10 11:33:57.458 29893 29893 W NonBlockingScreenshotDetectorImpl: Started new screenshot session
02-10 11:33:57.459 29893 29893 W NonBlockingScreenshotDetectorImpl: Setting active session
02-10 11:33:57.459 29893 29893 W NonBlockingScreenshotDetectorImpl: Now handling 4 active screenshot sessions
02-10 11:33:58.490 29893 29893 W FrscLanguagePack: FRSC English string not found for ID #0x7f130067
02-10 11:33:58.575 29893  6780 E IdleQueuePayloadBasedServiceLayer: Request empty, but still some servings left: 2471
02-10 11:33:58.582 29893 24607 E IdleQueuePayloadBasedServiceLayer: Request empty, but still some servings left: 38489
02-10 11:33:58.646 29893 20346 E IdleQueuePayloadBasedServiceLayer: Request empty, but still some servings left: -37034
02-10 11:33:58.651 29893 24607 E IdleQueuePayloadBasedServiceLayer: Request empty, but still some servings left: 37034
02-10 11:33:58.693 29893  6780 E IdleQueuePayloadBasedServiceLayer: Request empty, but still some servings left: -40960
02-10 11:33:58.700 29893 24607 E IdleQueuePayloadBasedServiceLayer: Request empty, but still some servings left: 40960
02-10 11:33:58.749 29893  6780 E IdleQueuePayloadBasedServiceLayer: Request empty, but still some servings left: -37214
02-10 11:33:58.755 29893 20346 E IdleQueuePayloadBasedServiceLayer: Request empty, but still some servings left: 37214
02-10 11:33:58.794 29893  6780 E IdleQueuePayloadBasedServiceLayer: Request empty, but still some servings left: -36397
02-10 11:33:58.800 29893 24607 E IdleQueuePayloadBasedServiceLayer: Request empty, but still some servings left: 36397
02-10 11:33:58.844 29893  6780 E IdleQueuePayloadBasedServiceLayer: Request empty, but still some servings left: -36959
02-10 11:33:58.851 29893 20346 E IdleQueuePayloadBasedServiceLayer: Request empty, but still some servings left: -4001
02-10 11:34:00.759 29893 29893 E stagram.android: No package ID ff found for resource ID 0xffffffff.
02-10 11:34:00.763 29893 29893 E stagram.android: No package ID ff found for resource ID 0xffffffff.
02-10 11:34:00.798 29893 29893 I ImeTracker: com.instagram.android:cca02d42: onRequestHide at ORIGIN_CLIENT reason HIDE_SOFT_INPUT fromUser true
02-10 11:34:00.864 29893 29893 I ScrollIdentify: on fling
02-10 11:34:01.034 29893 29893 I ImeTracker: com.instagram.android:6930f859: onRequestHide at ORIGIN_CLIENT reason HIDE_SOFT_INPUT fromUser false
02-10 11:34:01.271 29893 29893 W WindowOnBackDispatcher: sendCancelIfRunning: isInProgress=false callback=android.view.ViewRootImpl$$ExternalSyntheticLambda11@5a3ddd6
02-10 11:34:01.277 29893 29893 W NonBlockingScreenshotDetectorImpl: Resigning active session
02-10 11:34:01.277 29893 29893 W NonBlockingScreenshotDetectorImpl: Now handling 3 active screenshot sessions
02-10 11:34:01.306 29893 29893 W WindowOnBackDispatcher: sendCancelIfRunning: isInProgress=false callback=android.view.ViewRootImpl$$ExternalSyntheticLambda11@21725af
02-10 11:34:01.314 29893 29893 W WindowOnBackDispatcher: sendCancelIfRunning: isInProgress=false callback=android.view.ViewRootImpl$$ExternalSyntheticLambda11@7d6c9a8
02-10 11:34:01.501 29893 24607 E IdleQueuePayloadBasedServiceLayer: Request empty, but still some servings left: 176948
02-10 11:34:01.585 29893 29897 I stagram.android: Background young concurrent copying GC freed 20MB AllocSpace bytes, 18(916KB) LOS objects, 9% free, 190MB/210MB, paused 160us,381us total 183.149ms
02-10 11:34:01.592 29893 24607 E IdleQueuePayloadBasedServiceLayer: Request empty, but still some servings left: -176948
02-10 11:34:02.864 29893 29897 I stagram.android: Background young concurrent copying GC freed 3011KB AllocSpace bytes, 11(9368KB) LOS objects, 0% free, 215MB/215MB, paused 443us,152us total 135.504ms
02-10 11:34:03.475 29893 29897 I stagram.android: Background concurrent copying GC freed 4794KB AllocSpace bytes, 5(23MB) LOS objects, 11% free, 187MB/211MB, paused 129us,273us total 610.730ms
02-10 11:34:04.610 29893 29893 E stagram.android: Invalid resource ID 0x00000008.
02-10 11:34:04.614 29893 29893 E stagram.android: Invalid resource ID 0x00000008.
02-10 11:34:04.614 29893 29893 E stagram.android: Invalid resource ID 0x00000008.
02-10 11:34:04.617 29893 29893 E stagram.android: Invalid resource ID 0x00000008.
02-10 11:34:04.617 29893 29893 E stagram.android: Invalid resource ID 0x00000008.
02-10 11:34:04.620 29893 29893 E stagram.android: Invalid resource ID 0x00000008.
02-10 11:34:04.621 29893 29893 E stagram.android: Invalid resource ID 0x00000008.
02-10 11:34:04.624 29893 29893 E stagram.android: Invalid resource ID 0x00000008.
02-10 11:34:04.665 29893 29893 I ImeTracker: com.instagram.android:76754b16: onRequestHide at ORIGIN_CLIENT reason HIDE_SOFT_INPUT fromUser false
02-10 11:34:04.667 29893 29893 W WindowOnBackDispatcher: OnBackInvokedCallback is not enabled for the application.
02-10 11:34:04.667 29893 29893 W WindowOnBackDispatcher: Set 'android:enableOnBackInvokedCallback="true"' in the application manifest.
02-10 11:34:04.696 29893 29893 W ConstraintHelper: Could not find id of "comment_composer_post_button_stub"
02-10 11:34:04.697 29893 29893 W ConstraintHelper: Could not find id of "layout_comment_post_button_icon_stub"
02-10 11:34:04.710 29893 29893 W ConstraintHelper: Could not find id of "comment_composer_post_button_stub"
02-10 11:34:04.711 29893 29893 W ConstraintHelper: Could not find id of "layout_comment_post_button_icon_stub"
02-10 11:34:04.720 29893 29893 W ConstraintHelper: Could not find id of "comment_composer_post_button_stub"
02-10 11:34:04.721 29893 29893 W ConstraintHelper: Could not find id of "layout_comment_post_button_icon_stub"
02-10 11:34:04.723 29893 29893 W ConstraintHelper: Could not find id of "comment_composer_post_button_stub"
02-10 11:34:04.724 29893 29893 W ConstraintHelper: Could not find id of "layout_comment_post_button_icon_stub"
02-10 11:34:04.765 29893 29893 W NonBlockingScreenshotDetectorImpl: Started new screenshot session
02-10 11:34:04.765 29893 29893 W NonBlockingScreenshotDetectorImpl: Setting active session
02-10 11:34:04.765 29893 29893 W NonBlockingScreenshotDetectorImpl: Now handling 4 active screenshot sessions
02-10 11:34:05.489 26103  8061 W ratelimit: Single process limit 50/s drop 9 lines.
02-10 11:34:06.390 29893  6780 E IdleQueuePayloadBasedServiceLayer: Request empty, but still some servings left: 131497
02-10 11:34:06.415 29893  6780 E IdleQueuePayloadBasedServiceLayer: Request empty, but still some servings left: -131497
02-10 11:34:08.612 29893  8031 W MediaCodecSelectorHelper: Unexpected mime type audio/mp4a-latm
02-10 11:34:08.612 29893  8031 W MediaCodecSelectorHelper: Unexpected mime type audio/mp4a-latm
02-10 11:34:08.612 29893  8031 W MediaCodecSelectorHelper: Unexpected mime type audio/mp4a-latm
02-10 11:34:08.612 29893  8031 W MediaCodecSelectorHelper: Unexpected mime type audio/mp4a-latm
02-10 11:34:08.613 29893  8031 W MediaCodecSelectorHelper: Unexpected mime type audio/mp4a-latm
02-10 11:34:08.613 29893  8031 W MediaCodecSelectorHelper: Unexpected mime type audio/mp4a-latm
02-10 11:34:10.420 29893 29893 E stagram.android: No package ID ff found for resource ID 0xffffffff.
02-10 11:34:10.424 29893 29893 E stagram.android: No package ID ff found for resource ID 0xffffffff.
02-10 11:34:10.459 29893 29893 I ImeTracker: com.instagram.android:a4c7db54: onRequestHide at ORIGIN_CLIENT reason HIDE_SOFT_INPUT fromUser true
02-10 11:34:10.513 29893 29893 I ScrollIdentify: on fling
02-10 11:34:10.659 29893 29893 I ImeTracker: com.instagram.android:b3f1d509: onRequestHide at ORIGIN_CLIENT reason HIDE_SOFT_INPUT fromUser false
02-10 11:34:10.897 29893 29893 W WindowOnBackDispatcher: sendCancelIfRunning: isInProgress=false callback=android.view.ViewRootImpl$$ExternalSyntheticLambda11@f41a76c
02-10 11:34:10.909 29893 29893 W NonBlockingScreenshotDetectorImpl: Resigning active session
02-10 11:34:10.909 29893 29893 W NonBlockingScreenshotDetectorImpl: Now handling 3 active screenshot sessions
02-10 11:34:10.933 29893 29893 W WindowOnBackDispatcher: sendCancelIfRunning: isInProgress=false callback=android.view.ViewRootImpl$$ExternalSyntheticLambda11@249255f
02-10 11:34:10.938 29893 29893 W WindowOnBackDispatcher: sendCancelIfRunning: isInProgress=false callback=android.view.ViewRootImpl$$ExternalSyntheticLambda11@15a3698
02-10 11:34:13.594 29893 29893 E stagram.android: No package ID ff found for resource ID 0xffffffff.
02-10 11:34:13.597 29893 29893 E stagram.android: No package ID ff found for resource ID 0xffffffff.
02-10 11:34:13.598 29893 29893 E stagram.android: Invalid resource ID 0x00000008.
02-10 11:34:13.601 29893 29893 E stagram.android: Invalid resource ID 0x00000008.
02-10 11:34:13.601 29893 29893 E stagram.android: Invalid resource ID 0x00000008.
02-10 11:34:13.605 29893 29893 E stagram.android: Invalid resource ID 0x00000008.
02-10 11:34:13.605 29893 29893 E stagram.android: Invalid resource ID 0x00000008.
02-10 11:34:13.608 29893 29893 E stagram.android: Invalid resource ID 0x00000008.
02-10 11:34:13.608 29893 29893 E stagram.android: Invalid resource ID 0x00000008.
02-10 11:34:13.612 29893 29893 E stagram.android: Invalid resource ID 0x00000008.
02-10 11:34:13.683 29893 29893 W C4F     : Pos=435 holder=X.2Ti@2d19d1b
02-10 11:34:13.694 29893  8097 W DefaultTrackSelector: Audio channel count constraints cannot be applied without reference to Context. Build the track selector instance with one of the non-deprecated constructors that take a Context argument.
02-10 11:34:13.696 29893 29893 I ScrollIdentify: on fling
02-10 11:34:13.703 29893  8098 W MediaCodecSelectorHelper: Unexpected mime type audio/mp4a-latm
02-10 11:34:13.703 29893  8098 W MediaCodecSelectorHelper: Unexpected mime type audio/mp4a-latm
02-10 11:34:13.703 29893  8098 W MediaCodecSelectorHelper: Unexpected mime type audio/mp4a-latm
02-10 11:34:13.703 29893  8098 W MediaCodecSelectorHelper: Unexpected mime type audio/mp4a-latm
02-10 11:34:13.703 29893  8098 W MediaCodecSelectorHelper: Unexpected mime type audio/mp4a-latm
02-10 11:34:13.703 29893  8098 W MediaCodecSelectorHelper: Unexpected mime type audio/mp4a-latm
02-10 11:34:13.711 29893 29893 E VideoPlayerImpl: IgBaseVideoPlayer Warning: AV1_INSTANTIATION AV1_INSTANTIATION AV1 decoding using Dav1d;meta.dav1d.av1.decoder
02-10 11:34:13.713 29893  8098 E ExoDav1dDecoder_JNI: Dav1dDecoder::dav1dInit -- setup signal action
02-10 11:34:13.716 29893  8098 W MediaCodecSelectorHelper: Unexpected mime type audio/mp4a-latm
02-10 11:34:13.718 29893  8098 I VideoRenderQualityTracker: mConfiguration.enabled:0
02-10 11:34:13.723 29893  8098 I CCodecBufferChannel: Constructor 0xb4000079200f6280
02-10 11:34:13.723 29893  8098 I CCodecBufferChannel: mIsVivoLogEnable = 0
02-10 11:34:13.733 29893  8106 I CCodec  : setting up 'default' as default (vendor) store
02-10 11:34:13.739 29893  8106 I CCodec  : Created component [c2.android.aac.decoder]
02-10 11:34:13.762 29893  8106 I CCodecConfig: query failed after returning 21 values (BAD_INDEX)
02-10 11:34:13.766 29893  8106 W libc    : Access denied finding property "vendor.vivo.debug.PqSetting.enable"
02-10 11:34:13.771 29893  8106 W Codec2Client: query -- param skipped: index = 1107298332.
02-10 11:34:13.772 29893  8106 I CCodecConfig: query failed after returning 21 values (BAD_INDEX)
02-10 11:34:13.774 29893  8106 W Codec2Client: query -- param skipped: index = 1342179345.
02-10 11:34:13.774 29893  8106 W Codec2Client: query -- param skipped: index = 2415921170.
02-10 11:34:13.774 29893  8106 W Codec2Client: query -- param skipped: index = 1610614798.
02-10 11:34:13.774 29893  8106 I CCodecBufferChannel: mIsVivoLogEnable = 0
02-10 11:34:13.782 29893  8106 I CCodecBufferChannel: [c2.android.aac.decoder#729] Created output block pool with allocatorID 16 => poolID 53320 - OK
02-10 11:34:13.785 29893  8106 I CCodecBufferChannel: [0xb4000079200f6280][c2.android.aac.decoder#729],using arrayMode ouputBuffers for linear outputstream.
02-10 11:34:13.858 29893  8106 I MediaCodec: [c2.android.aac.decoder] output format changed to: AMessage(what = 0x00000000) = {
02-10 11:34:13.858 29893  8106 I MediaCodec:       int32_t aac-drc-album-mode = 0
02-10 11:34:13.858 29893  8106 I MediaCodec:       int32_t aac-drc-boost-level = 127
02-10 11:34:13.858 29893  8106 I MediaCodec:       int32_t aac-drc-cut-level = 127
02-10 11:34:13.858 29893  8106 I MediaCodec:       int32_t aac-drc-effect-type = 3
02-10 11:34:13.858 29893  8106 I MediaCodec:       int32_t aac-drc-output-loudness = 56
02-10 11:34:13.858 29893  8106 I MediaCodec:       int32_t aac-encoded-target-level = -1
02-10 11:34:13.858 29893  8106 I MediaCodec:       int32_t aac-max-output-channel_count = 8
02-10 11:34:13.858 29893  8106 I MediaCodec:       int32_t aac-target-ref-level = 56
02-10 11:34:13.858 29893  8106 I MediaCodec:       int32_t bitrate = 64000
02-10 11:34:13.858 29893  8106 I MediaCodec:       int32_t buffer-batch-max-output-size = 0
02-10 11:34:13.858 29893  8106 I MediaCodec:       int32_t buffer-batch-threshold-output-size = 0
02-10 11:34:13.858 29893  8106 I MediaCodec:       int32_t channel-count = 2
02-10 11:34:13.858 29893  8106 I MediaCodec:       int32_t channel-mask = 12
02-10 11:34:13.858 29893  8106 I MediaCodec:       int32_t max-output-channel-count = 8
02-10 11:34:13.858 29893  8106 I MediaCodec:       string mime = "audio/raw"
02-10 11:34:13.858 29893  8106 I MediaCodec:       int32_t sample-rate = 44100
02-10 11:34:13.858 29893  8106 I MediaCodec:       int32_t android._config-pcm-encoding = 2
02-10 11:34:13.858 29893  8106 I MediaCodec:     }
02-10 11:34:13.945 29893  8037 I CCodecConfig: query failed after returning 21 values (BAD_INDEX)
02-10 11:34:13.946 29893  8037 W Codec2Client: query -- param skipped: index = 1342179345.
02-10 11:34:13.946 29893  8037 W Codec2Client: query -- param skipped: index = 2415921170.
02-10 11:34:13.946 29893  8037 W Codec2Client: query -- param skipped: index = 1610614798.
02-10 11:34:13.948 29893  8037 I MediaCodec: ++kWhatRelease   mState :6
02-10 11:34:13.951 29893  8037 I MediaCodec: ++kWhatRelease   mState :2
02-10 11:34:13.965 29893  8030 W MessageQueue: Handler (android.os.Handler) {c7578fa} sending message to a Handler on a dead thread
02-10 11:34:13.965 29893  8030 W MessageQueue: java.lang.IllegalStateException: Handler (android.os.Handler) {c7578fa} sending message to a Handler on a dead thread
02-10 11:34:13.965 29893  8030 W MessageQueue: 	at android.os.MessageQueue.enqueueMessage(MessageQueue.java:612)
02-10 11:34:13.965 29893  8030 W MessageQueue: 	at android.os.Handler.enqueueMessage(Handler.java:842)
02-10 11:34:13.965 29893  8030 W MessageQueue: 	at android.os.Handler.sendMessageAtTime(Handler.java:738)
02-10 11:34:13.965 29893  8030 W MessageQueue: 	at android.os.Handler.sendMessageDelayed(Handler.java:708)
02-10 11:34:13.965 29893  8030 W MessageQueue: 	at android.os.Handler.sendMessage(Handler.java:646)
02-10 11:34:13.965 29893  8030 W MessageQueue: 	at android.os.Message.sendToTarget(Message.java:476)
02-10 11:34:13.965 29893  8030 W MessageQueue: 	at X.9bu.A01(Unknown Source:4)
02-10 11:34:13.965 29893  8030 W MessageQueue: 	at X.9bf.G2z(Unknown Source:9)
02-10 11:34:13.965 29893  8030 W MessageQueue: 	at X.8uR.G2z(Unknown Source:11)
02-10 11:34:13.965 29893  8030 W MessageQueue: 	at X.8oZ.A08(Unknown Source:128)
02-10 11:34:13.965 29893  8030 W MessageQueue: 	at X.8oZ.handleMessage(Unknown Source:1468)
02-10 11:34:13.965 29893  8030 W MessageQueue: 	at android.os.Handler.dispatchMessage(Handler.java:105)
02-10 11:34:13.965 29893  8030 W MessageQueue: 	at android.os.Looper.loopOnce(Looper.java:250)
02-10 11:34:13.965 29893  8030 W MessageQueue: 	at android.os.Looper.loop(Looper.java:340)
02-10 11:34:13.965 29893  8030 W MessageQueue: 	at android.os.HandlerThread.run(HandlerThread.java:107)
02-10 11:34:13.966 29893  8037 I hw-BpHwBinder: onLastStrongRef automatically unlinking death recipients
02-10 11:34:13.966 29893  8030 W MessageQueue: Handler (android.os.Handler) {d051908} sending message to a Handler on a dead thread
02-10 11:34:13.966 29893  8030 W MessageQueue: java.lang.IllegalStateException: Handler (android.os.Handler) {d051908} sending message to a Handler on a dead thread
02-10 11:34:13.966 29893  8030 W MessageQueue: 	at android.os.MessageQueue.enqueueMessage(MessageQueue.java:612)
02-10 11:34:13.966 29893  8030 W MessageQueue: 	at android.os.Handler.enqueueMessage(Handler.java:842)
02-10 11:34:13.966 29893  8030 W MessageQueue: 	at android.os.Handler.sendMessageAtFrontOfQueue(Handler.java:761)
02-10 11:34:13.966 29893  8030 W MessageQueue: 	at X.8fF.Fl6(Unknown Source:8)
02-10 11:34:13.966 29893  8030 W MessageQueue: 	at X.8fE.A01(Unknown Source:29)
02-10 11:34:13.966 29893  8030 W MessageQueue: 	at X.8uR.G2z(Unknown Source:29)
02-10 11:34:13.966 29893  8030 W MessageQueue: 	at X.8oZ.A08(Unknown Source:128)
02-10 11:34:13.966 29893  8030 W MessageQueue: 	at X.8oZ.handleMessage(Unknown Source:1468)
02-10 11:34:13.966 29893  8030 W MessageQueue: 	at android.os.Handler.dispatchMessage(Handler.java:105)
02-10 11:34:13.966 29893  8030 W MessageQueue: 	at android.os.Looper.loopOnce(Looper.java:250)
02-10 11:34:13.966 29893  8030 W MessageQueue: 	at android.os.Looper.loop(Looper.java:340)
02-10 11:34:13.966 29893  8030 W MessageQueue: 	at android.os.HandlerThread.run(HandlerThread.java:107)
02-10 11:34:13.969 29893  8037 I CCodecBufferChannel: Destructor 0xb400007920c09790
02-10 11:34:14.015 29893 29897 I stagram.android: Background young concurrent copying GC freed 18MB AllocSpace bytes, 22(1180KB) LOS objects, 4% free, 202MB/211MB, paused 634us,380us total 300.514ms
02-10 11:34:14.873 29893 29897 I stagram.android: Background concurrent copying GC freed 10MB AllocSpace bytes, 48(5788KB) LOS objects, 11% free, 188MB/212MB, paused 227us,90us total 857.789ms
02-10 11:34:14.882 29893 29899 E stagram.android: [SurfaceTexture-0-29893-506] setSurfaceTextureListener: listener is nullptr
02-10 11:34:16.165 29893 24607 E IdleQueuePayloadBasedServiceLayer: Request empty, but still some servings left: 862210
02-10 11:34:16.380 29893 24607 E IdleQueuePayloadBasedServiceLayer: Request empty, but still some servings left: -862210
02-10 11:34:18.529 29893 20346 E IdleQueuePayloadBasedServiceLayer: Request empty, but still some servings left: 770394
02-10 11:34:18.820 29893 20346 E IdleQueuePayloadBasedServiceLayer: Request empty, but still some servings left: -770394
02-10 11:34:22.842 29893 24607 E IdleQueuePayloadBasedServiceLayer: Request empty, but still some servings left: 850888
02-10 11:34:23.145 29893 24607 E IdleQueuePayloadBasedServiceLayer: Request empty, but still some servings left: -848949
02-10 11:34:24.147 29893 29897 I stagram.android: Background young concurrent copying GC freed 11MB AllocSpace bytes, 16(5112KB) LOS objects, 3% free, 205MB/212MB, paused 657us,97us total 116.782ms
02-10 11:34:24.828 29893 29897 I stagram.android: Background concurrent copying GC freed 3968KB AllocSpace bytes, 4(27MB) LOS objects, 11% free, 188MB/212MB, paused 127us,94us total 585.025ms
02-10 11:34:27.821 29893 20346 E IdleQueuePayloadBasedServiceLayer: Request empty, but still some servings left: 618189
02-10 11:34:28.097 29893 20346 E IdleQueuePayloadBasedServiceLayer: Request empty, but still some servings left: -618189
02-10 11:34:32.720 29893 24607 E IdleQueuePayloadBasedServiceLayer: Request empty, but still some servings left: 564994
02-10 11:34:32.862 29893 24607 E IdleQueuePayloadBasedServiceLayer: Request empty, but still some servings left: -564994
02-10 11:34:37.614 29893  6780 E IdleQueuePayloadBasedServiceLayer: Request empty, but still some servings left: 650631
02-10 11:34:37.807 29893  6780 E IdleQueuePayloadBasedServiceLayer: Request empty, but still some servings left: -650631
02-10 11:34:42.558 29893 24607 E IdleQueuePayloadBasedServiceLayer: Request empty, but still some servings left: 676170
02-10 11:34:42.761 29893 24607 E IdleQueuePayloadBasedServiceLayer: Request empty, but still some servings left: -676170
02-10 11:34:45.996 29893 29893 E stagram.android: No package ID ff found for resource ID 0xffffffff.
02-10 11:34:45.999 29893 29893 E stagram.android: No package ID ff found for resource ID 0xffffffff.
02-10 11:34:46.000 29893 29893 E stagram.android: Invalid resource ID 0x00000008.
02-10 11:34:46.003 29893 29893 E stagram.android: Invalid resource ID 0x00000008.
02-10 11:34:46.003 29893 29893 E stagram.android: Invalid resource ID 0x00000008.
02-10 11:34:46.006 29893 29893 E stagram.android: Invalid resource ID 0x00000008.
02-10 11:34:46.007 29893 29893 E stagram.android: Invalid resource ID 0x00000008.
02-10 11:34:46.010 29893 29893 E stagram.android: Invalid resource ID 0x00000008.
02-10 11:34:46.010 29893 29893 E stagram.android: Invalid resource ID 0x00000008.
02-10 11:34:46.014 29893 29893 E stagram.android: Invalid resource ID 0x00000008.
02-10 11:34:46.072 29893 29893 W C4F     : Pos=436 holder=X.2Ti@adfbd54
02-10 11:34:46.077 29893  8140 W DefaultTrackSelector: Audio channel count constraints cannot be applied without reference to Context. Build the track selector instance with one of the non-deprecated constructors that take a Context argument.
02-10 11:34:46.081 29893  8141 W MediaCodecSelectorHelper: Unexpected mime type audio/mp4a-latm
02-10 11:34:46.081 29893  8141 W MediaCodecSelectorHelper: Unexpected mime type audio/mp4a-latm
02-10 11:34:46.081 29893  8141 W MediaCodecSelectorHelper: Unexpected mime type audio/mp4a-latm
02-10 11:34:46.081 29893  8141 W MediaCodecSelectorHelper: Unexpected mime type audio/mp4a-latm
02-10 11:34:46.081 29893  8141 W MediaCodecSelectorHelper: Unexpected mime type audio/mp4a-latm
02-10 11:34:46.081 29893  8141 W MediaCodecSelectorHelper: Unexpected mime type audio/mp4a-latm
02-10 11:34:46.085 29893 29893 E VideoPlayerImpl: IgBaseVideoPlayer Warning: AV1_INSTANTIATION AV1_INSTANTIATION AV1 decoding using Dav1d;meta.dav1d.av1.decoder
02-10 11:34:46.094 29893  8141 E ExoDav1dDecoder_JNI: Dav1dDecoder::dav1dInit -- setup signal action
02-10 11:34:46.095 29893  8141 W MediaCodecSelectorHelper: Unexpected mime type audio/mp4a-latm
02-10 11:34:46.097 29893  8141 I VideoRenderQualityTracker: mConfiguration.enabled:0
02-10 11:34:46.101 29893  8141 I CCodecBufferChannel: Constructor 0xb400007920cdf1e0
02-10 11:34:46.101 29893  8141 I CCodecBufferChannel: mIsVivoLogEnable = 0
02-10 11:34:46.106 29893 29893 I ScrollIdentify: on fling
02-10 11:34:46.107 29893  8147 I CCodec  : setting up 'default' as default (vendor) store
02-10 11:34:46.113 29893  8147 I CCodec  : Created component [c2.android.aac.decoder]
02-10 11:34:46.127 29893  8147 I CCodecConfig: query failed after returning 21 values (BAD_INDEX)
02-10 11:34:46.134 29893  8147 W libc    : Access denied finding property "vendor.vivo.debug.PqSetting.enable"
02-10 11:34:46.140 29893  8147 W Codec2Client: query -- param skipped: index = 1107298332.
02-10 11:34:46.140 29893  8147 I CCodecConfig: query failed after returning 21 values (BAD_INDEX)
02-10 11:34:46.144 29893  8147 W Codec2Client: query -- param skipped: index = 1342179345.
02-10 11:34:46.144 29893  8147 W Codec2Client: query -- param skipped: index = 2415921170.
02-10 11:34:46.144 29893  8147 W Codec2Client: query -- param skipped: index = 1610614798.
02-10 11:34:46.145 29893  8147 I CCodecBufferChannel: mIsVivoLogEnable = 0
02-10 11:34:46.150 29893  8147 I CCodecBufferChannel: [c2.android.aac.decoder#391] Created output block pool with allocatorID 16 => poolID 53322 - OK
02-10 11:34:46.151 29893  8147 I CCodecBufferChannel: [0xb400007920cdf1e0][c2.android.aac.decoder#391],using arrayMode ouputBuffers for linear outputstream.
02-10 11:34:46.195 29893  8147 I MediaCodec: [c2.android.aac.decoder] output format changed to: AMessage(what = 0x00000000) = {
02-10 11:34:46.195 29893  8147 I MediaCodec:       int32_t aac-drc-album-mode = 0
02-10 11:34:46.195 29893  8147 I MediaCodec:       int32_t aac-drc-boost-level = 127
02-10 11:34:46.195 29893  8147 I MediaCodec:       int32_t aac-drc-cut-level = 127
02-10 11:34:46.195 29893  8147 I MediaCodec:       int32_t aac-drc-effect-type = 3
02-10 11:34:46.195 29893  8147 I MediaCodec:       int32_t aac-drc-output-loudness = 56
02-10 11:34:46.195 29893  8147 I MediaCodec:       int32_t aac-encoded-target-level = -1
02-10 11:34:46.195 29893  8147 I MediaCodec:       int32_t aac-max-output-channel_count = 8
02-10 11:34:46.195 29893  8147 I MediaCodec:       int32_t aac-target-ref-level = 56
02-10 11:34:46.195 29893  8147 I MediaCodec:       int32_t bitrate = 64000
02-10 11:34:46.195 29893  8147 I MediaCodec:       int32_t buffer-batch-max-output-size = 0
02-10 11:34:46.195 29893  8147 I MediaCodec:       int32_t buffer-batch-threshold-output-size = 0
02-10 11:34:46.195 29893  8147 I MediaCodec:       int32_t channel-count = 2
02-10 11:34:46.195 29893  8147 I MediaCodec:       int32_t channel-mask = 12
02-10 11:34:46.195 29893  8147 I MediaCodec:       int32_t max-output-channel-count = 8
02-10 11:34:46.195 29893  8147 I MediaCodec:       string mime = "audio/raw"
02-10 11:34:46.195 29893  8147 I MediaCodec:       int32_t sample-rate = 44100
02-10 11:34:46.195 29893  8147 I MediaCodec:       int32_t android._config-pcm-encoding = 2
02-10 11:34:46.195 29893  8147 I MediaCodec:     }
02-10 11:34:46.302 29893 29893 W RecyclerView: Cannot call this method in a scroll callback. Scroll callbacks mightbe run during a measure & layout pass where you cannot change theRecyclerView data. Any method call that might change the structureof the RecyclerView or the adapter contents should be postponed tothe next frame.
02-10 11:34:46.302 29893 29893 W RecyclerView: java.lang.IllegalStateException:  X.8xg{85f630f VFED..... ......ID 0,0-720,1382 #8 aid=7}, adapter:X.6hG@de7ca59, layout:X.013@addf444, context:X.7zy@185e92d
02-10 11:34:46.302 29893 29893 W RecyclerView: 	at androidx.recyclerview.widget.RecyclerView.A1G(Unknown Source:68)
02-10 11:34:46.302 29893 29893 W RecyclerView: 	at X.8xo.A08(:3)
02-10 11:34:46.302 29893 29893 W RecyclerView: 	at X.0WX.A03(Unknown Source:18)
02-10 11:34:46.302 29893 29893 W RecyclerView: 	at X.7Zl.A0D(Unknown Source:3)
02-10 11:34:46.302 29893 29893 W RecyclerView: 	at X.09B.A0O(Unknown Source:362)
02-10 11:34:46.302 29893 29893 W RecyclerView: 	at X.09B.A0g(Unknown Source:88)
02-10 11:34:46.302 29893 29893 W RecyclerView: 	at X.7n0.invoke(Unknown Source:107)
02-10 11:34:46.302 29893 29893 W RecyclerView: 	at X.1Qb.A07(Unknown Source:8)
02-10 11:34:46.302 29893 29893 W RecyclerView: 	at X.1Qb.Ebp(Unknown Source:6)
02-10 11:34:46.302 29893 29893 W RecyclerView: 	at X.4ht.A00(Unknown Source:44)
02-10 11:34:46.302 29893 29893 W RecyclerView: 	at X.2jO.A02(Unknown Source:228)
02-10 11:34:46.302 29893 29893 W RecyclerView: 	at X.1Ra.GIH(Unknown Source:42)
02-10 11:34:46.302 29893 29893 W RecyclerView: 	at X.1Qj.A0c(Unknown Source:15)
