02-10 11:36:06.611 29893 29771 E IdleQueuePayloadBasedServiceLayer: Request empty, but still some servings left: 127621
02-10 11:36:06.633 29893  6780 E IdleQueuePayloadBasedServiceLayer: Request empty, but still some servings left: -127621
02-10 11:36:10.934 29893 24607 E IdleQueuePayloadBasedServiceLayer: Request empty, but still some servings left: 70282
02-10 11:36:10.941 29893 24607 E IdleQueuePayloadBasedServiceLayer: Request empty, but still some servings left: -66186
02-10 11:36:11.204 29893 29897 I stagram.android: Background young concurrent copying GC freed 10MB AllocSpace bytes, 31(5400KB) LOS objects, 0% free, 218MB/218MB, paused 2.523ms,103us total 155.383ms
02-10 11:36:11.791 29893 29897 I stagram.android: Background concurrent copying GC freed 4273KB AllocSpace bytes, 4(27MB) LOS objects, 11% free, 187MB/211MB, paused 131us,93us total 584.454ms
02-10 11:36:13.976 29893  8299 W MediaCodecSelectorHelper: Unexpected mime type audio/mp4a-latm
02-10 11:36:13.976 29893  8299 W MediaCodecSelectorHelper: Unexpected mime type audio/mp4a-latm
02-10 11:36:13.976 29893  8299 W MediaCodecSelectorHelper: Unexpected mime type audio/mp4a-latm
02-10 11:36:13.976 29893  8299 W MediaCodecSelectorHelper: Unexpected mime type audio/mp4a-latm
02-10 11:36:13.976 29893  8299 W MediaCodecSelectorHelper: Unexpected mime type audio/mp4a-latm
02-10 11:36:13.977 29893  8299 W MediaCodecSelectorHelper: Unexpected mime type audio/mp4a-latm
02-10 11:36:15.684 29893 29893 E stagram.android: No package ID ff found for resource ID 0xffffffff.
02-10 11:36:15.687 29893 29893 E stagram.android: No package ID ff found for resource ID 0xffffffff.
02-10 11:36:15.687 29893 29893 E stagram.android: Invalid resource ID 0x00000008.
02-10 11:36:15.691 29893 29893 E stagram.android: Invalid resource ID 0x00000008.
02-10 11:36:15.691 29893 29893 E stagram.android: Invalid resource ID 0x00000008.
02-10 11:36:15.694 29893 29893 E stagram.android: Invalid resource ID 0x00000008.
02-10 11:36:15.694 29893 29893 E stagram.android: Invalid resource ID 0x00000008.
02-10 11:36:15.698 29893 29893 E stagram.android: Invalid resource ID 0x00000008.
02-10 11:36:15.698 29893 29893 E stagram.android: Invalid resource ID 0x00000008.
02-10 11:36:15.701 29893 29893 E stagram.android: Invalid resource ID 0x00000008.
02-10 11:36:15.751 29893 29893 W C4F     : Pos=439 holder=X.2Ti@f2faa67
02-10 11:36:15.766 29893  8356 W DefaultTrackSelector: Audio channel count constraints cannot be applied without reference to Context. Build the track selector instance with one of the non-deprecated constructors that take a Context argument.
02-10 11:36:15.768 29893  8357 W MediaCodecSelectorHelper: Unexpected mime type audio/mp4a-latm
02-10 11:36:15.769 29893  8357 W MediaCodecSelectorHelper: Unexpected mime type audio/mp4a-latm
02-10 11:36:15.769 29893  8357 W MediaCodecSelectorHelper: Unexpected mime type audio/mp4a-latm
02-10 11:36:15.769 29893  8357 W MediaCodecSelectorHelper: Unexpected mime type audio/mp4a-latm
02-10 11:36:15.769 29893  8357 W MediaCodecSelectorHelper: Unexpected mime type audio/mp4a-latm
02-10 11:36:15.769 29893  8357 W MediaCodecSelectorHelper: Unexpected mime type audio/mp4a-latm
02-10 11:36:15.775 29893 29893 I ScrollIdentify: on fling
02-10 11:36:15.779 29893 29893 E VideoPlayerImpl: IgBaseVideoPlayer Warning: AV1_INSTANTIATION AV1_INSTANTIATION AV1 decoding using Dav1d;meta.dav1d.av1.decoder
02-10 11:36:15.788 29893  8357 E ExoDav1dDecoder_JNI: Dav1dDecoder::dav1dInit -- setup signal action
02-10 11:36:15.797 29893  8357 W MediaCodecSelectorHelper: Unexpected mime type audio/mp4a-latm
02-10 11:36:15.798 29893  8357 I VideoRenderQualityTracker: mConfiguration.enabled:0
02-10 11:36:15.805 29893  8357 I CCodecBufferChannel: Constructor 0xb4000079203a6910
02-10 11:36:15.805 29893  8357 I CCodecBufferChannel: mIsVivoLogEnable = 0
02-10 11:36:15.808 29893  8365 I CCodec  : setting up 'default' as default (vendor) store
02-10 11:36:15.815 29893  8365 I CCodec  : Created component [c2.android.aac.decoder]
02-10 11:36:15.826 29893  8365 I CCodecConfig: query failed after returning 21 values (BAD_INDEX)
02-10 11:36:15.832 29893  8365 W libc    : Access denied finding property "vendor.vivo.debug.PqSetting.enable"
02-10 11:36:15.833 29893  8365 W Codec2Client: query -- param skipped: index = 1107298332.
02-10 11:36:15.834 29893  8365 I CCodecConfig: query failed after returning 21 values (BAD_INDEX)
02-10 11:36:15.837 29893  8365 W Codec2Client: query -- param skipped: index = 1342179345.
02-10 11:36:15.837 29893  8365 W Codec2Client: query -- param skipped: index = 2415921170.
02-10 11:36:15.837 29893  8365 W Codec2Client: query -- param skipped: index = 1610614798.
02-10 11:36:15.838 29893  8365 I CCodecBufferChannel: mIsVivoLogEnable = 0
02-10 11:36:15.845 29893  8365 I CCodecBufferChannel: [c2.android.aac.decoder#636] Created output block pool with allocatorID 16 => poolID 53332 - OK
02-10 11:36:15.846 29893  8365 I CCodecBufferChannel: [0xb4000079203a6910][c2.android.aac.decoder#636],using arrayMode ouputBuffers for linear outputstream.
02-10 11:36:15.875 29893  8365 I MediaCodec: [c2.android.aac.decoder] output format changed to: AMessage(what = 0x00000000) = {
02-10 11:36:15.875 29893  8365 I MediaCodec:       int32_t aac-drc-album-mode = 0
02-10 11:36:15.875 29893  8365 I MediaCodec:       int32_t aac-drc-boost-level = 127
02-10 11:36:15.875 29893  8365 I MediaCodec:       int32_t aac-drc-cut-level = 127
02-10 11:36:15.875 29893  8365 I MediaCodec:       int32_t aac-drc-effect-type = 3
02-10 11:36:15.875 29893  8365 I MediaCodec:       int32_t aac-drc-output-loudness = 56
02-10 11:36:15.875 29893  8365 I MediaCodec:       int32_t aac-encoded-target-level = -1
02-10 11:36:15.875 29893  8365 I MediaCodec:       int32_t aac-max-output-channel_count = 8
02-10 11:36:15.875 29893  8365 I MediaCodec:       int32_t aac-target-ref-level = 56
02-10 11:36:15.875 29893  8365 I MediaCodec:       int32_t bitrate = 64000
02-10 11:36:15.875 29893  8365 I MediaCodec:       int32_t buffer-batch-max-output-size = 0
02-10 11:36:15.875 29893  8365 I MediaCodec:       int32_t buffer-batch-threshold-output-size = 0
02-10 11:36:15.875 29893  8365 I MediaCodec:       int32_t channel-count = 2
02-10 11:36:15.875 29893  8365 I MediaCodec:       int32_t channel-mask = 12
02-10 11:36:15.875 29893  8365 I MediaCodec:       int32_t max-output-channel-count = 8
02-10 11:36:15.875 29893  8365 I MediaCodec:       string mime = "audio/raw"
02-10 11:36:15.875 29893  8365 I MediaCodec:       int32_t sample-rate = 44100
02-10 11:36:15.875 29893  8365 I MediaCodec:       int32_t android._config-pcm-encoding = 2
02-10 11:36:15.875 29893  8365 I MediaCodec:     }
02-10 11:36:16.011 29893  8307 I CCodecConfig: query failed after returning 21 values (BAD_INDEX)
02-10 11:36:16.011 29893  8307 W Codec2Client: query -- param skipped: index = 1342179345.
02-10 11:36:16.011 29893  8307 W Codec2Client: query -- param skipped: index = 2415921170.
02-10 11:36:16.011 29893  8307 W Codec2Client: query -- param skipped: index = 1610614798.
02-10 11:36:16.013 29893  8307 I MediaCodec: ++kWhatRelease   mState :6
02-10 11:36:16.016 29893  8307 I MediaCodec: ++kWhatRelease   mState :2
02-10 11:36:16.018 29893  8298 W MessageQueue: Handler (android.os.Handler) {b8e3c71} sending message to a Handler on a dead thread
02-10 11:36:16.018 29893  8298 W MessageQueue: java.lang.IllegalStateException: Handler (android.os.Handler) {b8e3c71} sending message to a Handler on a dead thread
02-10 11:36:16.018 29893  8298 W MessageQueue: 	at android.os.MessageQueue.enqueueMessage(MessageQueue.java:612)
02-10 11:36:16.018 29893  8298 W MessageQueue: 	at android.os.Handler.enqueueMessage(Handler.java:842)
02-10 11:36:16.018 29893  8298 W MessageQueue: 	at android.os.Handler.sendMessageAtTime(Handler.java:738)
02-10 11:36:16.018 29893  8298 W MessageQueue: 	at android.os.Handler.sendMessageDelayed(Handler.java:708)
02-10 11:36:16.018 29893  8298 W MessageQueue: 	at android.os.Handler.sendMessage(Handler.java:646)
02-10 11:36:16.018 29893  8298 W MessageQueue: 	at android.os.Message.sendToTarget(Message.java:476)
02-10 11:36:16.018 29893  8298 W MessageQueue: 	at X.9bu.A01(Unknown Source:4)
02-10 11:36:16.018 29893  8298 W MessageQueue: 	at X.9bf.G2z(Unknown Source:9)
02-10 11:36:16.018 29893  8298 W MessageQueue: 	at X.8uR.G2z(Unknown Source:11)
02-10 11:36:16.018 29893  8298 W MessageQueue: 	at X.8oZ.A08(Unknown Source:128)
02-10 11:36:16.018 29893  8298 W MessageQueue: 	at X.8oZ.handleMessage(Unknown Source:1468)
02-10 11:36:16.018 29893  8298 W MessageQueue: 	at android.os.Handler.dispatchMessage(Handler.java:105)
02-10 11:36:16.018 29893  8298 W MessageQueue: 	at android.os.Looper.loopOnce(Looper.java:250)
02-10 11:36:16.018 29893  8298 W MessageQueue: 	at android.os.Looper.loop(Looper.java:340)
02-10 11:36:16.018 29893  8298 W MessageQueue: 	at android.os.HandlerThread.run(HandlerThread.java:107)
02-10 11:36:16.018 29893  8298 W MessageQueue: Handler (android.os.Handler) {310dad7} sending message to a Handler on a dead thread
02-10 11:36:16.018 29893  8298 W MessageQueue: java.lang.IllegalStateException: Handler (android.os.Handler) {310dad7} sending message to a Handler on a dead thread
02-10 11:36:16.018 29893  8298 W MessageQueue: 	at android.os.MessageQueue.enqueueMessage(MessageQueue.java:612)
02-10 11:36:16.018 29893  8298 W MessageQueue: 	at android.os.Handler.enqueueMessage(Handler.java:842)
02-10 11:36:16.018 29893  8298 W MessageQueue: 	at android.os.Handler.sendMessageAtFrontOfQueue(Handler.java:761)
02-10 11:36:16.018 29893  8298 W MessageQueue: 	at X.8fF.Fl6(Unknown Source:8)
02-10 11:36:16.018 29893  8298 W MessageQueue: 	at X.8fE.A01(Unknown Source:29)
02-10 11:36:16.018 29893  8298 W MessageQueue: 	at X.8uR.G2z(Unknown Source:29)
02-10 11:36:16.018 29893  8298 W MessageQueue: 	at X.8oZ.A08(Unknown Source:128)
02-10 11:36:16.018 29893  8298 W MessageQueue: 	at X.8oZ.handleMessage(Unknown Source:1468)
02-10 11:36:16.018 29893  8298 W MessageQueue: 	at android.os.Handler.dispatchMessage(Handler.java:105)
02-10 11:36:16.018 29893  8298 W MessageQueue: 	at android.os.Looper.loopOnce(Looper.java:250)
02-10 11:36:16.018 29893  8298 W MessageQueue: 	at android.os.Looper.loop(Looper.java:340)
02-10 11:36:16.018 29893  8298 W MessageQueue: 	at android.os.HandlerThread.run(HandlerThread.java:107)
02-10 11:36:16.019 29893  8307 I hw-BpHwBinder: onLastStrongRef automatically unlinking death recipients
02-10 11:36:16.021 29893  8307 I CCodecBufferChannel: Destructor 0xb400007920aabd60
02-10 11:36:18.245 29893  6780 E IdleQueuePayloadBasedServiceLayer: Request empty, but still some servings left: 111766
02-10 11:36:18.330 29893  6780 E IdleQueuePayloadBasedServiceLayer: Request empty, but still some servings left: -111766
02-10 11:36:19.526 29893 29897 I stagram.android: Background young concurrent copying GC freed 15MB AllocSpace bytes, 54(2236KB) LOS objects, 8% free, 193MB/211MB, paused 244us,94us total 111.928ms
02-10 11:36:20.657 29893 29771 E IdleQueuePayloadBasedServiceLayer: Request empty, but still some servings left: 245442
02-10 11:36:20.807 29893 29771 E IdleQueuePayloadBasedServiceLayer: Request empty, but still some servings left: -245442
02-10 11:36:25.004 29893  6780 E IdleQueuePayloadBasedServiceLayer: Request empty, but still some servings left: 75726
02-10 11:36:25.026 29893  6780 E IdleQueuePayloadBasedServiceLayer: Request empty, but still some servings left: -75726
02-10 11:36:26.226 29893 29897 I stagram.android: Background young concurrent copying GC freed 7558KB AllocSpace bytes, 29(5216KB) LOS objects, 0% free, 210MB/211MB, paused 168us,86us total 105.497ms
02-10 11:36:26.842 29893 29897 I stagram.android: Background concurrent copying GC freed 3262KB AllocSpace bytes, 16(22MB) LOS objects, 10% free, 199MB/223MB, paused 566us,89us total 615.479ms
02-10 11:36:26.850 29893 29899 E stagram.android: [SurfaceTexture-0-29893-513] setSurfaceTextureListener: listener is nullptr
02-10 11:36:29.895 29893 24607 E IdleQueuePayloadBasedServiceLayer: Request empty, but still some servings left: 108768
02-10 11:36:29.917 29893 24607 E IdleQueuePayloadBasedServiceLayer: Request empty, but still some servings left: -108768
02-10 11:36:34.826 29893 29771 E IdleQueuePayloadBasedServiceLayer: Request empty, but still some servings left: 108718
02-10 11:36:34.858 29893 29771 E IdleQueuePayloadBasedServiceLayer: Request empty, but still some servings left: -108718
02-10 11:36:39.706 29893 24607 E IdleQueuePayloadBasedServiceLayer: Request empty, but still some servings left: 68341
02-10 11:36:39.714 29893 24607 E IdleQueuePayloadBasedServiceLayer: Request empty, but still some servings left: -68341
02-10 11:36:44.626 29893 29771 E IdleQueuePayloadBasedServiceLayer: Request empty, but still some servings left: 162991
02-10 11:36:44.660 29893 29771 E IdleQueuePayloadBasedServiceLayer: Request empty, but still some servings left: -161789
02-10 11:36:49.545 29893 24607 E IdleQueuePayloadBasedServiceLayer: Request empty, but still some servings left: 126809
02-10 11:36:49.580 29893 24607 E IdleQueuePayloadBasedServiceLayer: Request empty, but still some servings left: -126809
02-10 11:36:54.520 29893  6780 E IdleQueuePayloadBasedServiceLayer: Request empty, but still some servings left: 57182
02-10 11:36:54.555 29893  6780 E IdleQueuePayloadBasedServiceLayer: Request empty, but still some servings left: -57182
02-10 11:36:59.378 29893 29771 E IdleQueuePayloadBasedServiceLayer: Request empty, but still some servings left: 175535
02-10 11:36:59.438 29893 29771 E IdleQueuePayloadBasedServiceLayer: Request empty, but still some servings left: -175535
02-10 11:37:01.393 26559 14388 I LocationHistory: (REDACTED) [API0] saving %d segments
02-10 11:37:01.408 26559 14388 I LocationHistory: [SqliteTransientDB] Deleting & updating segments [CONTEXT service_id=314 ]
02-10 11:37:01.468 26559 14388 I LocationHistory: [DataProvider] Opening SQLite [CONTEXT service_id=314 ]
02-10 11:37:04.287 29893 24607 E IdleQueuePayloadBasedServiceLayer: Request empty, but still some servings left: 175236
02-10 11:37:04.380 29893 29771 E IdleQueuePayloadBasedServiceLayer: Request empty, but still some servings left: -175236
02-10 11:37:09.208 29893  6780 E IdleQueuePayloadBasedServiceLayer: Request empty, but still some servings left: 22135
02-10 11:37:09.213 29893  6780 E IdleQueuePayloadBasedServiceLayer: Request empty, but still some servings left: -22135
02-10 11:37:09.224 29893  8357 W MediaCodecSelectorHelper: Unexpected mime type audio/mp4a-latm
02-10 11:37:09.224 29893  8357 W MediaCodecSelectorHelper: Unexpected mime type audio/mp4a-latm
02-10 11:37:09.224 29893  8357 W MediaCodecSelectorHelper: Unexpected mime type audio/mp4a-latm
02-10 11:37:09.224 29893  8357 W MediaCodecSelectorHelper: Unexpected mime type audio/mp4a-latm
02-10 11:37:09.224 29893  8357 W MediaCodecSelectorHelper: Unexpected mime type audio/mp4a-latm
02-10 11:37:09.224 29893  8357 W MediaCodecSelectorHelper: Unexpected mime type audio/mp4a-latm
02-10 11:37:11.880 29893 29893 E stagram.android: No package ID ff found for resource ID 0xffffffff.
02-10 11:37:11.884 29893 29893 E stagram.android: No package ID ff found for resource ID 0xffffffff.
02-10 11:37:11.884 29893 29893 E stagram.android: Invalid resource ID 0x00000008.
02-10 11:37:11.887 29893 29893 E stagram.android: Invalid resource ID 0x00000008.
02-10 11:37:11.888 29893 29893 E stagram.android: Invalid resource ID 0x00000008.
02-10 11:37:11.891 29893 29893 E stagram.android: Invalid resource ID 0x00000008.
02-10 11:37:11.891 29893 29893 E stagram.android: Invalid resource ID 0x00000008.
02-10 11:37:11.895 29893 29893 E stagram.android: Invalid resource ID 0x00000008.
02-10 11:37:11.896 29893 29893 E stagram.android: Invalid resource ID 0x00000008.
02-10 11:37:11.900 29893 29893 E stagram.android: Invalid resource ID 0x00000008.
02-10 11:37:11.979 29893 29893 W C4F     : Pos=440 holder=X.2Ti@2d19d1b
02-10 11:37:11.992 29893 29893 I ScrollIdentify: on fling
02-10 11:37:11.993 29893  8429 W DefaultTrackSelector: Audio channel count constraints cannot be applied without reference to Context. Build the track selector instance with one of the non-deprecated constructors that take a Context argument.
02-10 11:37:11.999 29893 29893 E VideoPlayerImpl: IgBaseVideoPlayer Warning: AV1_INSTANTIATION AV1_INSTANTIATION AV1 decoding using Dav1d;meta.dav1d.av1.decoder
02-10 11:37:12.001 29893  8431 W MediaCodecSelectorHelper: Unexpected mime type audio/mp4a-latm
02-10 11:37:12.001 29893  8431 W MediaCodecSelectorHelper: Unexpected mime type audio/mp4a-latm
02-10 11:37:12.001 29893  8431 W MediaCodecSelectorHelper: Unexpected mime type audio/mp4a-latm
02-10 11:37:12.001 29893  8431 W MediaCodecSelectorHelper: Unexpected mime type audio/mp4a-latm
02-10 11:37:12.001 29893  8431 W MediaCodecSelectorHelper: Unexpected mime type audio/mp4a-latm
02-10 11:37:12.001 29893  8431 W MediaCodecSelectorHelper: Unexpected mime type audio/mp4a-latm
02-10 11:37:12.012 29893  8431 E ExoDav1dDecoder_JNI: Dav1dDecoder::dav1dInit -- setup signal action
02-10 11:37:12.014 29893  8431 W MediaCodecSelectorHelper: Unexpected mime type audio/mp4a-latm
02-10 11:37:12.018 29893  8431 I VideoRenderQualityTracker: mConfiguration.enabled:0
02-10 11:37:12.022 29893  8431 I CCodecBufferChannel: Constructor 0xb40000792072a9c0
02-10 11:37:12.022 29893  8431 I CCodecBufferChannel: mIsVivoLogEnable = 0
02-10 11:37:12.030 29893  8439 I CCodec  : setting up 'default' as default (vendor) store
02-10 11:37:12.038 29893  8439 I CCodec  : Created component [c2.android.aac.decoder]
02-10 11:37:12.052 29893  8439 I CCodecConfig: query failed after returning 21 values (BAD_INDEX)
02-10 11:37:12.057 29893  8439 W libc    : Access denied finding property "vendor.vivo.debug.PqSetting.enable"
02-10 11:37:12.063 29893  8439 W Codec2Client: query -- param skipped: index = 1107298332.
02-10 11:37:12.063 29893  8439 I CCodecConfig: query failed after returning 21 values (BAD_INDEX)
02-10 11:37:12.065 29893  8439 W Codec2Client: query -- param skipped: index = 1342179345.
02-10 11:37:12.065 29893  8439 W Codec2Client: query -- param skipped: index = 2415921170.
02-10 11:37:12.065 29893  8439 W Codec2Client: query -- param skipped: index = 1610614798.
02-10 11:37:12.065 29893  8439 I CCodecBufferChannel: mIsVivoLogEnable = 0
02-10 11:37:12.069 29893  8439 I CCodecBufferChannel: [c2.android.aac.decoder#260] Created output block pool with allocatorID 16 => poolID 53334 - OK
02-10 11:37:12.070 29893  8439 I CCodecBufferChannel: [0xb40000792072a9c0][c2.android.aac.decoder#260],using arrayMode ouputBuffers for linear outputstream.
02-10 11:37:12.127 29893  8439 I MediaCodec: [c2.android.aac.decoder] output format changed to: AMessage(what = 0x00000000) = {
02-10 11:37:12.127 29893  8439 I MediaCodec:       int32_t aac-drc-album-mode = 0
02-10 11:37:12.127 29893  8439 I MediaCodec:       int32_t aac-drc-boost-level = 127
02-10 11:37:12.127 29893  8439 I MediaCodec:       int32_t aac-drc-cut-level = 127
02-10 11:37:12.127 29893  8439 I MediaCodec:       int32_t aac-drc-effect-type = 3
02-10 11:37:12.127 29893  8439 I MediaCodec:       int32_t aac-drc-output-loudness = 56
02-10 11:37:12.127 29893  8439 I MediaCodec:       int32_t aac-encoded-target-level = -1
02-10 11:37:12.127 29893  8439 I MediaCodec:       int32_t aac-max-output-channel_count = 8
02-10 11:37:12.127 29893  8439 I MediaCodec:       int32_t aac-target-ref-level = 56
02-10 11:37:12.127 29893  8439 I MediaCodec:       int32_t bitrate = 64000
02-10 11:37:12.127 29893  8439 I MediaCodec:       int32_t buffer-batch-max-output-size = 0
02-10 11:37:12.127 29893  8439 I MediaCodec:       int32_t buffer-batch-threshold-output-size = 0
02-10 11:37:12.127 29893  8439 I MediaCodec:       int32_t channel-count = 2
02-10 11:37:12.127 29893  8439 I MediaCodec:       int32_t channel-mask = 12
02-10 11:37:12.127 29893  8439 I MediaCodec:       int32_t max-output-channel-count = 8
02-10 11:37:12.127 29893  8439 I MediaCodec:       string mime = "audio/raw"
02-10 11:37:12.127 29893  8439 I MediaCodec:       int32_t sample-rate = 44100
02-10 11:37:12.127 29893  8439 I MediaCodec:       int32_t android._config-pcm-encoding = 2
02-10 11:37:12.127 29893  8439 I MediaCodec:     }
02-10 11:37:12.200 29893  8365 I CCodecConfig: query failed after returning 21 values (BAD_INDEX)
02-10 11:37:12.202 29893  8365 W Codec2Client: query -- param skipped: index = 1342179345.
02-10 11:37:12.202 29893  8365 W Codec2Client: query -- param skipped: index = 2415921170.
02-10 11:37:12.202 29893  8365 W Codec2Client: query -- param skipped: index = 1610614798.
02-10 11:37:12.206 29893  8365 I MediaCodec: ++kWhatRelease   mState :6
02-10 11:37:12.208 29893  8365 I MediaCodec: ++kWhatRelease   mState :2
02-10 11:37:12.210 29893  8365 I hw-BpHwBinder: onLastStrongRef automatically unlinking death recipients
02-10 11:37:12.213 29893  8365 I CCodecBufferChannel: Destructor 0xb4000079203a6910
02-10 11:37:12.217 29893  8356 W MessageQueue: Handler (android.os.Handler) {7bd2978} sending message to a Handler on a dead thread
02-10 11:37:12.217 29893  8356 W MessageQueue: java.lang.IllegalStateException: Handler (android.os.Handler) {7bd2978} sending message to a Handler on a dead thread
02-10 11:37:12.217 29893  8356 W MessageQueue: 	at android.os.MessageQueue.enqueueMessage(MessageQueue.java:612)
02-10 11:37:12.217 29893  8356 W MessageQueue: 	at android.os.Handler.enqueueMessage(Handler.java:842)
02-10 11:37:12.217 29893  8356 W MessageQueue: 	at android.os.Handler.sendMessageAtTime(Handler.java:738)
02-10 11:37:12.217 29893  8356 W MessageQueue: 	at android.os.Handler.sendMessageDelayed(Handler.java:708)
02-10 11:37:12.217 29893  8356 W MessageQueue: 	at android.os.Handler.sendMessage(Handler.java:646)
02-10 11:37:12.217 29893  8356 W MessageQueue: 	at android.os.Message.sendToTarget(Message.java:476)
02-10 11:37:12.217 29893  8356 W MessageQueue: 	at X.9bu.A01(Unknown Source:4)
02-10 11:37:12.217 29893  8356 W MessageQueue: 	at X.9bf.G2z(Unknown Source:9)
02-10 11:37:12.217 29893  8356 W MessageQueue: 	at X.8uR.G2z(Unknown Source:11)
02-10 11:37:12.217 29893  8356 W MessageQueue: 	at X.8oZ.A08(Unknown Source:128)
02-10 11:37:12.217 29893  8356 W MessageQueue: 	at X.8oZ.handleMessage(Unknown Source:1468)
02-10 11:37:12.217 29893  8356 W MessageQueue: 	at android.os.Handler.dispatchMessage(Handler.java:105)
02-10 11:37:12.217 29893  8356 W MessageQueue: 	at android.os.Looper.loopOnce(Looper.java:250)
02-10 11:37:12.217 29893  8356 W MessageQueue: 	at android.os.Looper.loop(Looper.java:340)
02-10 11:37:12.217 29893  8356 W MessageQueue: 	at android.os.HandlerThread.run(HandlerThread.java:107)
02-10 11:37:12.218 29893  8356 W MessageQueue: Handler (android.os.Handler) {95448b6} sending message to a Handler on a dead thread
02-10 11:37:12.218 29893  8356 W MessageQueue: java.lang.IllegalStateException: Handler (android.os.Handler) {95448b6} sending message to a Handler on a dead thread
02-10 11:37:12.218 29893  8356 W MessageQueue: 	at android.os.MessageQueue.enqueueMessage(MessageQueue.java:612)
02-10 11:37:12.218 29893  8356 W MessageQueue: 	at android.os.Handler.enqueueMessage(Handler.java:842)
02-10 11:37:12.218 29893  8356 W MessageQueue: 	at android.os.Handler.sendMessageAtFrontOfQueue(Handler.java:761)
02-10 11:37:12.218 29893  8356 W MessageQueue: 	at X.8fF.Fl6(Unknown Source:8)
02-10 11:37:12.218 29893  8356 W MessageQueue: 	at X.8fE.A01(Unknown Source:29)
02-10 11:37:12.218 29893  8356 W MessageQueue: 	at X.8uR.G2z(Unknown Source:29)
02-10 11:37:12.218 29893  8356 W MessageQueue: 	at X.8oZ.A08(Unknown Source:128)
02-10 11:37:12.218 29893  8356 W MessageQueue: 	at X.8oZ.handleMessage(Unknown Source:1468)
02-10 11:37:12.218 29893  8356 W MessageQueue: 	at android.os.Handler.dispatchMessage(Handler.java:105)
02-10 11:37:12.218 29893  8356 W MessageQueue: 	at android.os.Looper.loopOnce(Looper.java:250)
02-10 11:37:12.218 29893  8356 W MessageQueue: 	at android.os.Looper.loop(Looper.java:340)
02-10 11:37:12.218 29893  8356 W MessageQueue: 	at android.os.HandlerThread.run(HandlerThread.java:107)
02-10 11:37:12.396 29893 29897 I stagram.android: Background young concurrent copying GC freed 16MB AllocSpace bytes, 43(1876KB) LOS objects, 6% free, 207MB/223MB, paused 452us,205us total 159.725ms
02-10 11:37:14.468 29893 29771 E IdleQueuePayloadBasedServiceLayer: Request empty, but still some servings left: 1901
02-10 11:37:14.576 29893 29771 E IdleQueuePayloadBasedServiceLayer: Request empty, but still some servings left: -1901
02-10 11:37:14.838  7411  7436 I AidlLazyServiceRegistrar: Process has 0 (of 1 available) client(s) in use after notification artd has clients: 0
02-10 11:37:14.838  7411  7436 I AidlLazyServiceRegistrar: Trying to shut down the service. No clients in use for any service in process.
02-10 11:37:14.839  7411  7436 I AidlLazyServiceRegistrar: Unregistered all clients and exiting
02-10 11:37:16.861 29893  6780 E IdleQueuePayloadBasedServiceLayer: Request empty, but still some servings left: 100186
02-10 11:37:16.915 29893  6780 E IdleQueuePayloadBasedServiceLayer: Request empty, but still some servings left: -100186
02-10 11:37:21.205 29893 24607 E IdleQueuePayloadBasedServiceLayer: Request empty, but still some servings left: 192641
02-10 11:37:21.254 29893 24607 E IdleQueuePayloadBasedServiceLayer: Request empty, but still some servings left: -192641
02-10 11:37:26.072 29893 29771 E IdleQueuePayloadBasedServiceLayer: Request empty, but still some servings left: 245118
02-10 11:37:26.201 29893 29771 E IdleQueuePayloadBasedServiceLayer: Request empty, but still some servings left: -245118
02-10 11:37:28.405 29893 29897 I stagram.android: Background young concurrent copying GC freed 13MB AllocSpace bytes, 12(664KB) LOS objects, 7% free, 206MB/223MB, paused 149us,100us total 107.515ms
02-10 11:37:31.045 29893 24607 E IdleQueuePayloadBasedServiceLayer: Request empty, but still some servings left: 87632
02-10 11:37:31.061 29893 24607 E IdleQueuePayloadBasedServiceLayer: Request empty, but still some servings left: -87632
02-10 11:37:35.937 29893  6780 E IdleQueuePayloadBasedServiceLayer: Request empty, but still some servings left: 100271
02-10 11:37:35.970 29893  6780 E IdleQueuePayloadBasedServiceLayer: Request empty, but still some servings left: -100271
02-10 11:37:40.870 29893 29771 E IdleQueuePayloadBasedServiceLayer: Request empty, but still some servings left: 172100
02-10 11:37:40.940 29893 29771 E IdleQueuePayloadBasedServiceLayer: Request empty, but still some servings left: -172100
02-10 11:37:45.625 29893 29893 E stagram.android: No package ID ff found for resource ID 0xffffffff.
02-10 11:37:45.629 29893 29893 E stagram.android: No package ID ff found for resource ID 0xffffffff.
02-10 11:37:45.629 29893 29893 E stagram.android: Invalid resource ID 0x00000008.
02-10 11:37:45.633 29893 29893 E stagram.android: Invalid resource ID 0x00000008.
02-10 11:37:45.633 29893 29893 E stagram.android: Invalid resource ID 0x00000008.
02-10 11:37:45.636 29893 29893 E stagram.android: Invalid resource ID 0x00000008.
02-10 11:37:45.636 29893 29893 E stagram.android: Invalid resource ID 0x00000008.
02-10 11:37:45.640 29893 29893 E stagram.android: Invalid resource ID 0x00000008.
02-10 11:37:45.640 29893 29893 E stagram.android: Invalid resource ID 0x00000008.
02-10 11:37:45.643 29893 29893 E stagram.android: Invalid resource ID 0x00000008.
02-10 11:37:45.710 29893 29893 W C4F     : Pos=441 holder=X.2Ti@adfbd54
02-10 11:37:45.716 29893  8487 W DefaultTrackSelector: Audio channel count constraints cannot be applied without reference to Context. Build the track selector instance with one of the non-deprecated constructors that take a Context argument.
02-10 11:37:45.720 29893  8488 W MediaCodecSelectorHelper: Unexpected mime type audio/mp4a-latm
02-10 11:37:45.720 29893  8488 W MediaCodecSelectorHelper: Unexpected mime type audio/mp4a-latm
02-10 11:37:45.721 29893  8488 W MediaCodecSelectorHelper: Unexpected mime type audio/mp4a-latm
02-10 11:37:45.721 29893  8488 W MediaCodecSelectorHelper: Unexpected mime type audio/mp4a-latm
02-10 11:37:45.721 29893  8488 W MediaCodecSelectorHelper: Unexpected mime type audio/mp4a-latm
02-10 11:37:45.721 29893  8488 W MediaCodecSelectorHelper: Unexpected mime type audio/mp4a-latm
02-10 11:37:45.722 29893 29893 E VideoPlayerImpl: IgBaseVideoPlayer Warning: AV1_INSTANTIATION AV1_INSTANTIATION AV1 decoding using Dav1d;meta.dav1d.av1.decoder
02-10 11:37:45.735 29893  8488 E ExoDav1dDecoder_JNI: Dav1dDecoder::dav1dInit -- setup signal action
02-10 11:37:45.736 29893  8488 W MediaCodecSelectorHelper: Unexpected mime type audio/mp4a-latm
02-10 11:37:45.737 29893  8488 I VideoRenderQualityTracker: mConfiguration.enabled:0
02-10 11:37:45.743 29893  8488 I CCodecBufferChannel: Constructor 0xb40000792088f160
02-10 11:37:45.743 29893  8488 I CCodecBufferChannel: mIsVivoLogEnable = 0
02-10 11:37:45.753 29893  8494 I CCodec  : setting up 'default' as default (vendor) store
02-10 11:37:45.759 29893  8494 I CCodec  : Created component [c2.android.aac.decoder]
02-10 11:37:45.774 29893  8494 I CCodecConfig: query failed after returning 21 values (BAD_INDEX)
02-10 11:37:45.779 29893  8494 W libc    : Access denied finding property "vendor.vivo.debug.PqSetting.enable"
02-10 11:37:45.780 29893  8494 W Codec2Client: query -- param skipped: index = 1107298332.
02-10 11:37:45.781 29893  8494 I CCodecConfig: query failed after returning 21 values (BAD_INDEX)
02-10 11:37:45.786 29893  8494 W Codec2Client: query -- param skipped: index = 1342179345.
02-10 11:37:45.786 29893  8494 W Codec2Client: query -- param skipped: index = 2415921170.
02-10 11:37:45.786 29893  8494 W Codec2Client: query -- param skipped: index = 1610614798.
02-10 11:37:45.788 29893  8494 I CCodecBufferChannel: mIsVivoLogEnable = 0
02-10 11:37:45.794 29893  8494 I CCodecBufferChannel: [c2.android.aac.decoder#203] Created output block pool with allocatorID 16 => poolID 53336 - OK
02-10 11:37:45.795 29893  8494 I CCodecBufferChannel: [0xb40000792088f160][c2.android.aac.decoder#203],using arrayMode ouputBuffers for linear outputstream.
02-10 11:37:45.836 29893 29893 I ScrollIdentify: on fling
02-10 11:37:45.997 29893 29897 I stagram.android: Background young concurrent copying GC freed 13MB AllocSpace bytes, 16(688KB) LOS objects, 3% free, 215MB/223MB, paused 2.080ms,279us total 260.611ms
02-10 11:37:46.011 29893  8494 I MediaCodec: [c2.android.aac.decoder] output format changed to: AMessage(what = 0x00000000) = {
02-10 11:37:46.011 29893  8494 I MediaCodec:       int32_t aac-drc-album-mode = 0
02-10 11:37:46.011 29893  8494 I MediaCodec:       int32_t aac-drc-boost-level = 127
02-10 11:37:46.011 29893  8494 I MediaCodec:       int32_t aac-drc-cut-level = 127
02-10 11:37:46.011 29893  8494 I MediaCodec:       int32_t aac-drc-effect-type = 3
02-10 11:37:46.011 29893  8494 I MediaCodec:       int32_t aac-drc-output-loudness = 56
02-10 11:37:46.011 29893  8494 I MediaCodec:       int32_t aac-encoded-target-level = -1
02-10 11:37:46.011 29893  8494 I MediaCodec:       int32_t aac-max-output-channel_count = 8
02-10 11:37:46.011 29893  8494 I MediaCodec:       int32_t aac-target-ref-level = 56
02-10 11:37:46.011 29893  8494 I MediaCodec:       int32_t bitrate = 64000
02-10 11:37:46.011 29893  8494 I MediaCodec:       int32_t buffer-batch-max-output-size = 0
02-10 11:37:46.011 29893  8494 I MediaCodec:       int32_t buffer-batch-threshold-output-size = 0
02-10 11:37:46.011 29893  8494 I MediaCodec:       int32_t channel-count = 2
02-10 11:37:46.011 29893  8494 I MediaCodec:       int32_t channel-mask = 12
02-10 11:37:46.011 29893  8494 I MediaCodec:       int32_t max-output-channel-count = 8
02-10 11:37:46.011 29893  8494 I MediaCodec:       string mime = "audio/raw"
02-10 11:37:46.011 29893  8494 I MediaCodec:       int32_t sample-rate = 44100
02-10 11:37:46.011 29893  8494 I MediaCodec:       int32_t android._config-pcm-encoding = 2
02-10 11:37:46.011 29893  8494 I MediaCodec:     }
02-10 11:37:46.050 29893  8439 I CCodecConfig: query failed after returning 21 values (BAD_INDEX)
02-10 11:37:46.051 29893  8439 W Codec2Client: query -- param skipped: index = 1342179345.
02-10 11:37:46.051 29893  8439 W Codec2Client: query -- param skipped: index = 2415921170.
02-10 11:37:46.051 29893  8439 W Codec2Client: query -- param skipped: index = 1610614798.
02-10 11:37:46.055 29893  8439 I MediaCodec: ++kWhatRelease   mState :6
02-10 11:37:46.058 29893  8439 I MediaCodec: ++kWhatRelease   mState :2
02-10 11:37:46.062 29893  8429 W MessageQueue: Handler (android.os.Handler) {16a0ce7} sending message to a Handler on a dead thread
02-10 11:37:46.062 29893  8429 W MessageQueue: java.lang.IllegalStateException: Handler (android.os.Handler) {16a0ce7} sending message to a Handler on a dead thread
02-10 11:37:46.062 29893  8429 W MessageQueue: 	at android.os.MessageQueue.enqueueMessage(MessageQueue.java:612)
02-10 11:37:46.062 29893  8429 W MessageQueue: 	at android.os.Handler.enqueueMessage(Handler.java:842)
02-10 11:37:46.062 29893  8429 W MessageQueue: 	at android.os.Handler.sendMessageAtTime(Handler.java:738)
02-10 11:37:46.062 29893  8429 W MessageQueue: 	at android.os.Handler.sendMessageDelayed(Handler.java:708)
02-10 11:37:46.062 29893  8429 W MessageQueue: 	at android.os.Handler.sendMessage(Handler.java:646)
02-10 11:37:46.062 29893  8429 W MessageQueue: 	at android.os.Message.sendToTarget(Message.java:476)
02-10 11:37:46.062 29893  8429 W MessageQueue: 	at X.9bu.A01(Unknown Source:4)
02-10 11:37:46.062 29893  8429 W MessageQueue: 	at X.9bf.G2z(Unknown Source:9)
02-10 11:37:46.062 29893  8429 W MessageQueue: 	at X.8uR.G2z(Unknown Source:11)
02-10 11:37:46.062 29893  8429 W MessageQueue: 	at X.8oZ.A08(Unknown Source:128)
02-10 11:37:46.062 29893  8429 W MessageQueue: 	at X.8oZ.handleMessage(Unknown Source:1468)
02-10 11:37:46.062 29893  8429 W MessageQueue: 	at android.os.Handler.dispatchMessage(Handler.java:105)
02-10 11:37:46.062 29893  8429 W MessageQueue: 	at android.os.Looper.loopOnce(Looper.java:250)
02-10 11:37:46.062 29893  8429 W MessageQueue: 	at android.os.Looper.loop(Looper.java:340)
02-10 11:37:46.062 29893  8429 W MessageQueue: 	at android.os.HandlerThread.run(HandlerThread.java:107)
02-10 11:37:46.063 29893  8429 W MessageQueue: Handler (android.os.Handler) {c4c573d} sending message to a Handler on a dead thread
02-10 11:37:46.063 29893  8429 W MessageQueue: java.lang.IllegalStateException: Handler (android.os.Handler) {c4c573d} sending message to a Handler on a dead thread
02-10 11:37:46.063 29893  8429 W MessageQueue: 	at android.os.MessageQueue.enqueueMessage(MessageQueue.java:612)
02-10 11:37:46.063 29893  8429 W MessageQueue: 	at android.os.Handler.enqueueMessage(Handler.java:842)
02-10 11:37:46.063 29893  8429 W MessageQueue: 	at android.os.Handler.sendMessageAtFrontOfQueue(Handler.java:761)
02-10 11:37:46.063 29893  8429 W MessageQueue: 	at X.8fF.Fl6(Unknown Source:8)
02-10 11:37:46.063 29893  8429 W MessageQueue: 	at X.8fE.A01(Unknown Source:29)
02-10 11:37:46.063 29893  8429 W MessageQueue: 	at X.8uR.G2z(Unknown Source:29)
02-10 11:37:46.063 29893  8429 W MessageQueue: 	at X.8oZ.A08(Unknown Source:128)
02-10 11:37:46.063 29893  8429 W MessageQueue: 	at X.8oZ.handleMessage(Unknown Source:1468)
02-10 11:37:46.063 29893  8429 W MessageQueue: 	at android.os.Handler.dispatchMessage(Handler.java:105)
02-10 11:37:46.063 29893  8429 W MessageQueue: 	at android.os.Looper.loopOnce(Looper.java:250)
02-10 11:37:46.063 29893  8429 W MessageQueue: 	at android.os.Looper.loop(Looper.java:340)
02-10 11:37:46.063 29893  8429 W MessageQueue: 	at android.os.HandlerThread.run(HandlerThread.java:107)
02-10 11:37:46.064 29893  8505 I hw-BpHwBinder: onLastStrongRef automatically unlinking death recipients
02-10 11:37:46.067 29893  8439 I CCodecBufferChannel: Destructor 0xb40000792072a9c0
--------- beginning of system
02-10 11:37:46.335 27798 27819 E ActivityThread: Failed to find provider info for com.vivo.awarecontext.awareeventprovider
02-10 11:37:47.090 29893 29897 I stagram.android: Background concurrent copying GC freed 12MB AllocSpace bytes, 49(18MB) LOS objects, 11% free, 188MB/212MB, paused 530us,93us total 1.091s
02-10 11:37:47.094 29893 29899 E stagram.android: [SurfaceTexture-0-29893-515] setSurfaceTextureListener: listener is nullptr
02-10 11:37:47.095 29893 29899 E stagram.android: [SurfaceTexture-0-29893-514] setSurfaceTextureListener: listener is nullptr
02-10 11:37:48.020 29893 30002 E msys    : E[N mns]_CacheRefreshTimerCallback(454)=>Start active cache refresh DNS resolution
02-10 11:37:48.020 29893 30002 E msys    : E[N mns]_CacheRefreshTimerCallback(454)=>Start active cache refresh DNS resolution
02-10 11:37:48.020 29893 30002 E msys    : E[N mns]_CacheRefreshTimerCallback(454)=>Start active cache refresh DNS resolution
02-10 11:37:48.021 29893 30002 E msys    : E[N mns]_CacheRefreshTimerCallback(454)=>Start active cache refresh DNS resolution
02-10 11:37:48.021 29893 30002 E msys    : E[N mns]_CacheRefreshTimerCallback(454)=>Start active cache refresh DNS resolution
02-10 11:37:48.021 29893 30002 E msys    : E[N mns]_CacheRefreshTimerCallback(454)=>Start active cache refresh DNS resolution
02-10 11:37:48.032 29893 30002 E msys    : E[N mns]_OnSystemDNSSuccessCallback(340)=>Cache refresh succeeded with system DNS resolver. IP count: 2
02-10 11:37:48.106 29893 30002 E msys    : E[N mns]_OnSystemDNSSuccessCallback(340)=>Cache refresh succeeded with system DNS resolver. IP count: 2
02-10 11:37:48.107 29893 30002 E msys    : E[N mns]_OnSystemDNSSuccessCallback(340)=>Cache refresh succeeded with system DNS resolver. IP count: 2
02-10 11:37:48.110 29893 30002 E msys    : E[N mns]_OnSystemDNSSuccessCallback(340)=>Cache refresh succeeded with system DNS resolver. IP count: 2
02-10 11:37:48.110 29893 30002 E msys    : E[N mns]_OnSystemDNSSuccessCallback(340)=>Cache refresh succeeded with system DNS resolver. IP count: 2
02-10 11:37:48.137 29893 30002 E msys    : E[N mns]_OnSystemDNSSuccessCallback(340)=>Cache refresh succeeded with system DNS resolver. IP count: 2
02-10 11:37:48.266 29893 24607 E IdleQueuePayloadBasedServiceLayer: Request empty, but still some servings left: 356789
02-10 11:37:48.354 29893 24607 E IdleQueuePayloadBasedServiceLayer: Request empty, but still some servings left: -356789
02-10 11:37:50.785 29893 29771 E IdleQueuePayloadBasedServiceLayer: Request empty, but still some servings left: 269662
02-10 11:37:50.932 29893 29771 E IdleQueuePayloadBasedServiceLayer: Request empty, but still some servings left: -269662
02-10 11:37:55.097 29893 20346 E IdleQueuePayloadBasedServiceLayer: Request empty, but still some servings left: 213582
02-10 11:37:55.155 29893 20346 E IdleQueuePayloadBasedServiceLayer: Request empty, but still some servings left: -213582
02-10 11:38:00.022 29893 29771 E IdleQueuePayloadBasedServiceLayer: Request empty, but still some servings left: 220002
02-10 11:38:00.405 29893 29771 E IdleQueuePayloadBasedServiceLayer: Request empty, but still some servings left: -215906
02-10 11:38:04.883 29893 20346 E IdleQueuePayloadBasedServiceLayer: Request empty, but still some servings left: 212720
02-10 11:38:05.008 29893 20346 E IdleQueuePayloadBasedServiceLayer: Request empty, but still some servings left: -212720
02-10 11:38:09.790 29893  8488 W MediaCodecSelectorHelper: Unexpected mime type audio/mp4a-latm
02-10 11:38:09.791 29893  8488 W MediaCodecSelectorHelper: Unexpected mime type audio/mp4a-latm
02-10 11:38:09.791 29893  8488 W MediaCodecSelectorHelper: Unexpected mime type audio/mp4a-latm
02-10 11:38:09.791 29893  8488 W MediaCodecSelectorHelper: Unexpected mime type audio/mp4a-latm
02-10 11:38:09.791 29893  8488 W MediaCodecSelectorHelper: Unexpected mime type audio/mp4a-latm
02-10 11:38:09.791 29893  8488 W MediaCodecSelectorHelper: Unexpected mime type audio/mp4a-latm
02-10 11:38:14.235 29893 29893 E stagram.android: Invalid resource ID 0x00000008.
02-10 11:38:14.238 29893 29893 E stagram.android: Invalid resource ID 0x00000008.
02-10 11:38:14.238 29893 29893 E stagram.android: Invalid resource ID 0x00000008.
02-10 11:38:14.242 29893 29893 E stagram.android: Invalid resource ID 0x00000008.
02-10 11:38:14.242 29893 29893 E stagram.android: Invalid resource ID 0x00000008.
02-10 11:38:14.245 29893 29893 E stagram.android: Invalid resource ID 0x00000008.
02-10 11:38:14.245 29893 29893 E stagram.android: Invalid resource ID 0x00000008.
02-10 11:38:14.249 29893 29893 E stagram.android: Invalid resource ID 0x00000008.
02-10 11:38:14.356 29893 29893 W C4F     : Pos=442 holder=X.2Ti@71d56aa
02-10 11:38:14.369 29893  8615 W DefaultTrackSelector: Audio channel count constraints cannot be applied without reference to Context. Build the track selector instance with one of the non-deprecated constructors that take a Context argument.
02-10 11:38:14.372 29893  8616 W MediaCodecSelectorHelper: Unexpected mime type audio/mp4a-latm
02-10 11:38:14.372 29893  8616 W MediaCodecSelectorHelper: Unexpected mime type audio/mp4a-latm
02-10 11:38:14.377 29893 29893 E VideoPlayerImpl: IgBaseVideoPlayer Warning: AV1_INSTANTIATION AV1_INSTANTIATION AV1 decoding using Dav1d;meta.dav1d.av1.decoder
02-10 11:38:14.390 29893  8616 E ExoDav1dDecoder_JNI: Dav1dDecoder::dav1dInit -- setup signal action
02-10 11:38:14.391 29893  8616 W MediaCodecSelectorHelper: Unexpected mime type audio/mp4a-latm
02-10 11:38:14.394 29893  8616 I VideoRenderQualityTracker: mConfiguration.enabled:0
02-10 11:38:14.397 29893  8616 I CCodecBufferChannel: Constructor 0xb40000792077cb00
02-10 11:38:14.397 29893  8616 I CCodecBufferChannel: mIsVivoLogEnable = 0
02-10 11:38:14.402 29893 29893 I ScrollIdentify: on fling
02-10 11:38:14.403 29893  8623 I CCodec  : setting up 'default' as default (vendor) store
02-10 11:38:14.409 29893  8623 I CCodec  : Created component [c2.android.aac.decoder]
02-10 11:38:14.420 29893  8623 I CCodecConfig: query failed after returning 21 values (BAD_INDEX)
02-10 11:38:14.424 29893  8623 W libc    : Access denied finding property "vendor.vivo.debug.PqSetting.enable"
02-10 11:38:14.425 29893  8623 W Codec2Client: query -- param skipped: index = 1107298332.
02-10 11:38:14.425 29893  8623 I CCodecConfig: query failed after returning 21 values (BAD_INDEX)
02-10 11:38:14.427 29893  8623 W Codec2Client: query -- param skipped: index = 1342179345.
02-10 11:38:14.427 29893  8623 W Codec2Client: query -- param skipped: index = 2415921170.
02-10 11:38:14.427 29893  8623 W Codec2Client: query -- param skipped: index = 1610614798.
02-10 11:38:14.428 29893  8623 I CCodecBufferChannel: mIsVivoLogEnable = 0
02-10 11:38:14.432 29893  8623 I CCodecBufferChannel: [c2.android.aac.decoder#478] Created output block pool with allocatorID 16 => poolID 53338 - OK
02-10 11:38:14.434 29893  8623 I CCodecBufferChannel: [0xb40000792077cb00][c2.android.aac.decoder#478],using arrayMode ouputBuffers for linear outputstream.
02-10 11:38:14.458 29893  8623 I MediaCodec: [c2.android.aac.decoder] output format changed to: AMessage(what = 0x00000000) = {
02-10 11:38:14.458 29893  8623 I MediaCodec:       int32_t aac-drc-album-mode = 0
02-10 11:38:14.458 29893  8623 I MediaCodec:       int32_t aac-drc-boost-level = 127
02-10 11:38:14.458 29893  8623 I MediaCodec:       int32_t aac-drc-cut-level = 127
02-10 11:38:14.458 29893  8623 I MediaCodec:       int32_t aac-drc-effect-type = 3
02-10 11:38:14.458 29893  8623 I MediaCodec:       int32_t aac-drc-output-loudness = -1
02-10 11:38:14.458 29893  8623 I MediaCodec:       int32_t aac-encoded-target-level = -1
02-10 11:38:14.458 29893  8623 I MediaCodec:       int32_t aac-max-output-channel_count = 8
02-10 11:38:14.458 29893  8623 I MediaCodec:       int32_t aac-target-ref-level = 64
02-10 11:38:14.458 29893  8623 I MediaCodec:       int32_t bitrate = 64000
02-10 11:38:14.458 29893  8623 I MediaCodec:       int32_t buffer-batch-max-output-size = 0
02-10 11:38:14.458 29893  8623 I MediaCodec:       int32_t buffer-batch-threshold-output-size = 0
02-10 11:38:14.458 29893  8623 I MediaCodec:       int32_t channel-count = 2
02-10 11:38:14.458 29893  8623 I MediaCodec:       int32_t channel-mask = 12
02-10 11:38:14.458 29893  8623 I MediaCodec:       int32_t max-output-channel-count = 8
02-10 11:38:14.458 29893  8623 I MediaCodec:       string mime = "audio/raw"
02-10 11:38:14.458 29893  8623 I MediaCodec:       int32_t sample-rate = 44100
02-10 11:38:14.458 29893  8623 I MediaCodec:       int32_t android._config-pcm-encoding = 2
02-10 11:38:14.458 29893  8623 I MediaCodec:     }
02-10 11:38:14.588 29893 29893 W RecyclerView: Cannot call this method in a scroll callback. Scroll callbacks mightbe run during a measure & layout pass where you cannot change theRecyclerView data. Any method call that might change the structureof the RecyclerView or the adapter contents should be postponed tothe next frame.
02-10 11:38:14.588 29893 29893 W RecyclerView: java.lang.IllegalStateException:  X.8xg{85f630f VFED..... ......ID 0,0-720,1382 #8 aid=7}, adapter:X.6hG@de7ca59, layout:X.013@addf444, context:X.7zy@185e92d
02-10 11:38:14.588 29893 29893 W RecyclerView: 	at androidx.recyclerview.widget.RecyclerView.A1G(Unknown Source:68)
02-10 11:38:14.588 29893 29893 W RecyclerView: 	at X.8xo.A08(:3)
02-10 11:38:14.588 29893 29893 W RecyclerView: 	at X.0WX.A03(Unknown Source:18)
02-10 11:38:14.588 29893 29893 W RecyclerView: 	at X.7Zl.A0D(Unknown Source:3)
02-10 11:38:14.588 29893 29893 W RecyclerView: 	at X.09B.A0O(Unknown Source:362)
02-10 11:38:14.588 29893 29893 W RecyclerView: 	at X.09B.A0g(Unknown Source:88)
02-10 11:38:14.588 29893 29893 W RecyclerView: 	at X.7n0.invoke(Unknown Source:107)
02-10 11:38:14.588 29893 29893 W RecyclerView: 	at X.1Qb.A07(Unknown Source:8)
02-10 11:38:14.588 29893 29893 W RecyclerView: 	at X.1Qb.Ebp(Unknown Source:6)
02-10 11:38:14.588 29893 29893 W RecyclerView: 	at X.4ht.A00(Unknown Source:44)
02-10 11:38:14.588 29893 29893 W RecyclerView: 	at X.2jO.A02(Unknown Source:228)
02-10 11:38:14.588 29893 29893 W RecyclerView: 	at X.1Ra.GIH(Unknown Source:42)
02-10 11:38:14.588 29893 29893 W RecyclerView: 	at X.1Qj.A0c(Unknown Source:15)
02-10 11:38:14.588 29893 29893 W RecyclerView: 	at X.1Ok.ELh(Unknown Source:56)
02-10 11:38:14.588 29893 29893 W RecyclerView: 	at X.ANU.invoke(Unknown Source:361)
02-10 11:38:14.588 29893 29893 W RecyclerView: 	at X.7p7.A06(Unknown Source:15)
02-10 11:38:14.588 29893 29893 W RecyclerView: 	at X.AWp.invoke(Unknown Source:627)
02-10 11:38:14.588 29893 29893 W RecyclerView: 	at X.7p7.A0C(Unknown Source:26)
02-10 11:38:14.588 29893 29893 W RecyclerView: 	at X.1Ok.A0I(Unknown Source:140)
02-10 11:38:14.588 29893 29893 W RecyclerView: 	at X.1Ok.A0A(Unknown Source:24)
02-10 11:38:14.588 29893 29893 W RecyclerView: 	at X.2Bb.DOA(Unknown Source:225)
02-10 11:38:14.588 29893 29893 W RecyclerView: 	at X.1fK.DOA(Unknown Source:32)
02-10 11:38:14.588 29893 29893 W RecyclerView: 	at X.1fL.A0I(Unknown Source:44)
02-10 11:38:14.588 29893 29893 W RecyclerView: 	at X.1fL.EbX(Unknown Source:37)
02-10 11:38:14.588 29893 29893 W RecyclerView: 	at X.1eQ.EbX(Unknown Source:36)
02-10 11:38:14.588 29893 29893 W RecyclerView: 	at X.4ID.A02(Unknown Source:131)
02-10 11:38:14.588 29893 29893 W RecyclerView: 	at X.4ID.E2y(Unknown Source:4)
02-10 11:38:14.588 29893 29893 W RecyclerView: 	at X.3Ub.A00(Unknown Source:117)
02-10 11:38:14.588 29893 29893 W RecyclerView: 	at X.3Ub.E3I(Unknown Source:1)
02-10 11:38:14.588 29893 29893 W RecyclerView: 	at X.1eP.E3I(Unknown Source:18)
02-10 11:38:14.588 29893 29893 W RecyclerView: 	at X.2Nb.F3H(Unknown Source:46)
02-10 11:38:14.588 29893 29893 W RecyclerView: 	at X.1fX.A01(Unknown Source:26)
02-10 11:38:14.588 29893 29893 W RecyclerView: 	at X.8wq.A01(:18)
02-10 11:38:14.588 29893 29893 W RecyclerView: 	at X.8wq.A01(:18)
02-10 11:38:14.588 29893 29893 W RecyclerView: 	at X.01U.A02(Unknown Source:20)
02-10 11:38:14.588 29893 29893 W RecyclerView: 	at X.01U.A0H(Unknown Source:102)
02-10 11:38:14.588 29893 29893 W RecyclerView: 	at androidx.recyclerview.widget.RecyclerView.A0z(Unknown Source:48)
02-10 11:38:14.588 29893 29893 W RecyclerView: 	at X.8yc.run(:207)
02-10 11:38:14.588 29893 29893 W RecyclerView: 	at android.view.Choreographer$CallbackRecord.run(Choreographer.java:2459)
02-10 11:38:14.588 29893 29893 W RecyclerView: 	at android.view.Choreographer$CallbackRecord.run(Choreographer.java:2468)
02-10 11:38:14.588 29893 29893 W RecyclerView: 	at android.view.Choreographer.doCallbacks(Choreographer.java:1693)
02-10 11:38:14.588 29893 29893 W RecyclerView: 	at android.view.Choreographer.doFrame(Choreographer.java:1422)
02-10 11:38:14.588 29893 29893 W RecyclerView: 	at android.view.Choreographer$FrameDisplayEventReceiver.run(Choreographer.java:2284)
02-10 11:38:14.588 29893 29893 W RecyclerView: 	at android.os.Handler.handleCallback(Handler.java:1014)
02-10 11:38:14.588 29893 29893 W RecyclerView: 	at android.os.Handler.dispatchMessage(Handler.java:102)
02-10 11:38:14.588 29893 29893 W RecyclerView: 	at android.os.Looper.loopOnce(Looper.java:250)
02-10 11:38:14.588 29893 29893 W RecyclerView: 	at android.os.Looper.loop(Looper.java:340)
02-10 11:38:14.588 29893 29893 W RecyclerView: 	at android.app.ActivityThread.main(ActivityThread.java:9911)
02-10 11:38:14.588 29893 29893 W RecyclerView: 	at java.lang.reflect.Method.invoke(Native Method)
02-10 11:38:14.588 29893 29893 W RecyclerView: 	at com.android.internal.os.RuntimeInit$MethodAndArgsCaller.run(RuntimeInit.java:621)
02-10 11:38:14.588 29893 29893 W RecyclerView: 	at com.android.internal.os.ZygoteInit.main(ZygoteInit.java:957)
02-10 11:38:14.623 29893  8494 I CCodecConfig: query failed after returning 21 values (BAD_INDEX)
02-10 11:38:14.626 29893  8494 W Codec2Client: query -- param skipped: index = 1342179345.
