02-10 11:29:41.898 29893 29893 W View    :                                                                                                   litho.<cls>X.3zH</cls>{208b375 V.E..... .. 0,0-68,68}
02-10 11:29:41.898 29893 29893 W View    :                                                                                                     litho.<cls>X.51V</cls>{5e03f0a V.E..... .. 0,0-68,68}
02-10 11:29:41.898 29893 29893 W View    :                                                                                                       litho.<cls>X.7hE</cls>{f6c137b V.E...C. .. 0,0-68,68 litho:id/profile_picture}
02-10 11:29:41.898 29893 29893 W View    :                                                                                               litho.<cls>X.3y9</cls>{b15f598 V.E..... .. 68,44-409,77}
02-10 11:29:41.898 29893 29893 W View    :                                                                                                 litho.Column{4be11f1 V.E..... .. 0,0-341,33}
02-10 11:29:41.898 29893 29893 W View    :                                                                                                   litho.Row{fcb41d6 V.E...C. .. 0,0-341,33}
02-10 11:29:41.898 29893 29893 W View    :                                                                                                     litho.<cls>X.41A</cls>{91e6c57 V.E..... .. 0,0-341,33}
02-10 11:29:41.898 29893 29893 W View    :                                                                                                       litho.Text{940d344 V.E..... .. 0,0-341,33}
02-10 11:29:41.898 29893 29893 W View    :                                                                                                         litho.TextComponent{b90dc2d V.E...C. .. 0,0-341,33 litho:id/username text="molshriii and deartanmaya"}
02-10 11:29:41.898 29893 29893 W View    :                                                                                                           X.7nB{ec6dc2e V.E...C. .. 0,0-100,33 text="molshriii" props="{"synthetic":true}"}
02-10 11:29:41.898 29893 29893 W View    :                                                                                                           X.7nB{b55f3cf V.E...C. .. 157,0-314,33 text="deartanmaya" props="{"synthetic":true}"}
02-10 11:29:41.898 29893 29893 W View    :                                                                                             litho.Column{791a562 V.E..... .. 409,19-573,98}
02-10 11:29:41.898 29893 29893 W View    :                                                                                               litho.Column{53376f3 V.E...C. .. 0,0-164,79}
02-10 11:29:41.898 29893 29893 W View    :                                                                                                 litho.<cls>X.3z9</cls>{819dfb0 V.E..... .. 11,15-138,68}
02-10 11:29:41.898 29893 29893 W View    :                                                                                                   litho.<cls>X.3uJ</cls>{74c0e29 V.E..... .. 0,0-127,53 litho:id/follow_button text="Follow"}
02-10 11:29:41.898 29893 29893 W View    :                                                                                         litho.<cls>X.3w0</cls>{468b5ae V.E..... .. 0,98-592,150}
02-10 11:29:41.898 29893 29893 W View    :                                                                                           litho.Column{a848f4f V.E..... .. 0,0-592,52}
02-10 11:29:41.898 29893 29893 W View    :                                                                                             litho.<cls>X.2Om</cls>{43546dc V.E..... .. 0,0-592,52}
02-10 11:29:41.898 29893 29893 W View    :                                                                                         litho.Row{6e63e5 V.E..... .. 0,150-592,150}
02-10 11:29:41.898 29893 29893 W View    :                                                                                           litho.Row{98e7eba V.E..... .. 0,0-0,0}
02-10 11:29:41.898 29893 29893 W View    :                                                                       litho.Row{a24d16b V.E..... .. 622,539-720,1363}
02-10 11:29:41.898 29893 29893 W View    :                                                                         litho.<cls>X.4Fa</cls>{d3df4c8 V.E..... .. 0,0-83,794}
02-10 11:29:41.898 29893 29893 W View    :                                                                           litho.Column{ea65961 V.E..... .. 0,0-83,794}
02-10 11:29:41.898 29893 29893 W View    :                                                                             litho.<cls>X.4Fe</cls>{e15cc86 V.E..... .. 0,0-83,83}
02-10 11:29:41.898 29893 29893 W View    :                                                                               litho.<cls>X.4nK</cls>{93d1947 VFE...C. .. 0,0-83,83 litho:id/like_button}
02-10 11:29:41.898 29893 29893 W View    :                                                                             litho.Text{a19574 V.E..... .. 0,83-83,128}
02-10 11:29:41.898 29893 29893 W View    :                                                                               litho.TextComponent{c0e2a9d V.E...C. .. 0,0-83,45 litho:id/ufi_count text="128K"}
02-10 11:29:41.898 29893 29893 W View    :                                                                             litho.<cls>X.4Fi</cls>{5722b12 V.E..... .. 0,128-83,211}
02-10 11:29:41.898 29893 29893 W View    :                                                                               litho.<cls>X.4nK</cls>{ca802e3 VFE...C. .. 0,0-83,83 litho:id/comment_button}
02-10 11:29:41.898 29893 29893 W View    :                                                                             litho.Text{2fc94e0 V.E..... .. 0,211-83,256}
02-10 11:29:41.898 29893 29893 W View    :                                                                               litho.TextComponent{27d399 V.E...C. .. 0,0-83,45 litho:id/ufi_count text="2,036"}
02-10 11:29:41.898 29893 29893 W View    :                                                                             litho.<cls>X.4Fj</cls>{4c3e65e V.E..... .. 0,256-83,339}
02-10 11:29:41.898 29893 29893 W View    :                                                                               litho.<cls>X.4nK</cls>{24dea3f VFE...C. .. 0,0-83,83 litho:id/repost_button}
02-10 11:29:41.898 29893 29893 W View    :                                                                             litho.Text{4461f0c V.E..... .. 0,339-83,384}
02-10 11:29:41.898 29893 29893 W View    :                                                                               litho.TextComponent{e991055 V.E...C. .. 0,0-83,45 litho:id/ufi_count text="1,515"}
02-10 11:29:41.898 29893 29893 W View    :                                                                             litho.Column{e40a6a V.E..... .. 0,384-83,482}
02-10 11:29:41.898 29893 29893 W View    :                                                                               litho.<cls>X.4Fk</cls>{440eb5b V.E..... .. 0,0-83,83}
02-10 11:29:41.898 29893 29893 W View    :                                                                                 litho.<cls>X.4nK</cls>{abc1ff8 VFE...C. .. 0,0-83,83 litho:id/direct_share_button}
02-10 11:29:41.898 29893 29893 W View    :                                                                             litho.Text{5a75cd1 V.E..... .. 0,467-83,512}
02-10 11:29:41.898 29893 29893 W View    :                                                                               litho.TextComponent{1306336 V.E...C. .. 0,0-83,45 litho:id/ufi_count text="17.1K"}
02-10 11:29:41.898 29893 29893 W View    :                                                                             litho.<cls>X.4Fl</cls>{198e237 V.E..... .. 0,512-83,595}
02-10 11:29:41.898 29893 29893 W View    :                                                                               litho.<cls>X.4nK</cls>{8f43a4 VFE...C. .. 0,0-83,83 litho:id/save_button}
02-10 11:29:41.898 29893 29893 W View    :                                                                             litho.Text{873f50d V.E..... .. 0,595-83,640}
02-10 11:29:41.898 29893 29893 W View    :                                                                               litho.TextComponent{3177cc2 V.E...C. .. 0,0-83,45 litho:id/save_count text="10.7K"}
02-10 11:29:41.898 29893 29893 W View    :                                                                             litho.<cls>X.4nK</cls>{90f6ad3 VFE...C. .. 0,640-83,723 litho:id/more_button}
02-10 11:29:41.898 29893 29893 W View    :                                                                             litho.<cls>X.4Gc</cls>{4ef610 V.E..... .. 14,738-70,794}
02-10 11:29:41.898 29893 29893 W View    :                                                                               litho.Row{f7d509 V.E..... .. 0,0-56,56}
02-10 11:29:41.898 29893 29893 W View    :                                                                                 litho.<cls>X.4nK</cls>{a64a30e VFE...C. .. 0,0-56,56 litho:id/media_album_art_button}
02-10 11:29:41.898 29893 29893 W View    :                                                                     litho.<cls>X.3u0</cls>{15be12f V.E..... .. 0,1363-720,1363}
02-10 11:29:41.898 29893 29893 W View    :                                                                       litho.Column{c15633c V.E..... .. 0,0-720,0}
02-10 11:29:41.898 29893 29893 W View    :                                                                     litho.Row{5bfb8c5 V.E..... .. 0,1363-720,1382}
02-10 11:29:41.898 29893 29893 W View    :                                                                 litho.Row{a4be21a V.E..... .. 0,632-720,1382}
02-10 11:29:41.898 29893 29893 W View    :                                                                   litho.<cls>X.6Ss</cls>{b4f614b V.E..... .. 0,0-720,750}
02-10 11:29:41.898 29893 29893 W View    :                                                                     litho.Column{b737728 V.E..... .. 0,0-720,750}
02-10 11:29:41.898 29893 29893 W View    :                                                                       litho.<cls>X.5UE</cls>{f681c41 V.E..... .. 0,0-720,750}
02-10 11:29:41.898 29893 29893 W View    :                                                                 litho.<cls>X.4Cy</cls>{33605e6 V.E..... .. 625,0-720,95}
02-10 11:29:41.898 29893 29893 W View    :                                                                   litho.Row{9b0c727 V.E..... .. 0,0-95,95}
02-10 11:29:41.898 29893 29893 W View    :                                                                     litho.Column{c1cddd4 V.E..... .. 0,0-95,95}
02-10 11:29:41.898 29893 29893 W View    :                                                                       litho.Row{9d93b7d V.E..... .. 23,23-72,72}
02-10 11:29:41.898 29893 29893 W View    :                                                                         litho.<cls>X.4nK</cls>{14c9a72 V.E..... .. 13,13-36,36}
02-10 11:29:41.898 29893 29893 W View    :  during layout: running second layout pass
02-10 11:29:41.898 29893 29893 W View    : requestLayout() improperly called by com.instagram.ui.simplevideolayout.SimpleVideoLayout{ac6ef2b V.E...... ......ID 0,51-720,1331 #7f0b0ca8 app:id/clips_video_container} during layout: running second layout pass
02-10 11:29:41.915 29893  6777 W DefaultTrackSelector: Audio channel count constraints cannot be applied without reference to Context. Build the track selector instance with one of the non-deprecated constructors that take a Context argument.
02-10 11:29:41.919 29893  6774 I CCodec  : Created component [c2.android.aac.decoder]
02-10 11:29:41.924 29893  6779 W MediaCodecSelectorHelper: Unexpected mime type audio/mp4a-latm
02-10 11:29:41.924 29893  6779 W MediaCodecSelectorHelper: Unexpected mime type audio/mp4a-latm
02-10 11:29:41.926 29893  6779 W MediaCodecSelectorHelper: Unexpected mime type audio/mp4a-latm
02-10 11:29:41.927 29893  6779 W MediaCodecSelectorHelper: Unexpected mime type audio/mp4a-latm
02-10 11:29:41.927 29893  6779 W MediaCodecSelectorHelper: Unexpected mime type audio/mp4a-latm
02-10 11:29:41.927 29893  6779 W MediaCodecSelectorHelper: Unexpected mime type audio/mp4a-latm
02-10 11:29:41.954 29893  6774 I CCodecConfig: query failed after returning 21 values (BAD_INDEX)
02-10 11:29:41.963 29893  6774 W libc    : Access denied finding property "vendor.vivo.debug.PqSetting.enable"
02-10 11:29:41.965 29893  6774 W Codec2Client: query -- param skipped: index = 1107298332.
02-10 11:29:41.965 29893  6774 I CCodecConfig: query failed after returning 21 values (BAD_INDEX)
02-10 11:29:41.971 29893 30002 E msys    : E[N mns]_OnDiskCacheGetData(632)=>Start post callback cache refresh DNS resolution
02-10 11:29:41.982 29893  6779 E ExoDav1dDecoder_JNI: Dav1dDecoder::dav1dInit -- setup signal action
02-10 11:29:41.989 29893 29893 E VideoPlayerImpl: IgBaseVideoPlayer Warning: AV1_INSTANTIATION AV1_INSTANTIATION AV1 decoding using Dav1d;meta.dav1d.av1.decoder
02-10 11:29:41.991 29893 29893 E SlowAppComponent: 0ms: KeepWarmReceiver instantiatingΓÇª
02-10 11:29:41.991 29893 29893 E SlowAppComponent: Main thread was blocked for 241ms in the foreground starting with KeepWarmReceiver
02-10 11:29:41.993 29893  6779 W MediaCodecSelectorHelper: Unexpected mime type audio/mp4a-latm
02-10 11:29:41.994 29893 30002 E msys    : E[N mns]_OnSystemDNSSuccessCallback(340)=>Cache refresh succeeded with system DNS resolver. IP count: 2
02-10 11:29:41.996 29893  6774 W Codec2Client: query -- param skipped: index = 1342179345.
02-10 11:29:41.996 29893  6774 W Codec2Client: query -- param skipped: index = 2415921170.
02-10 11:29:41.996 29893  6774 W Codec2Client: query -- param skipped: index = 1610614798.
02-10 11:29:41.996 29893  6779 I VideoRenderQualityTracker: mConfiguration.enabled:0
02-10 11:29:41.997 29893  6774 I CCodecBufferChannel: mIsVivoLogEnable = 0
02-10 11:29:41.998 29893  6779 I CCodecBufferChannel: Constructor 0xb4000079207668f0
02-10 11:29:41.998 29893  6779 I CCodecBufferChannel: mIsVivoLogEnable = 0
02-10 11:29:42.010 29893  6792 I CCodec  : setting up 'default' as default (vendor) store
02-10 11:29:42.019 29893  6774 I CCodecBufferChannel: [c2.android.aac.decoder#584] Created output block pool with allocatorID 16 => poolID 53285 - OK
02-10 11:29:42.020 29893  6792 I CCodec  : Created component [c2.android.aac.decoder]
02-10 11:29:42.020 29893  6774 I CCodecBufferChannel: [0xb40000792040c5c0][c2.android.aac.decoder#584],using arrayMode ouputBuffers for linear outputstream.
02-10 11:29:42.052 29893  6792 I CCodecConfig: query failed after returning 21 values (BAD_INDEX)
02-10 11:29:42.055 29893  6794 E IdleQueuePayloadBasedServiceLayer: Request empty, but still some servings left: 40960
02-10 11:29:42.058 29893  6792 W libc    : Access denied finding property "vendor.vivo.debug.PqSetting.enable"
02-10 11:29:42.064 29893  6774 I MediaCodec: [c2.android.aac.decoder] output format changed to: AMessage(what = 0x00000000) = {
02-10 11:29:42.064 29893  6774 I MediaCodec:       int32_t aac-drc-album-mode = 0
02-10 11:29:42.064 29893  6774 I MediaCodec:       int32_t aac-drc-boost-level = 127
02-10 11:29:42.064 29893  6774 I MediaCodec:       int32_t aac-drc-cut-level = 127
02-10 11:29:42.064 29893  6774 I MediaCodec:       int32_t aac-drc-effect-type = 3
02-10 11:29:42.064 29893  6774 I MediaCodec:       int32_t aac-drc-output-loudness = 56
02-10 11:29:42.064 29893  6774 I MediaCodec:       int32_t aac-encoded-target-level = -1
02-10 11:29:42.064 29893  6774 I MediaCodec:       int32_t aac-max-output-channel_count = 8
02-10 11:29:42.064 29893  6774 I MediaCodec:       int32_t aac-target-ref-level = 56
02-10 11:29:42.064 29893  6774 I MediaCodec:       int32_t bitrate = 64000
02-10 11:29:42.064 29893  6774 I MediaCodec:       int32_t buffer-batch-max-output-size = 0
02-10 11:29:42.064 29893  6774 I MediaCodec:       int32_t buffer-batch-threshold-output-size = 0
02-10 11:29:42.064 29893  6774 I MediaCodec:       int32_t channel-count = 2
02-10 11:29:42.064 29893  6774 I MediaCodec:       int32_t channel-mask = 12
02-10 11:29:42.064 29893  6774 I MediaCodec:       int32_t max-output-channel-count = 8
02-10 11:29:42.064 29893  6774 I MediaCodec:       string mime = "audio/raw"
02-10 11:29:42.064 29893  6774 I MediaCodec:       int32_t sample-rate = 44100
02-10 11:29:42.064 29893  6774 I MediaCodec:       int32_t android._config-pcm-encoding = 2
02-10 11:29:42.064 29893  6774 I MediaCodec:     }
02-10 11:29:42.065 29893  6792 W Codec2Client: query -- param skipped: index = 1107298332.
02-10 11:29:42.066 29893  6792 I CCodecConfig: query failed after returning 21 values (BAD_INDEX)
02-10 11:29:42.070 29893  6792 W Codec2Client: query -- param skipped: index = 1342179345.
02-10 11:29:42.070 29893  6792 W Codec2Client: query -- param skipped: index = 2415921170.
02-10 11:29:42.070 29893  6792 W Codec2Client: query -- param skipped: index = 1610614798.
02-10 11:29:42.070 29893  6792 I CCodecBufferChannel: mIsVivoLogEnable = 0
02-10 11:29:42.081 29893  6792 I CCodecBufferChannel: [c2.android.aac.decoder#952] Created output block pool with allocatorID 16 => poolID 53286 - OK
02-10 11:29:42.082 29893  6792 I CCodecBufferChannel: [0xb4000079207668f0][c2.android.aac.decoder#952],using arrayMode ouputBuffers for linear outputstream.
02-10 11:29:42.107 29893  6774 I CCodecConfig: query failed after returning 21 values (BAD_INDEX)
02-10 11:29:42.110 29893  6774 W Codec2Client: query -- param skipped: index = 1342179345.
02-10 11:29:42.110 29893  6774 W Codec2Client: query -- param skipped: index = 2415921170.
02-10 11:29:42.110 29893  6774 W Codec2Client: query -- param skipped: index = 1610614798.
02-10 11:29:42.115 29893  6774 I MediaCodec: ++kWhatRelease   mState :6
02-10 11:29:42.125 29893  6792 I MediaCodec: [c2.android.aac.decoder] output format changed to: AMessage(what = 0x00000000) = {
02-10 11:29:42.125 29893  6792 I MediaCodec:       int32_t aac-drc-album-mode = 0
02-10 11:29:42.125 29893  6792 I MediaCodec:       int32_t aac-drc-boost-level = 127
02-10 11:29:42.125 29893  6792 I MediaCodec:       int32_t aac-drc-cut-level = 127
02-10 11:29:42.125 29893  6792 I MediaCodec:       int32_t aac-drc-effect-type = 3
02-10 11:29:42.125 29893  6792 I MediaCodec:       int32_t aac-drc-output-loudness = 56
02-10 11:29:42.125 29893  6792 I MediaCodec:       int32_t aac-encoded-target-level = -1
02-10 11:29:42.125 29893  6792 I MediaCodec:       int32_t aac-max-output-channel_count = 8
02-10 11:29:42.125 29893  6792 I MediaCodec:       int32_t aac-target-ref-level = 56
02-10 11:29:42.125 29893  6792 I MediaCodec:       int32_t bitrate = 64000
02-10 11:29:42.125 29893  6792 I MediaCodec:       int32_t buffer-batch-max-output-size = 0
02-10 11:29:42.125 29893  6792 I MediaCodec:       int32_t buffer-batch-threshold-output-size = 0
02-10 11:29:42.125 29893  6792 I MediaCodec:       int32_t channel-count = 2
02-10 11:29:42.125 29893  6792 I MediaCodec:       int32_t channel-mask = 12
02-10 11:29:42.125 29893  6792 I MediaCodec:       int32_t max-output-channel-count = 8
02-10 11:29:42.125 29893  6792 I MediaCodec:       string mime = "audio/raw"
02-10 11:29:42.125 29893  6792 I MediaCodec:       int32_t sample-rate = 44100
02-10 11:29:42.125 29893  6792 I MediaCodec:       int32_t android._config-pcm-encoding = 2
02-10 11:29:42.125 29893  6792 I MediaCodec:     }
02-10 11:29:42.128 29893  6774 I MediaCodec: ++kWhatRelease   mState :2
02-10 11:29:42.134 29893  6761 W MessageQueue: Handler (android.os.Handler) {319f0b5} sending message to a Handler on a dead thread
02-10 11:29:42.134 29893  6761 W MessageQueue: java.lang.IllegalStateException: Handler (android.os.Handler) {319f0b5} sending message to a Handler on a dead thread
02-10 11:29:42.134 29893  6761 W MessageQueue: 	at android.os.MessageQueue.enqueueMessage(MessageQueue.java:612)
02-10 11:29:42.134 29893  6761 W MessageQueue: 	at android.os.Handler.enqueueMessage(Handler.java:842)
02-10 11:29:42.134 29893  6761 W MessageQueue: 	at android.os.Handler.sendMessageAtTime(Handler.java:738)
02-10 11:29:42.134 29893  6761 W MessageQueue: 	at android.os.Handler.sendMessageDelayed(Handler.java:708)
02-10 11:29:42.134 29893  6761 W MessageQueue: 	at android.os.Handler.sendMessage(Handler.java:646)
02-10 11:29:42.134 29893  6761 W MessageQueue: 	at android.os.Message.sendToTarget(Message.java:476)
02-10 11:29:42.134 29893  6761 W MessageQueue: 	at X.9bu.A01(Unknown Source:4)
02-10 11:29:42.134 29893  6761 W MessageQueue: 	at X.9bf.G2z(Unknown Source:9)
02-10 11:29:42.134 29893  6761 W MessageQueue: 	at X.8uR.G2z(Unknown Source:11)
02-10 11:29:42.134 29893  6761 W MessageQueue: 	at X.8oZ.A08(Unknown Source:128)
02-10 11:29:42.134 29893  6761 W MessageQueue: 	at X.8oZ.handleMessage(Unknown Source:1468)
02-10 11:29:42.134 29893  6761 W MessageQueue: 	at android.os.Handler.dispatchMessage(Handler.java:105)
02-10 11:29:42.134 29893  6761 W MessageQueue: 	at android.os.Looper.loopOnce(Looper.java:250)
02-10 11:29:42.134 29893  6761 W MessageQueue: 	at android.os.Looper.loop(Looper.java:340)
02-10 11:29:42.134 29893  6761 W MessageQueue: 	at android.os.HandlerThread.run(HandlerThread.java:107)
02-10 11:29:42.138 29893  6761 W MessageQueue: Handler (android.os.Handler) {1b3bf97} sending message to a Handler on a dead thread
02-10 11:29:42.138 29893  6761 W MessageQueue: java.lang.IllegalStateException: Handler (android.os.Handler) {1b3bf97} sending message to a Handler on a dead thread
02-10 11:29:42.138 29893  6761 W MessageQueue: 	at android.os.MessageQueue.enqueueMessage(MessageQueue.java:612)
02-10 11:29:42.138 29893  6761 W MessageQueue: 	at android.os.Handler.enqueueMessage(Handler.java:842)
02-10 11:29:42.138 29893  6761 W MessageQueue: 	at android.os.Handler.sendMessageAtFrontOfQueue(Handler.java:761)
02-10 11:29:42.138 29893  6761 W MessageQueue: 	at X.8fF.Fl6(Unknown Source:8)
02-10 11:29:42.138 29893  6761 W MessageQueue: 	at X.8fE.A01(Unknown Source:29)
02-10 11:29:42.138 29893  6761 W MessageQueue: 	at X.8uR.G2z(Unknown Source:29)
02-10 11:29:42.138 29893  6761 W MessageQueue: 	at X.8oZ.A08(Unknown Source:128)
02-10 11:29:42.138 29893  6761 W MessageQueue: 	at X.8oZ.handleMessage(Unknown Source:1468)
02-10 11:29:42.138 29893  6761 W MessageQueue: 	at android.os.Handler.dispatchMessage(Handler.java:105)
02-10 11:29:42.138 29893  6761 W MessageQueue: 	at android.os.Looper.loopOnce(Looper.java:250)
02-10 11:29:42.138 29893  6761 W MessageQueue: 	at android.os.Looper.loop(Looper.java:340)
02-10 11:29:42.138 29893  6761 W MessageQueue: 	at android.os.HandlerThread.run(HandlerThread.java:107)
02-10 11:29:42.140 29893 20346 E IdleQueuePayloadBasedServiceLayer: Request empty, but still some servings left: -40960
02-10 11:29:42.143 29893  6795 I hw-BpHwBinder: onLastStrongRef automatically unlinking death recipients
02-10 11:29:42.149 29893  6774 I CCodecBufferChannel: Destructor 0xb40000792040c5c0
02-10 11:29:42.249 29893  6775 W AudioManager: registerAudioPlaybackCallback(),pkgname:com.instagram.android,newCbCount:1
02-10 11:29:42.268 29893  6775 W OptimizationRunner: Using cached optimization plans for 3 configurations
02-10 11:29:42.323 29893  6775 W MlockOptimization: mlock 0x776d801000 11550720 successful for 776d801000-776e305000 r--p 00000000 fe:4a 612478                         /data/app/~~7OLlHmyyJPl9XE3gdNFquw==/com.instagram.android-tYS6La1CraBlYpx2agzm3A==/oat/arm64/base.odex
02-10 11:29:42.420 29893  6775 W MlockOptimization: mlock 0x776e305000 40353792 successful for 776e305000-7770981000 r-xp 00b04000 fe:4a 612478                         /data/app/~~7OLlHmyyJPl9XE3gdNFquw==/com.instagram.android-tYS6La1CraBlYpx2agzm3A==/oat/arm64/base.odex
02-10 11:29:42.421 29893  6775 W MlockOptimization: mlock 0x7770981000 253952 successful for 7770981000-77709bf000 r--p 03180000 fe:4a 612478                         /data/app/~~7OLlHmyyJPl9XE3gdNFquw==/com.instagram.android-tYS6La1CraBlYpx2agzm3A==/oat/arm64/base.odex
02-10 11:29:42.425 29893  6775 W MlockOptimization: mlock2 0x7770a09000 129744896 successful for 7770a09000-77785c5000 rw-p 00000000 fe:4a 611159                         /data/app/~~7OLlHmyyJPl9XE3gdNFquw==/com.instagram.android-tYS6La1CraBlYpx2agzm3A==/oat/arm64/base.vdex
02-10 11:29:42.425 29893  6775 W OptimizationRunner: Optimization plan executed but processed 0 bytes
02-10 11:29:42.425 29893  6775 W ExperimentConfigurator: onAppEnterForeground completed: 2 configs executed
02-10 11:29:42.465 29893 29893 W PresenceStore: notify new presence state
02-10 11:29:42.469 29893  6775 W soft_error.cpp: [pando::graphql::PandoGraphQLRequestHybrid::assertValid] : Using a PandoGraphQLRequest after it has been consumed. Query name is IGOnDeviceAppHistoryPrivacyQuery
02-10 11:29:42.504 29893  6775 W MobileConfigFactoryImpl: SESSIONLESS factory used for SESSIONBASED param 35630:7(configKey:paramKey), 36311753759851514(paramSpecifier)
02-10 11:29:42.504 29893  6775 W AudioManager: Use of stream types is deprecated for operations other than volume control
02-10 11:29:42.505 29893  6775 W AudioManager: See the documentation of requestAudioFocus() for what to use instead with android.media.AudioAttributes to qualify your playback use case
02-10 11:29:42.661 29893 29897 I stagram.android: Background young concurrent copying GC freed 8251KB AllocSpace bytes, 42(6040KB) LOS objects, 0% free, 227MB/227MB, paused 4.117ms,340us total 773.703ms
02-10 11:29:42.736 29893 30148 W HeroManager: mediaPreload.prefetchInternal : source: Type: DASH_VOD
02-10 11:29:42.736 29893 30148 W HeroManager: 	Id: 3816514753946886447_51609571959
02-10 11:29:42.736 29893 30148 W HeroManager: 	Uri: https://instagram.fidr4-2.fna.fbcdn.net/o1/v/t16/f2/m69/AQMu0fPAPtOp148WAdl7P9u9AMvF_daLxth8-GMeD_hScwFAK9PDSeyaIPJ6Y2OsmIs2-YFjv7dD2W7K1G8mOH_h.mp4?strext=1&_nc_cat=102&_nc_oc=AdmRBAMIuZ_DjmzSgPf5llgn9__sjhGPeQvZkxpImusjl2aYdhzf-NNrKNizR7HCwpTZOpuc8T0CpdJLPPFyk9Sm&_nc_sid=5e9851&_nc_ht=instagram.fidr4-2.fna.fbcdn.net&_nc_ohc=2YQWMzb-ZSgQ7kNvwF7OKNr&efg=eyJ2ZW5jb2RlX3RhZyI6Inhwdl9wcm9ncmVzc2l2ZS5JTlNUQUdSQU0uQ0xJUFMuQzMuNzIwLmRhc2hfYmFzZWxpbmVfMV92MSIsInhwdl9hc3NldF9pZCI6MTgwNDE0NjU5MDM3MjM5NjAsImFzc2V0X2FnZV9kYXlzIjoxNywidmlfdXNlY2FzZV9pZCI6MTAwOTksImR1cmF0aW9uX3MiOjQzLCJ1cmxnZW5fc291cmNlIjoid3d3In0%3D&ccb=17-1&_nc_gid=5q8Efq5xk5r4dURbcE2Z2Q&_nc_zt=28&vs=67dbf8409c8a60f4&_nc_vs=HBksFQIYOnBhc3N0aHJvdWdoX2V2ZXJzdG9yZS9HQk9FNHlTNE1yZDlEb2NKQUFNUnRfYnBLMjF2YnNwVEFRQUYVAALIARIAFQIYUWlnX3hwdl9wbGFjZW1lbnRfcGVybWFuZW50X3YyL0M5NEM2MzU2Njc4OTU1Q0FCNTIxN0Q5MzI1MDZEMzg2X2F1ZGlvX2Rhc2hpbml0Lm1wNBUCAsgBEgAoABgAGwKIB3VzZV9vaWwBMRJwcm9ncmVzc2l2ZV9yZWNpcGUBMRUAACbw1tnmw6eMQBUCKAJDMywXQEWFHrhR64UYEmRhc2hfYmFzZWxpbmVfMV92MREAdf4HZeadAQA&oh=00_AfvFuzkmiO65Iw4SLca4RxbplXAs1c2cDjPWI5rwsWu-4Q&oe=6990B54A
02-10 11:29:42.736 29893 30148 W HeroManager: 	Origin: clips_viewer_clips_tab
02-10 11:29:42.736 29893 30148 W HeroManager: 	PrefetchOrigin: UNKNOWN
02-10 11:29:42.736 29893 30148 W HeroManager: 	DashMPD: 13660
02-10 11:29:42.736 29893 30148 W HeroManager: 	Codec: av01.0.05M.08.0.111.01.01.01.0
02-10 11:29:42.736 29893 30148 W HeroManager: 	liveLatency: -1
02-10 11:29:42.736 29893 30148 W HeroManager: 	liveLatencyTolerance: -1
02-10 11:29:42.736 29893 30148 W HeroManager: 	isSpherical: false
02-10 11:29:42.736 29893 30148 W HeroManager: 	isSponsored: false
02-10 11:29:42.736 29893 30148 W HeroManager: 	isAdBreak: false
02-10 11:29:42.736 29893 30148 W HeroManager: 	isLiveTraceEnabled: false
02-10 11:29:42.736 29893 30148 W HeroManager: 	renderMode: AUDIO_VIDEO
02-10 11:29:42.736 29893 30148 W HeroManager: 	isBroadcast: false
02-10 11:29:42.736 29893 30148 W HeroManager: 	contentType: GENERAL
02-10 11:29:42.736 29893 30148 W HeroManager: 	isAudioDataListenerEnabled: false
02-10 11:29:42.736 29893 30148 W HeroManager: 	liveViewerCount: -1, type: DASH_VOD
02-10 11:29:42.739 29893 29893 W HeroManager: mediaPreload.Skipping prefetch due to prefetch filter
02-10 11:29:42.859 29893 29770 E IdleQueuePayloadBasedServiceLayer: Request empty, but still some servings left: 38638
02-10 11:29:42.877 29893 29893 W PresenceStore: notify new presence state
02-10 11:29:42.881 29893 29770 E IdleQueuePayloadBasedServiceLayer: Request empty, but still some servings left: -38638
02-10 11:29:42.890 29893 30002 E msys    : E[N mns]_OnDiskCacheGetData(632)=>Start post callback cache refresh DNS resolution
02-10 11:29:42.918 29893 30002 E msys    : E[N mns]_OnSystemDNSSuccessCallback(340)=>Cache refresh succeeded with system DNS resolver. IP count: 2
02-10 11:29:43.061 29893  6775 E fatal   : runForegroundReporters
02-10 11:29:43.193 29893 30148 W HeroManager: mediaPreload.prefetchInternal : source: Type: DASH_VOD
02-10 11:29:43.193 29893 30148 W HeroManager: 	Id: 3804112277691596632_77887414903
02-10 11:29:43.193 29893 30148 W HeroManager: 	Uri: https://instagram.fidr4-2.fna.fbcdn.net/o1/v/t2/f2/m86/AQN90aaOxrZV_OhwilMNRp8QFz0ueMWeN1JA_MZgIn9Hbac8F_BH03wV4Tet-qKgZzVhJ-_c6Zx9KXwYSRoDCmKdW4MzUehd4Ofi5OA.mp4?_nc_cat=101&_nc_oc=AdnbhTlFGwMxicjn6rDBAxc9reOoshd7sjZvsfueEsBbm5tDIzpGVvr666nQBX9wtNCeKPbveissOnNEqhcGlzFe&_nc_sid=5e9851&_nc_ht=instagram.fidr4-2.fna.fbcdn.net&_nc_ohc=2x81w5inZB8Q7kNvwGOnMkj&efg=eyJ2ZW5jb2RlX3RhZyI6Inhwdl9wcm9ncmVzc2l2ZS5JTlNUQUdSQU0uQ0xJUFMuQzMuNzIwLmRhc2hfYmFzZWxpbmVfMV92MSIsInhwdl9hc3NldF9pZCI6MTUzMzcxOTU3NDUwNzUzMiwiYXNzZXRfYWdlX2RheXMiOjM0LCJ2aV91c2VjYXNlX2lkIjoxMDA5OSwiZHVyYXRpb25fcyI6NDYsInVybGdlbl9zb3VyY2UiOiJ3d3cifQ%3D%3D&ccb=17-1&_nc_gid=5q8Efq5xk5r4dURbcE2Z2Q&_nc_zt=28&vs=dec68d7cbba5b78d&_nc_vs=HBksFQIYUmlnX3hwdl9yZWVsc19wZXJtYW5lbnRfc3JfcHJvZC8wOTQwMjBGQTQ3RDczRDQ3QUVERjQ1OUVDMkM1MzFCNl92aWRlb19kYXNoaW5pdC5tcDQVAALIARIAFQIYOnBhc3N0aHJvdWdoX2V2ZXJzdG9yZS9HRTNiYVNRajFEbnhPWjRHQU5sck1ZazhVNzU0YnN0VEFRQUYVAgLIARIAKAAYABsCiAd1c2Vfb2lsATEScHJvZ3Jlc3NpdmVfcmVjaXBlATEVAAAmmMDjpp26uQUVAigCQzMsF0BHReNT987ZGBJkYXNoX2Jhc2VsaW5lXzFfdjERAHX-B2XmnQEA&oh=00_AfugUe3lwfair_WvkqVm0YafSYUKp7eFHbmVxNX2Van7NA&oe=698CB24E
02-10 11:29:43.193 29893 30148 W HeroManager: 	Origin: ClipsDiscoverNetworkCache_prefetchVideos
02-10 11:29:43.193 29893 30148 W HeroManager: 	PrefetchOrigin: UNKNOWN
02-10 11:29:43.193 29893 30148 W HeroManager: 	DashMPD: 19087
02-10 11:29:43.193 29893 30148 W HeroManager: 	Codec: av01.0.05M.08.0.111.01.01.01.0
02-10 11:29:43.193 29893 30148 W HeroManager: 	liveLatency: -1
02-10 11:29:43.193 29893 30148 W HeroManager: 	liveLatencyTolerance: -1
02-10 11:29:43.193 29893 30148 W HeroManager: 	isSpherical: false
02-10 11:29:43.193 29893 30148 W HeroManager: 	isSponsored: false
02-10 11:29:43.193 29893 30148 W HeroManager: 	isAdBreak: false
02-10 11:29:43.193 29893 30148 W HeroManager: 	isLiveTraceEnabled: false
02-10 11:29:43.193 29893 30148 W HeroManager: 	renderMode: AUDIO_VIDEO
02-10 11:29:43.193 29893 30148 W HeroManager: 	isBroadcast: false
02-10 11:29:43.193 29893 30148 W HeroManager: 	contentType: GENERAL
02-10 11:29:43.193 29893 30148 W HeroManager: 	isAudioDataListenerEnabled: false
02-10 11:29:43.193 29893 30148 W HeroManager: 	liveViewerCount: -1, type: DASH_VOD
02-10 11:29:43.193 29893 30148 W HeroManager: mediaPreload.prefetchInternal : source: Type: DASH_VOD
02-10 11:29:43.193 29893 30148 W HeroManager: 	Id: 3821585854725592420_462102737
02-10 11:29:43.193 29893 30148 W HeroManager: 	Uri: https://instagram.fidr4-2.fna.fbcdn.net/o1/v/t2/f2/m86/AQPK3Bw0tYqUflC3p0DeI8o3IAUgS2W5x3RF_qmmVJ9bL6NUEYeXETUhDZznc8jU9YKrTAtOWXNsFUQvSxJVHF63YaAqcXLeeeGtZkg.mp4?_nc_cat=101&_nc_oc=AdmBkMTdwUerfnVsq18WpcxaPkfEabIPD8q8iLU24N1RN8koPlMlMViYnrdUQU_7Zvj9q-b4H5NhjKJgG6E92H2f&_nc_sid=5e9851&_nc_ht=instagram.fidr4-2.fna.fbcdn.net&_nc_ohc=v89vsxDjK8EQ7kNvwEnDkuA&efg=eyJ2ZW5jb2RlX3RhZyI6Inhwdl9wcm9ncmVzc2l2ZS5JTlNUQUdSQU0uQ0xJUFMuQzMuNzIwLmRhc2hfYmFzZWxpbmVfMV92MSIsInhwdl9hc3NldF9pZCI6MTc5NDAyODE1ODAxMDg4OTgsImFzc2V0X2FnZV9kYXlzIjoxMCwidmlfdXNlY2FzZV9pZCI6MTAwOTksImR1cmF0aW9uX3MiOjYwLCJ1cmxnZW5fc291cmNlIjoid3d3In0%3D&ccb=17-1&_nc_gid=5q8Efq5xk5r4dURbcE2Z2Q&_nc_zt=28&vs=200dbba6fa74c016&_nc_vs=HBksFQIYUmlnX3hwdl9yZWVsc19wZXJtYW5lbnRfc3JfcHJvZC81MjRERjRDRkNDOEMxQzkxOTQ1NkY3MUREQTRDMEVBN192aWRlb19kYXNoaW5pdC5tcDQVAALIARIAFQIYUWlnX3hwdl9wbGFjZW1lbnRfcGVybWFuZW50X3YyLzdBNDI4MDM2NTBFMTRBRjM3N0E2RjA0QkM4MEQ4NjhCX2F1ZGlvX2Rhc2hpbml0Lm1wNBUCAsgBEgAoABgAGwKIB3VzZV9vaWwBMRJwcm9ncmVzc2l2ZV9yZWNpcGUBMRUAACbE8YXs6aXePxUCKAJDMywXQE44UeuFHrgYEmRhc2hfYmFzZWxpbmVfMV92MREAdf4HZeadAQA&oh=00_AfslMHQ7zJs-hXzuLVLrXVYfJ6O9Ns6_xCwE3kv3B4mi-A&oe=698CA6FA
02-10 11:29:43.193 29893 30148 W HeroManager: 	Origin: ClipsDiscoverNetworkCache_prefetchVideos
02-10 11:29:43.193 29893 30148 W HeroManager: 	PrefetchOrigin: UNKNOWN
02-10 11:29:43.193 29893 30148 W HeroManager: 	DashMPD: 19254
02-10 11:29:43.193 29893 30148 W HeroManager: 	Codec: av01.0.05M.08.0.111.01.01.01.0
02-10 11:29:43.193 29893 30148 W HeroManager: 	liveLatency: -1
02-10 11:29:43.193 29893 30148 W HeroManager: 	liveLatencyTolerance: -1
02-10 11:29:43.193 29893 30148 W HeroManager: 	isSpherical: false
02-10 11:29:43.193 29893 30148 W HeroManager: 	isSponsored: false
02-10 11:29:43.193 29893 30148 W HeroManager: 	isAdBreak: false
02-10 11:29:43.193 29893 30148 W HeroManager: 	isLiveTraceEnabled: false
02-10 11:29:43.193 29893 30148 W HeroManager: 	renderMode: AUDIO_VIDEO
02-10 11:29:43.193 29893 30148 W HeroManager: 	isBroadcast: false
02-10 11:29:43.193 29893 30148 W HeroManager: 	contentType: GENERAL
02-10 11:29:43.193 29893 30148 W HeroManager: 	isAudioDataListenerEnabled: false
02-10 11:29:43.193 29893 30148 W HeroManager: 	liveViewerCount: -1, type: DASH_VOD
02-10 11:29:43.194 29893 30148 W HeroManager: mediaPreload.prefetchInternal : source: Type: DASH_VOD
02-10 11:29:43.194 29893 30148 W HeroManager: 	Id: 3801095352212900027_200658166
02-10 11:29:43.194 29893 30148 W HeroManager: 	Uri: https://instagram.fidr4-1.fna.fbcdn.net/o1/v/t2/f2/m86/AQMZfz8N0GpBRme02chPcU-fMMF8B8gEz4NHLstSz4QEVKyCRpGg1SQHDEV874UBmS9Ucs72V5sW1wU2szJ7QvvzpoTMvxXAyFdYuaI.mp4?_nc_cat=111&_nc_oc=AdkzeeLAfqJGp306YwMbML79BG_G_rTOJ29ieC0KWsTVVWIe7Q8anZ0O0uXwOIsod-LnSUifia2VhSxBwjNYX785&_nc_sid=5e9851&_nc_ht=instagram.fidr4-1.fna.fbcdn.net&_nc_ohc=m0iIP3s9FRQQ7kNvwHz5LL1&efg=eyJ2ZW5jb2RlX3RhZyI6Inhwdl9wcm9ncmVzc2l2ZS5JTlNUQUdSQU0uQ0xJUFMuQzMuNzIwLmRhc2hfYmFzZWxpbmVfMV92MSIsInhwdl9hc3NldF9pZCI6MTU5OTUxMjk2Nzg1NDAwOCwiYXNzZXRfYWdlX2RheXMiOjM4LCJ2aV91c2VjYXNlX2lkIjoxMDA5OSwiZHVyYXRpb25fcyI6NzQsInVybGdlbl9zb3VyY2UiOiJ3d3cifQ%3D%3D&ccb=17-1&_nc_gid=5q8Efq5xk5r4dURbcE2Z2Q&_nc_zt=28&vs=a6770ddc4cd989af&_nc_vs=HBksFQIYUmlnX3hwdl9yZWVsc19wZXJtYW5lbnRfc3JfcHJvZC80RTRFMzlGMTk1MTc5Nzk0Q0FCNjRERUY4QzYwQTJBN192aWRlb19kYXNoaW5pdC5tcDQVAALIARIAFQIYR2lnX3hwdl9yZWVsc19wZXJtYW5lbnRfc3JfcHJvZC80MjA3NTQ2Njg2MjQwMjIzXzM0NTExOTI1Mzg2ODYyMzY5MDcubXA0FQICyAESACgAGAAbAogHdXNlX29pbAExEnByb2dyZXNzaXZlX3JlY2lwZQExFQAAJvDemaT0r9cFFQIoAkMzLBdAUoeuFHrhSBgSZGFzaF9iYXNlbGluZV8xX3YxEQB1_gdl5p0BAA&oh=00_Afv7TMDxohjyQiFBpM12mzyfUSV0T10ui5RHpsXF1To6gA&oe=698CAC4C
02-10 11:29:43.194 29893 30148 W HeroManager: 	Origin: ClipsDiscoverNetworkCache_prefetchVideos
02-10 11:29:43.194 29893 30148 W HeroManager: 	PrefetchOrigin: UNKNOWN
02-10 11:29:43.194 29893 30148 W HeroManager: 	DashMPD: 19130
02-10 11:29:43.194 29893 30148 W HeroManager: 	Codec: av01.0.04M.08.0.111.01.01.01.0
02-10 11:29:43.194 29893 30148 W HeroManager: 	liveLatency: -1
02-10 11:29:43.194 29893 30148 W HeroManager: 	liveLatencyTolerance: -1
02-10 11:29:43.194 29893 30148 W HeroManager: 	isSpherical: false
02-10 11:29:43.194 29893 30148 W HeroManager: 	isSponsored: false
02-10 11:29:43.194 29893 30148 W HeroManager: 	isAdBreak: false
02-10 11:29:43.194 29893 30148 W HeroManager: 	isLiveTraceEnabled: false
02-10 11:29:43.194 29893 30148 W HeroManager: 	renderMode: AUDIO_VIDEO
02-10 11:29:43.194 29893 30148 W HeroManager: 	isBroadcast: false
02-10 11:29:43.194 29893 30148 W HeroManager: 	contentType: GENERAL
02-10 11:29:43.194 29893 30148 W HeroManager: 	isAudioDataListenerEnabled: false
02-10 11:29:43.194 29893 30148 W HeroManager: 	liveViewerCount: -1, type: DASH_VOD
02-10 11:29:43.690 29893  6780 E IdleQueuePayloadBasedServiceLayer: Request empty, but still some servings left: 24170
02-10 11:29:43.716 29893  6780 E IdleQueuePayloadBasedServiceLayer: Request empty, but still some servings left: -24170
02-10 11:29:43.937 29893 29897 I stagram.android: Background concurrent copying GC freed 16MB AllocSpace bytes, 113(36MB) LOS objects, 11% free, 187MB/211MB, paused 178us,104us total 1.274s
02-10 11:29:43.959 29893 29899 E stagram.android: [SurfaceTexture-0-29893-489] setSurfaceTextureListener: listener is nullptr
02-10 11:29:44.567 29893 29771 E IdleQueuePayloadBasedServiceLayer: Request empty, but still some servings left: 376576
02-10 11:29:44.666 29893 24607 E IdleQueuePayloadBasedServiceLayer: Request empty, but still some servings left: -376576
02-10 11:29:46.933 29893 20346 E IdleQueuePayloadBasedServiceLayer: Request empty, but still some servings left: 274588
02-10 11:29:47.016 29893 20346 E IdleQueuePayloadBasedServiceLayer: Request empty, but still some servings left: -274588
02-10 11:29:47.740 29893  6759 E FbnsAIDLClientManager: Max Try reached for binding to FbnsAIDLService, threadId 19934
02-10 11:29:47.741 29893  6759 E FbnsAIDLClientManager: Fbns AIDL request got RemoteException
02-10 11:29:47.741 29893  6759 E FbnsAIDLClientManager: android.os.RemoteException: AIDLService is not bound
02-10 11:29:47.741 29893  6759 E FbnsAIDLClientManager: 	at X.5iV.A00(Unknown Source:92)
02-10 11:29:47.741 29893  6759 E FbnsAIDLClientManager: 	at X.9tx.call(Unknown Source:303)
02-10 11:29:47.741 29893  6759 E FbnsAIDLClientManager: 	at java.util.concurrent.FutureTask.run(FutureTask.java:317)
02-10 11:29:47.741 29893  6759 E FbnsAIDLClientManager: 	at java.util.concurrent.ThreadPoolExecutor.runWorker(ThreadPoolExecutor.java:1154)
02-10 11:29:47.741 29893  6759 E FbnsAIDLClientManager: 	at java.util.concurrent.ThreadPoolExecutor$Worker.run(ThreadPoolExecutor.java:652)
02-10 11:29:47.741 29893  6759 E FbnsAIDLClientManager: 	at java.lang.Thread.run(Thread.java:1563)
02-10 11:29:51.256 29893 24607 E IdleQueuePayloadBasedServiceLayer: Request empty, but still some servings left: 514911
02-10 11:29:51.376 29893 24607 E IdleQueuePayloadBasedServiceLayer: Request empty, but still some servings left: -498527
02-10 11:29:52.383 29893 29897 I stagram.android: Background young concurrent copying GC freed 12MB AllocSpace bytes, 33(5824KB) LOS objects, 5% free, 201MB/211MB, paused 139us,199us total 133.774ms
02-10 11:29:53.095 29893 29897 I stagram.android: Background concurrent copying GC freed 3674KB AllocSpace bytes, 6(27MB) LOS objects, 11% free, 186MB/210MB, paused 128us,147us total 569.585ms
02-10 11:29:56.163 29893 20346 E IdleQueuePayloadBasedServiceLayer: Request empty, but still some servings left: 401026
02-10 11:29:56.274 29893 20346 E IdleQueuePayloadBasedServiceLayer: Request empty, but still some servings left: -401026
02-10 11:29:58.991 29893 30002 E msys    : E[N mns]_OnDiskCacheGetData(632)=>Start post callback cache refresh DNS resolution
02-10 11:29:58.998 29893 30002 E msys    : E[N mns]_OnSystemDNSSuccessCallback(340)=>Cache refresh succeeded with system DNS resolver. IP count: 2
02-10 11:30:01.098 29893 24607 E IdleQueuePayloadBasedServiceLayer: Request empty, but still some servings left: 282924
02-10 11:30:01.159 29893 24607 E IdleQueuePayloadBasedServiceLayer: Request empty, but still some servings left: -282924
02-10 11:30:06.021 29893 32189 E IdleQueuePayloadBasedServiceLayer: Request empty, but still some servings left: 181979
02-10 11:30:06.092 29893 32189 E IdleQueuePayloadBasedServiceLayer: Request empty, but still some servings left: -181979
02-10 11:30:11.033 29893 24607 E IdleQueuePayloadBasedServiceLayer: Request empty, but still some servings left: 248899
02-10 11:30:11.100 29893 24607 E IdleQueuePayloadBasedServiceLayer: Request empty, but still some servings left: -248899
02-10 11:30:16.013 29893 32189 E IdleQueuePayloadBasedServiceLayer: Request empty, but still some servings left: 210139
02-10 11:30:16.056 29893 32189 E IdleQueuePayloadBasedServiceLayer: Request empty, but still some servings left: -210139
02-10 11:30:17.533 29893 29893 E stagram.android: No package ID ff found for resource ID 0xffffffff.
02-10 11:30:17.537 29893 29893 E stagram.android: No package ID ff found for resource ID 0xffffffff.
02-10 11:30:17.537 29893 29893 E stagram.android: Invalid resource ID 0x00000008.
02-10 11:30:17.540 29893 29893 E stagram.android: Invalid resource ID 0x00000008.
02-10 11:30:17.540 29893 29893 E stagram.android: Invalid resource ID 0x00000008.
02-10 11:30:17.544 29893 29893 E stagram.android: Invalid resource ID 0x00000008.
02-10 11:30:17.544 29893 29893 E stagram.android: Invalid resource ID 0x00000008.
02-10 11:30:17.547 29893 29893 E stagram.android: Invalid resource ID 0x00000008.
02-10 11:30:17.548 29893 29893 E stagram.android: Invalid resource ID 0x00000008.
02-10 11:30:17.551 29893 29893 E stagram.android: Invalid resource ID 0x00000008.
02-10 11:30:17.670 29893 29893 W C4F     : Pos=422 holder=X.2Ti@5249c1c
02-10 11:30:17.677 29893  6885 W DefaultTrackSelector: Audio channel count constraints cannot be applied without reference to Context. Build the track selector instance with one of the non-deprecated constructors that take a Context argument.
02-10 11:30:17.680 29893  6886 W MediaCodecSelectorHelper: Unexpected mime type audio/mp4a-latm
02-10 11:30:17.680 29893  6886 W MediaCodecSelectorHelper: Unexpected mime type audio/mp4a-latm
02-10 11:30:17.680 29893  6886 W MediaCodecSelectorHelper: Unexpected mime type audio/mp4a-latm
02-10 11:30:17.680 29893  6886 W MediaCodecSelectorHelper: Unexpected mime type audio/mp4a-latm
02-10 11:30:17.681 29893  6886 W MediaCodecSelectorHelper: Unexpected mime type audio/mp4a-latm
02-10 11:30:17.681 29893  6886 W MediaCodecSelectorHelper: Unexpected mime type audio/mp4a-latm
02-10 11:30:17.691 29893 29893 E VideoPlayerImpl: IgBaseVideoPlayer Warning: AV1_INSTANTIATION AV1_INSTANTIATION AV1 decoding using Dav1d;meta.dav1d.av1.decoder
02-10 11:30:17.706 29893  6886 E ExoDav1dDecoder_JNI: Dav1dDecoder::dav1dInit -- setup signal action
02-10 11:30:17.714 29893  6886 W MediaCodecSelectorHelper: Unexpected mime type audio/mp4a-latm
02-10 11:30:17.716 29893  6886 I VideoRenderQualityTracker: mConfiguration.enabled:0
02-10 11:30:17.720 29893  6886 I CCodecBufferChannel: Constructor 0xb4000079203574e0
02-10 11:30:17.720 29893  6886 I CCodecBufferChannel: mIsVivoLogEnable = 0
02-10 11:30:17.725 29893  6892 I CCodec  : setting up 'default' as default (vendor) store
02-10 11:30:17.732 29893  6892 I CCodec  : Created component [c2.android.aac.decoder]
02-10 11:30:17.748 29893  6892 I CCodecConfig: query failed after returning 21 values (BAD_INDEX)
02-10 11:30:17.755 29893  6892 W libc    : Access denied finding property "vendor.vivo.debug.PqSetting.enable"
02-10 11:30:17.772 29893  6892 W Codec2Client: query -- param skipped: index = 1107298332.
02-10 11:30:17.773 29893  6892 I CCodecConfig: query failed after returning 21 values (BAD_INDEX)
02-10 11:30:17.777 29893  6892 W Codec2Client: query -- param skipped: index = 1342179345.
02-10 11:30:17.778 29893  6892 W Codec2Client: query -- param skipped: index = 2415921170.
02-10 11:30:17.778 29893  6892 W Codec2Client: query -- param skipped: index = 1610614798.
02-10 11:30:17.778 29893  6892 I CCodecBufferChannel: mIsVivoLogEnable = 0
02-10 11:30:17.784 29893  6892 I CCodecBufferChannel: [c2.android.aac.decoder#899] Created output block pool with allocatorID 16 => poolID 53288 - OK
02-10 11:30:17.788 29893  6892 I CCodecBufferChannel: [0xb4000079203574e0][c2.android.aac.decoder#899],using arrayMode ouputBuffers for linear outputstream.
02-10 11:30:18.804 29893  6892 I MediaCodec: [c2.android.aac.decoder] output format changed to: AMessage(what = 0x00000000) = {
02-10 11:30:18.804 29893  6892 I MediaCodec:       int32_t aac-drc-album-mode = 0
02-10 11:30:18.804 29893  6892 I MediaCodec:       int32_t aac-drc-boost-level = 127
02-10 11:30:18.804 29893  6892 I MediaCodec:       int32_t aac-drc-cut-level = 127
02-10 11:30:18.804 29893  6892 I MediaCodec:       int32_t aac-drc-effect-type = 3
02-10 11:30:18.804 29893  6892 I MediaCodec:       int32_t aac-drc-output-loudness = 56
02-10 11:30:18.804 29893  6892 I MediaCodec:       int32_t aac-encoded-target-level = -1
02-10 11:30:18.804 29893  6892 I MediaCodec:       int32_t aac-max-output-channel_count = 8
02-10 11:30:18.804 29893  6892 I MediaCodec:       int32_t aac-target-ref-level = 56
02-10 11:30:18.804 29893  6892 I MediaCodec:       int32_t bitrate = 64000
02-10 11:30:18.804 29893  6892 I MediaCodec:       int32_t buffer-batch-max-output-size = 0
02-10 11:30:18.804 29893  6892 I MediaCodec:       int32_t buffer-batch-threshold-output-size = 0
02-10 11:30:18.804 29893  6892 I MediaCodec:       int32_t channel-count = 2
02-10 11:30:18.804 29893  6892 I MediaCodec:       int32_t channel-mask = 12
02-10 11:30:18.804 29893  6892 I MediaCodec:       int32_t max-output-channel-count = 8
02-10 11:30:18.804 29893  6892 I MediaCodec:       string mime = "audio/raw"
02-10 11:30:18.804 29893  6892 I MediaCodec:       int32_t sample-rate = 48000
02-10 11:30:18.804 29893  6892 I MediaCodec:       int32_t android._config-pcm-encoding = 2
02-10 11:30:18.804 29893  6892 I MediaCodec:     }
02-10 11:30:19.394 29893 29893 I ScrollIdentify: on fling
02-10 11:30:19.610 29893  6792 I CCodecConfig: query failed after returning 21 values (BAD_INDEX)
02-10 11:30:19.610 29893  6792 W Codec2Client: query -- param skipped: index = 1342179345.
02-10 11:30:19.610 29893  6792 W Codec2Client: query -- param skipped: index = 2415921170.
02-10 11:30:19.610 29893  6792 W Codec2Client: query -- param skipped: index = 1610614798.
02-10 11:30:19.611 29893  6792 I MediaCodec: ++kWhatRelease   mState :6
02-10 11:30:19.614 29893  6792 I MediaCodec: ++kWhatRelease   mState :2
02-10 11:30:19.615 29893  6777 W MessageQueue: Handler (android.os.Handler) {b69c98a} sending message to a Handler on a dead thread
02-10 11:30:19.615 29893  6777 W MessageQueue: java.lang.IllegalStateException: Handler (android.os.Handler) {b69c98a} sending message to a Handler on a dead thread
02-10 11:30:19.615 29893  6777 W MessageQueue: 	at android.os.MessageQueue.enqueueMessage(MessageQueue.java:612)
02-10 11:30:19.615 29893  6777 W MessageQueue: 	at android.os.Handler.enqueueMessage(Handler.java:842)
02-10 11:30:19.615 29893  6777 W MessageQueue: 	at android.os.Handler.sendMessageAtTime(Handler.java:738)
02-10 11:30:19.615 29893  6777 W MessageQueue: 	at android.os.Handler.sendMessageDelayed(Handler.java:708)
02-10 11:30:19.615 29893  6777 W MessageQueue: 	at android.os.Handler.sendMessage(Handler.java:646)
02-10 11:30:19.615 29893  6777 W MessageQueue: 	at android.os.Message.sendToTarget(Message.java:476)
02-10 11:30:19.615 29893  6777 W MessageQueue: 	at X.9bu.A01(Unknown Source:4)
02-10 11:30:19.615 29893  6777 W MessageQueue: 	at X.9bf.G2z(Unknown Source:9)
02-10 11:30:19.615 29893  6777 W MessageQueue: 	at X.8uR.G2z(Unknown Source:11)
02-10 11:30:19.615 29893  6777 W MessageQueue: 	at X.8oZ.A08(Unknown Source:128)
02-10 11:30:19.615 29893  6777 W MessageQueue: 	at X.8oZ.handleMessage(Unknown Source:1468)
02-10 11:30:19.615 29893  6777 W MessageQueue: 	at android.os.Handler.dispatchMessage(Handler.java:105)
02-10 11:30:19.615 29893  6777 W MessageQueue: 	at android.os.Looper.loopOnce(Looper.java:250)
02-10 11:30:19.615 29893  6777 W MessageQueue: 	at android.os.Looper.loop(Looper.java:340)
02-10 11:30:19.615 29893  6777 W MessageQueue: 	at android.os.HandlerThread.run(HandlerThread.java:107)
02-10 11:30:19.615 29893  6792 I hw-BpHwBinder: onLastStrongRef automatically unlinking death recipients
02-10 11:30:19.616 29893  6777 W MessageQueue: Handler (android.os.Handler) {2d0c418} sending message to a Handler on a dead thread
02-10 11:30:19.616 29893  6777 W MessageQueue: java.lang.IllegalStateException: Handler (android.os.Handler) {2d0c418} sending message to a Handler on a dead thread
02-10 11:30:19.616 29893  6777 W MessageQueue: 	at android.os.MessageQueue.enqueueMessage(MessageQueue.java:612)
02-10 11:30:19.616 29893  6777 W MessageQueue: 	at android.os.Handler.enqueueMessage(Handler.java:842)
02-10 11:30:19.616 29893  6777 W MessageQueue: 	at android.os.Handler.sendMessageAtFrontOfQueue(Handler.java:761)
02-10 11:30:19.616 29893  6777 W MessageQueue: 	at X.8fF.Fl6(Unknown Source:8)
02-10 11:30:19.616 29893  6777 W MessageQueue: 	at X.8fE.A01(Unknown Source:29)
02-10 11:30:19.616 29893  6777 W MessageQueue: 	at X.8uR.G2z(Unknown Source:29)
02-10 11:30:19.616 29893  6777 W MessageQueue: 	at X.8oZ.A08(Unknown Source:128)
02-10 11:30:19.616 29893  6777 W MessageQueue: 	at X.8oZ.handleMessage(Unknown Source:1468)
02-10 11:30:19.616 29893  6777 W MessageQueue: 	at android.os.Handler.dispatchMessage(Handler.java:105)
02-10 11:30:19.616 29893  6777 W MessageQueue: 	at android.os.Looper.loopOnce(Looper.java:250)
02-10 11:30:19.616 29893  6777 W MessageQueue: 	at android.os.Looper.loop(Looper.java:340)
02-10 11:30:19.616 29893  6777 W MessageQueue: 	at android.os.HandlerThread.run(HandlerThread.java:107)
02-10 11:30:19.617 29893  6792 I CCodecBufferChannel: Destructor 0xb4000079207668f0
02-10 11:30:21.687 29893 30002 E msys    : E[N mns]_OnDiskCacheGetData(632)=>Start post callback cache refresh DNS resolution
02-10 11:30:21.692 29893 30002 E msys    : E[N mns]_OnSystemDNSSuccessCallback(340)=>Cache refresh succeeded with system DNS resolver. IP count: 2
02-10 11:30:21.894 29893 20346 E IdleQueuePayloadBasedServiceLayer: Request empty, but still some servings left: 220820
02-10 11:30:21.975 29893 20346 E IdleQueuePayloadBasedServiceLayer: Request empty, but still some servings left: -220820
02-10 11:30:24.231 29893 24607 E IdleQueuePayloadBasedServiceLayer: Request empty, but still some servings left: 171094
