02-10 16:44:10.423 D/BoundBrokerSvc(26559): Loading bound service for intent: Intent { act=com.google.android.gms.inappreach.service.START dat=chimera-action:/... cmp=com.google.android.gms/.chimera.GmsApiService }
02-10 16:44:11.052 I/GoogleInputMethodService(30706): GoogleInputMethodService.onFinishInput():2099 
02-10 16:44:11.053 I/Module  (30706): DeviceLockedStatusModuleProvider$Module.updateDeviceLockedStatus():103 repeatCheckTimes = 0, locked = false
02-10 16:44:11.054 I/GoogleInputMethodService(30706): GoogleInputMethodService.onStartInput():1371 onStartInput(EditorInfo{EditorInfo{packageName=com.android.launcher3, inputType=0, inputTypeString=NULL, enableLearning=false, autoCorrection=false, autoComplete=false, imeOptions=0, privateImeOptions=null, actionName=UNSPECIFIED, actionLabel=null, initialSelStart=-1, initialSelEnd=-1, initialCapsMode=0, label=null, fieldId=0, fieldName=null, extras=null, hintText=null, hintLocales=[]}}, false)
02-10 16:44:11.055 I/Module  (30706): DeviceLockedStatusModuleProvider$Module.updateDeviceLockedStatus():103 repeatCheckTimes = 1, locked = false
02-10 16:44:11.604 I/GoogleInputMethodService(30706): GoogleInputMethodService.onFinishInput():2099 
02-10 16:44:11.605 I/Module  (30706): DeviceLockedStatusModuleProvider$Module.updateDeviceLockedStatus():103 repeatCheckTimes = 0, locked = false
02-10 16:44:12.268 I/PkDeviceHelper(30706): PkDeviceHelper.refreshDevices():87 refreshing devices
02-10 16:44:12.271 I/PkDeviceHelper(30706): PkDeviceHelper.refreshDevices():87 refreshing devices
02-10 16:44:12.272 I/PkDeviceHelper(30706): PkDeviceHelper.refreshDevices():87 refreshing devices
02-10 16:44:12.283 D/BatteryStatsService( 1892): noteVideoSurfaceChanged  noteWhich: 49,arg1: 720, arg2: 1608, arg3: 10712, arg4: 228, name: com.android.systemui
02-10 16:44:12.284 D/BatteryStatsService( 1892): noteVideoSurfaceChanged  noteWhich: 49,arg1: 720, arg2: 1608, arg3: 10712, arg4: 234, name: com.android.systemui
02-10 16:44:12.354 W/SQLiteLog(15579): (28) double-quoted string literal: "en"
02-10 16:44:12.375 W/SQLiteLog(15579): (28) double-quoted string literal: "en"
02-10 16:44:12.648 D/BatteryStatsService( 1892): noteVideoSurfaceChanged  noteWhich: 49,arg1: 720, arg2: 1608, arg3: 10712, arg4: 228, name: com.android.systemui
02-10 16:44:12.649 D/BatteryStatsService( 1892): noteVideoSurfaceChanged  noteWhich: 49,arg1: 720, arg2: 1608, arg3: 10712, arg4: 234, name: com.android.systemui
02-10 16:44:12.792 W/SQLiteLog(15579): (28) double-quoted string literal: "en"
02-10 16:44:12.794 W/SQLiteLog(15579): (28) double-quoted string literal: "en"
02-10 16:44:12.902 D/BatteryStatsService( 1892): noteVideoSurfaceChanged  noteWhich: 49,arg1: 720, arg2: 1608, arg3: 10712, arg4: 383, name: com.vivo.systemuiplugin
02-10 16:44:12.920 D/BatteryStatsService( 1892): noteVideoSurfaceChanged  noteWhich: 49,arg1: 720, arg2: 1608, arg3: 10712, arg4: 234, name: com.android.systemui
02-10 16:44:12.921 D/BatteryStatsService( 1892): noteVideoSurfaceChanged  noteWhich: 49,arg1: 720, arg2: 1608, arg3: 10712, arg4: 383, name: com.vivo.systemuiplugin
02-10 16:44:12.946 I/DeviceStatusMonitor(30706): DeviceStatusMonitor.handleBroadcast():138 onReceive() : Action = android.intent.action.SCREEN_OFF
02-10 16:44:12.946 I/DeviceStatusMonitor(30706): DeviceStatusMonitor.updateCountryInfo():154 updateCountryInfo(), notifyAnyway = false
02-10 16:44:12.953 I/InputBundle(30706): InputBundle.consumeEvent():1033 Skip consuming an event as imeStatus is INACTIVE
02-10 16:44:12.959 I/Module  (30706): DeviceLockedStatusModuleProvider$Module.updateDeviceLockedStatus():103 repeatCheckTimes = 0, locked = false
02-10 16:44:16.037 I/dyyr    ( 5439): (REDACTED) appOpsListener %s %s
02-10 16:44:16.038 I/dyyr    ( 5439): (REDACTED) Ignoring irrelevant audio permission changes for package %s
02-10 16:44:18.873 D/BoundBrokerSvc(26559): onUnbind: Intent { act=com.google.android.gms.potokens.service.START dat=chimera-action:/... cmp=com.google.android.gms/.chimera.GmsApiService }
02-10 16:44:21.671 D/BoundBrokerSvc(26559): onBind: Intent { act=com.google.android.gms.appset.service.START dat=chimera-action:/... cmp=com.google.android.gms/.chimera.GmsApiService }
02-10 16:44:21.671 D/BoundBrokerSvc(26559): Loading bound service for intent: Intent { act=com.google.android.gms.appset.service.START dat=chimera-action:/... cmp=com.google.android.gms/.chimera.GmsApiService }
02-10 16:44:21.778 D/AdvertisingIdClient(26559): AdvertisingIdClient already created.
02-10 16:44:21.778 D/AdvertisingIdClient(26559): AdvertisingIdClient is not bounded. Starting to bind it...
02-10 16:44:21.787 D/AdvertisingIdClient(26559): AdvertisingIdClient is bounded
02-10 16:44:21.790 I/AdvertisingIdClient(26559): shouldSendLog 2182129156
02-10 16:44:21.790 I/AdvertisingIdClient(26559): GetInfoInternal elapse 12ms
02-10 16:44:27.346 D/BoundBrokerSvc(26559): onUnbind: Intent { act=com.google.android.gms.inappreach.service.START dat=chimera-action:/... cmp=com.google.android.gms/.chimera.GmsApiService }
02-10 16:44:34.097 I/PkDeviceHelper(30706): PkDeviceHelper.refreshDevices():87 refreshing devices
02-10 16:44:34.102 I/PkDeviceHelper(30706): PkDeviceHelper.refreshDevices():87 refreshing devices
02-10 16:44:34.106 I/PkDeviceHelper(30706): PkDeviceHelper.refreshDevices():87 refreshing devices
02-10 16:44:34.307 I/DeviceStatusMonitor(30706): DeviceStatusMonitor.handleBroadcast():138 onReceive() : Action = android.intent.action.SCREEN_ON
02-10 16:44:34.307 I/DeviceStatusMonitor(30706): DeviceStatusMonitor.updateCountryInfo():154 updateCountryInfo(), notifyAnyway = false
02-10 16:44:34.449 I/BugleRcsEngine( 6381): handleMessage processing message:[NOTIFY_UPTIME_IGNORE_STATE_CHANGED] with [non-null]:RcsEngineImpl reference [CONTEXT log_prefix="RcsEngineImpl[DUAL_REG]:[6f1de462-2d80]>Handler" thread_id=11733 ]
02-10 16:44:34.449 I/BugleRcsEngine( 6381): Connected state: [1], networkType: [WIFI] [CONTEXT thread_id=11726 ]
02-10 16:44:34.500 I/BugleRcsEngine( 6381): Rcs is enabled from user settings: true [CONTEXT log_prefix="ProvisioningEngineDataRetriever" thread_id=11733 ]
02-10 16:44:41.668 I/PkDeviceHelper(30706): PkDeviceHelper.refreshDevices():87 refreshing devices
02-10 16:44:41.668 I/PkDeviceHelper(30706): PkDeviceHelper.refreshDevices():87 refreshing devices
02-10 16:44:41.669 I/PkDeviceHelper(30706): PkDeviceHelper.refreshDevices():87 refreshing devices
02-10 16:44:41.683 W/SQLiteLog(15579): (28) double-quoted string literal: "en"
02-10 16:44:41.684 W/SQLiteLog(15579): (28) double-quoted string literal: "en"
02-10 16:44:42.124 W/SQLiteLog(15579): (28) double-quoted string literal: "en"
02-10 16:44:42.125 W/SQLiteLog(15579): (28) double-quoted string literal: "en"
02-10 16:44:42.250 I/DeviceStatusMonitor(30706): DeviceStatusMonitor.handleBroadcast():138 onReceive() : Action = android.intent.action.SCREEN_OFF
02-10 16:44:42.251 I/DeviceStatusMonitor(30706): DeviceStatusMonitor.updateCountryInfo():154 updateCountryInfo(), notifyAnyway = false
02-10 16:44:42.251 I/InputBundle(30706): InputBundle.consumeEvent():1033 Skip consuming an event as imeStatus is INACTIVE
02-10 16:44:42.253 I/Module  (30706): DeviceLockedStatusModuleProvider$Module.updateDeviceLockedStatus():103 repeatCheckTimes = 0, locked = false
02-10 16:45:13.821 I/Bugle   (15253): kickOffPendingIfNowConnected: RCS is ready and it was off. Trigger scheduling: [scheduleProcessPendingMessagesActionForStartup, scheduleOnlyForCurrentProcess, maybeScheduleImmediately]
02-10 16:45:13.841 I/BugleDataModel(15253): ActionExecutorImpl: ACTION_EXECUTE_QUEUED_ProcessPendingMessagesAction
02-10 16:45:13.843 I/BugleDataModel(15253): ExecuteActionRunnable: running action ProcessPendingMessagesAction
02-10 16:45:13.857 I/BugleDataModel(15253): ActionExecutorImpl: ACTION_EXECUTE_QUEUED_SendReportAction
02-10 16:45:13.863 I/BugleDataModel(15253): ActionExecutorImpl: ACTION_EXECUTE_QUEUED_ProcessPendingRevocationsAction
02-10 16:45:13.865 I/BugleDataModel(15253): ProcessPendingRevocationsActionScheduler: scheduled next action. back off seconds: 0
02-10 16:45:13.866 I/BugleGroupManagement(15253): Skipping RCS group identifiers telephony batch migration. Disabled by phenotype.
02-10 16:45:13.882 I/BugleDataModel(15253): PendingMessagesProcessor process from ProcessPendingMessagesAction due to connectivity state changed  with delay 0s with queues smsMessagesToSend:0 mmsMessagesToSend:0 rcsMessagesToSend:0 rcsFTMessagesToSend:0 messagesToDownload:0
02-10 16:45:13.885 I/BugleDataModel(15253): Cleared next retry time for channel: sms_send 
02-10 16:45:13.887 I/BugleDataModel(15253): Cleared next retry time for channel: mms_send 
02-10 16:45:13.889 I/BugleDataModel(15253): Cleared next retry time for channel: mms_download 
02-10 16:45:13.890 I/BugleDataModel(15253): Cleared next retry time for channel: rcs_send 
02-10 16:45:13.891 I/BugleDataModel(15253): Cleared next retry time for channel: rcs_ft_upload 
02-10 16:45:13.892 I/BugleDataModel(15253): Cleared next retry time for channel: rcs_ft_download 
02-10 16:45:13.893 I/BugleDataModel(15253): Cleared next retry time for channel: cloud_sync_send 
02-10 16:45:13.894 I/BugleDataModel(15253): Cleared next retry time for channel: cloud_sync_attachment_download 
02-10 16:45:13.897 I/BugleDataModel(15253): ExecuteActionRunnable: running action SendReportAction
02-10 16:45:13.900 I/BugleDataModel(15253): ActionExecutorImpl: ACTION_BACKGROUND_QUEUED_SendReportAction
02-10 16:45:13.904 I/BugleDataModel(15253): ExecuteActionRunnable: running action ProcessPendingRevocationsAction
02-10 16:45:13.906 I/BugleDataModel(15253): ActionExecutorImpl: ACTION_BACKGROUND_QUEUED_ProcessPendingRevocationsAction
02-10 16:45:13.909 I/oadcastreceiver(17346): Using CollectorTypeCC GC.
02-10 16:45:13.928 D/nativeloader(17346): Load libframework-connectivity-tiramisu-jni.so using APEX ns com_android_tethering for caller /apex/com.android.tethering/javalib/framework-connectivity-t.jar: ok
02-10 16:45:13.953 E/oadcastreceiver(17346): BBinder_init Processname  <pre-initialized>  
02-10 16:45:13.953 E/oadcastreceiver(17346): BBinder_init hasGetProcessName  <pre-initialized>
02-10 16:45:14.033 D/ApplicationLoaders(17346): Returning zygote-cached class loader: /system_ext/framework/androidx.window.extensions.jar
02-10 16:45:14.033 D/ApplicationLoaders(17346): Returning zygote-cached class loader: /system_ext/framework/androidx.window.sidecar.jar
02-10 16:45:14.050 D/nativeloader(17346): Configuring clns-shared-7 for other apk /apex/com.android.cellbroadcast/priv-app/GoogleCellBroadcastApp@361153320/GoogleCellBroadcastApp.apk. target_sdk_version=36, uses_libraries=, library_path=/apex/com.android.cellbroadcast/priv-app/GoogleCellBroadcastApp@361153320/lib/arm64:/system/lib64:/system_ext/lib64, permitted_path=/data:/mnt/expand:/data/user_de/0/com.google.android.cellbroadcastreceiver:/apex/com.android.cellbroadcast/priv-app/GoogleCellBroadcastApp@361153320:/system/lib64:/system_ext/lib64
02-10 16:45:14.053 D/nativeloader(17346): InitApexLibraries:
02-10 16:45:14.053 D/nativeloader(17346):   com_android_adservices: libhpke_jni.so:libtflite_support_classifiers_native.so
02-10 16:45:14.053 D/nativeloader(17346):   com_android_appsearch: libappsearchservice.so:libicing_anywhere.so
02-10 16:45:14.053 D/nativeloader(17346):   com_android_art: libartservice.so
02-10 16:45:14.053 D/nativeloader(17346):   com_android_btservices: libbluetooth_jni.so
02-10 16:45:14.053 D/nativeloader(17346):   com_android_conscrypt: libjavacrypto.so
02-10 16:45:14.053 D/nativeloader(17346):   com_android_mediaprovider: libpdfclient.so
02-10 16:45:14.053 D/nativeloader(17346):   com_android_ondevicepersonalization: libfcp_cpp_dep_jni.so:libfcp_hpke_jni.so
02-10 16:45:14.053 D/nativeloader(17346):   com_android_os_statsd: libstats_jni.so
02-10 16:45:14.053 D/nativeloader(17346):   com_android_tethering: libandroid_net_connectivity_com_android_net_module_util_jni.so:libandroid_net_connectivity_com_android_net_module_util_jni_CommonConnectivityJni.so:libframework-connectivity-jni.so:libframework-connectivity-tiramisu-jni.so:libmainlinecronet.141.0.7340.3.so:libservice-connectivity.so:libservice-thread-jni.so:stable_cronet_libcrypto.so:stable_cronet_libssl.so
02-10 16:45:14.053 D/nativeloader(17346):   com_android_uwb: libuwb_uci_jni_rust.so
02-10 16:45:14.053 D/nativeloader(17346):   com_android_virt: libvirtualizationservice_jni.so:libvirtualmachine_jni.so
02-10 16:45:14.053 D/nativeloader(17346):   com_android_wifi: libservice-wifi-jni.so
02-10 16:45:14.185 I/.apps.messaging(15253): Compiler allocated 6286KB to compile evjk bvfr.fM(eaxm)
02-10 16:45:14.293 V/GraphicsEnvironment(17346): Currently set values for:
02-10 16:45:14.293 V/GraphicsEnvironment(17346):   angle_gl_driver_selection_pkgs=[com.android.angle, com.linecorp.b612.android, com.campmobile.snow, com.google.android.apps.tachyon]
02-10 16:45:14.293 V/GraphicsEnvironment(17346):   angle_gl_driver_selection_values=[angle, native, native, native]
02-10 16:45:14.293 V/GraphicsEnvironment(17346): com.google.android.cellbroadcastreceiver is not listed in per-application setting
02-10 16:45:14.293 V/GraphicsEnvironment(17346): Neither updatable production driver nor prerelease driver is supported.
02-10 16:45:14.372 D/CellBroadcastReceiver(17346): onReceive Intent { act=android.intent.action.SERVICE_STATE flg=0x1000010 cmp=com.google.android.cellbroadcastreceiver/com.android.cellbroadcastreceiver.CellBroadcastReceiver (has extras) }
02-10 16:45:14.387 D/CellBroadcastReceiver(17346): onServiceStateChanged, ss: 0
02-10 16:45:14.389 D/CellBroadcastReceiver(17346): networkOperator: 405863
02-10 16:45:14.398 D/CellBroadcastReceiver(17346): update supported roaming operator as 
02-10 16:45:14.411 I/BugleDataModel(15253): ActionExecutorImpl: ACTION_RESPONSE_QUEUED_SendReportAction
02-10 16:45:14.423 I/BugleDataModel(15253): ActionExecutorImpl: ACTION_RESPONSE_QUEUED_ProcessPendingRevocationsAction
02-10 16:45:43.872 D/CellBroadcastReceiver(17346): onReceive Intent { act=android.intent.action.SERVICE_STATE flg=0x1000010 cmp=com.google.android.cellbroadcastreceiver/com.android.cellbroadcastreceiver.CellBroadcastReceiver (has extras) }
02-10 16:45:43.878 D/CellBroadcastReceiver(17346): onServiceStateChanged, ss: 0
02-10 16:45:43.879 D/CellBroadcastReceiver(17346): networkOperator: 405863
02-10 16:45:43.880 D/CellBroadcastReceiver(17346): update supported roaming operator as 
02-10 16:45:55.205 I/m.meesho.supply(17423): Using CollectorTypeCC GC.
02-10 16:45:55.222 D/nativeloader(17423): Load libframework-connectivity-tiramisu-jni.so using APEX ns com_android_tethering for caller /apex/com.android.tethering/javalib/framework-connectivity-t.jar: ok
02-10 16:45:55.244 E/m.meesho.supply(17423): BBinder_init Processname  <pre-initialized>  
02-10 16:45:55.244 E/m.meesho.supply(17423): BBinder_init hasGetProcessName  <pre-initialized>
02-10 16:45:55.285 D/ApplicationLoaders(17423): Returning zygote-cached class loader: /system/framework/org.apache.http.legacy.jar
02-10 16:45:55.285 D/ApplicationLoaders(17423): Returning zygote-cached class loader: /system_ext/framework/androidx.window.extensions.jar
02-10 16:45:55.285 D/ApplicationLoaders(17423): Returning zygote-cached class loader: /system_ext/framework/androidx.window.sidecar.jar
02-10 16:45:55.347 W/m.meesho.supply(17423): Failed to find entry 'classes.dex': Entry not found
02-10 16:45:55.348 W/m.meesho.supply(17423): Failed to find entry 'classes.dex': Entry not found
02-10 16:45:55.353 W/m.meesho.supply(17423): Failed to find entry 'classes.dex': Entry not found
02-10 16:45:55.355 D/nativeloader(17423): Configuring clns-7 for other apk /data/app/~~OgUXeT35yG2KvK8UezezXw==/com.meesho.supply-iLNOGLFTWgCLvUshjq5etw==/base.apk:/data/app/~~OgUXeT35yG2KvK8UezezXw==/com.meesho.supply-iLNOGLFTWgCLvUshjq5etw==/split_config.arm64_v8a.apk:/data/app/~~OgUXeT35yG2KvK8UezezXw==/com.meesho.supply-iLNOGLFTWgCLvUshjq5etw==/split_config.xhdpi.apk:/data/app/~~OgUXeT35yG2KvK8UezezXw==/com.meesho.supply-iLNOGLFTWgCLvUshjq5etw==/split_razorpay_impl.apk:/data/app/~~OgUXeT35yG2KvK8UezezXw==/com.meesho.supply-iLNOGLFTWgCLvUshjq5etw==/split_razorpay_impl.config.xhdpi.apk. target_sdk_version=35, uses_libraries=, library_path=/data/app/~~OgUXeT35yG2KvK8UezezXw==/com.meesho.supply-iLNOGLFTWgCLvUshjq5etw==/lib/arm64:/data/app/~~OgUXeT35yG2KvK8UezezXw==/com.meesho.supply-iLNOGLFTWgCLvUshjq5etw==/base.apk!/lib/arm64-v8a:/data/app/~~OgUXeT35yG2KvK8UezezXw==/com.meesho.supply-iLNOGLFTWgCLvUshjq5etw==/split_config.arm64_v8a.apk!/lib/arm64-v8a:/data/app/~~OgUXeT35yG2KvK8UezezXw==/com.meesho.supply-iLNOGLFTWgCLvUshjq5etw==/split_config.xhdpi.a
02-10 16:45:55.358 D/CompatChangeReporter(17423): Compat change id reported: 202956589; UID 10509; state: ENABLED
02-10 16:45:55.388 V/GraphicsEnvironment(17423): Currently set values for:
02-10 16:45:55.388 V/GraphicsEnvironment(17423):   angle_gl_driver_selection_pkgs=[com.android.angle, com.linecorp.b612.android, com.campmobile.snow, com.google.android.apps.tachyon]
02-10 16:45:55.388 V/GraphicsEnvironment(17423):   angle_gl_driver_selection_values=[angle, native, native, native]
02-10 16:45:55.388 V/GraphicsEnvironment(17423): com.meesho.supply is not listed in per-application setting
02-10 16:45:55.388 V/GraphicsEnvironment(17423): Neither updatable production driver nor prerelease driver is supported.
02-10 16:45:55.398 I/LoadedApk(17423): No resource references to update in package com.meesho.supply.razorpay_impl
02-10 16:45:55.523 W/m.meesho.supply(17423): ClassLoaderContext classpath size mismatch. expected=1, found=0 (DLC[];PCL[base.apk*3045686230]{PCL[/system/framework/org.apache.http.legacy.jar*1230680128]#PCL[/system/framework/com.android.location.provider.jar*3414091812]#PCL[/system/framework/com.android.media.remotedisplay.jar*2042759013]#PCL[/system_ext/framework/androidx.window.extensions.jar*2202810299]#PCL[/system_ext/framework/androidx.window.sidecar.jar*4192990162]} | DLC[];PCL[])
02-10 16:45:55.529 I/DynamiteModule(17423): Considering local module com.google.android.gms.cronet_dynamite:0 and remote module com.google.android.gms.cronet_dynamite:4311
02-10 16:45:55.529 I/DynamiteModule(17423): Selected remote version of com.google.android.gms.cronet_dynamite, version >= 4311
02-10 16:45:55.553 W/System  (17423): ClassLoader referenced unknown path: 
02-10 16:45:55.554 D/nativeloader(17423): Configuring clns-8 for other apk . target_sdk_version=36, uses_libraries=, library_path=/data/app/~~axXoa1J_2HNI2RJ79XhogQ==/com.google.android.gms-DVA57SQER_aoduvUytiyeQ==/lib/arm64:/data/app/~~axXoa1J_2HNI2RJ79XhogQ==/com.google.android.gms-DVA57SQER_aoduvUytiyeQ==/base.apk!/lib/arm64-v8a, permitted_path=/data:/mnt/expand:/data/user/0/com.google.android.gms
02-10 16:45:55.559 I/FirebaseApp(17423): Device unlocked: initializing all Firebase APIs for app [DEFAULT]
02-10 16:45:55.578 W/m.meesho.supply(17423): ClassLoaderContext classpath size mismatch. expected=1, found=2 (DLC[];PCL[base.apk*3045686230]{PCL[/system/framework/org.apache.http.legacy.jar*1230680128]#PCL[/system/framework/com.android.location.provider.jar*3414091812]#PCL[/system/framework/com.android.media.remotedisplay.jar*2042759013]#PCL[/system_ext/framework/androidx.window.extensions.jar*2202810299]#PCL[/system_ext/framework/androidx.window.sidecar.jar*4192990162]} | DLC[];PCL[/data/app/~~OgUXeT35yG2KvK8UezezXw==/com.meesho.supply-iLNOGLFTWgCLvUshjq5etw==/base.apk*1501194244:/data/app/~~OgUXeT35yG2KvK8UezezXw==/com.meesho.supply-iLNOGLFTWgCLvUshjq5etw==/split_razorpay_impl.apk*1408144729]{PCL[/system/framework/org.apache.http.legacy.jar*1230680128]#PCL[/system_ext/framework/androidx.window.extensions.jar*2202810299]#PCL[/system_ext/framework/androidx.window.sidecar.jar*4192990162]})
02-10 16:45:55.627 D/nativeloader(17423): Configuring clns-9 for other apk . target_sdk_version=35, uses_libraries=ALL, library_path=/data/app/~~axXoa1J_2HNI2RJ79XhogQ==/com.google.android.gms-DVA57SQER_aoduvUytiyeQ==/split_CronetDynamite_installtime.apk!/lib/arm64-v8a, permitted_path=/data:/mnt/expand
02-10 16:45:55.627 D/nativeloader(17423): Extending system_exposed_libraries: libapuwareapusys.mtk.so:libapuwareapusys_v2.mtk.so:libapuwarexrp.mtk.so:libapuwarexrp_v2.mtk.so:libapuwareutils.mtk.so:libapuwareutils_v2.mtk.so:libapuwarehmp.mtk.so:libneuron_graph_delegate.mtk.so:libneuronusdk_adapter.mtk.so:libtflite_mtk.mtk.so:libarmnn_ndk.mtk.so:libcmdl_ndk.mtk.so:libnir_neon_driver_ndk.mtk.so:libmvpu_runtime.mtk.so:libmvpu_runtime_pub.mtk.so:libmvpu_engine_pub.mtk.so:libmvpu_pattern_pub.mtk.so:libmvpuop_mtk_cv.mtk.so:libmvpuop_mtk_nn.mtk.so:libmvpu_runtime_25.mtk.so:libmvpu_runtime_25_pub.mtk.so:libmvpu_engine_25_pub.mtk.so:libmvpu_pattern_25_pub.mtk.so:libmvpuop25_mtk_cv.mtk.so:libmvpuop25_mtk_nn.mtk.so:libmvpu_config.mtk.so:libteeservice_client.trustonic.so:librealm-jni.vivo.so
02-10 16:45:55.646 I/FirebaseCrashlytics(17423): Initializing Firebase Crashlytics 18.4.0 for com.meesho.supply
02-10 16:45:55.648 I/HttpFlagsLoader(17423): HTTP flags log line (Impl): Using live production flag values from Google
02-10 16:45:55.660 D/nativeloader(17423): Load /data/app/~~axXoa1J_2HNI2RJ79XhogQ==/com.google.android.gms-DVA57SQER_aoduvUytiyeQ==/split_CronetDynamite_installtime.apk!/lib/arm64-v8a/libcronet.144.0.7509.3.so using isolated ns clns-9 (caller=/data/app/~~axXoa1J_2HNI2RJ79XhogQ==/com.google.android.gms-DVA57SQER_aoduvUytiyeQ==/split_CronetDynamite_installtime.apk): ok
02-10 16:45:55.676 I/DynamiteModule(17423): Considering local module com.google.android.gms.measurement.dynamite:92 and remote module com.google.android.gms.measurement.dynamite:175
02-10 16:45:55.677 I/DynamiteModule(17423): Selected remote version of com.google.android.gms.measurement.dynamite, version >= 175
02-10 16:45:55.691 I/cn_CronetLibraryLoader(17423): Cronet version: 144.0.7509.3, arch: aarch64
02-10 16:45:55.692 W/m.meesho.supply(17423): ClassLoaderContext classpath size mismatch. expected=1, found=2 (DLC[];PCL[base.apk*3045686230]{PCL[/system/framework/org.apache.http.legacy.jar*1230680128]#PCL[/system/framework/com.android.location.provider.jar*3414091812]#PCL[/system/framework/com.android.media.remotedisplay.jar*2042759013]#PCL[/system_ext/framework/androidx.window.extensions.jar*2202810299]#PCL[/system_ext/framework/androidx.window.sidecar.jar*4192990162]} | DLC[];PCL[/data/app/~~OgUXeT35yG2KvK8UezezXw==/com.meesho.supply-iLNOGLFTWgCLvUshjq5etw==/base.apk*1501194244:/data/app/~~OgUXeT35yG2KvK8UezezXw==/com.meesho.supply-iLNOGLFTWgCLvUshjq5etw==/split_razorpay_impl.apk*1408144729]{PCL[/system/framework/org.apache.http.legacy.jar*1230680128]#PCL[/system_ext/framework/androidx.window.extensions.jar*2202810299]#PCL[/system_ext/framework/androidx.window.sidecar.jar*4192990162]})
02-10 16:45:55.713 I/FirebaseInitProvider(17423): FirebaseApp initialization successful
02-10 16:45:55.749 W/bc.o0   (17423): Please set a value for AutoLogAppEventsEnabled. Set the flag to TRUE if you want to collect app install, app launch and in-app purchase events automatically. To request user consent before collecting data, set the flag value to FALSE, then change to TRUE once user consent is received. Learn more: https://developers.facebook.com/docs/app-events/getting-started-app-events-android#disable-auto-events.
02-10 16:45:55.749 W/bc.o0   (17423): You haven't set a value for AdvertiserIDCollectionEnabled. Set the flag to TRUE if you want to collect Advertiser ID for better advertising and analytics results. To request user consent before collecting data, set the flag value to FALSE, then change to TRUE once user consent is received. Learn more: https://developers.facebook.com/docs/app-events/getting-started-app-events-android#disable-auto-events.
02-10 16:45:55.772 W/rc.k0   (17423): Apps that target Android API 30+ (Android 11+) cannot call Facebook native apps unless the package visibility needs are declared. Please follow https://developers.facebook.com/docs/android/troubleshooting/#faq_267321845055988 to make the declaration.
02-10 16:45:55.849 E/m.meesho.supply(17423): No package ID 6a found for resource ID 0x6a0b0013.
02-10 16:45:55.856 I/FA      (17423): App measurement initialized, version: 151001
02-10 16:45:55.856 I/FA      (17423): To enable debug logging run: adb shell setprop log.tag.FA VERBOSE
02-10 16:45:55.856 I/FA      (17423): To enable faster debug mode event logging run:
02-10 16:45:55.856 I/FA      (17423):   adb shell setprop debug.firebase.analytics.app com.meesho.supply
02-10 16:45:55.867 I/FirebaseCrashlytics(17423): Saved version control info
02-10 16:45:56.029 D/BluetoothAdapter(17423): Consider BLE_ON state as OFF
02-10 16:45:56.030 D/BluetoothAdapter(17423): 38766896: getState(). Returning OFF
02-10 16:45:56.058 D/BluetoothAdapter(17423): Consider BLE_ON state as OFF
02-10 16:45:56.058 D/BluetoothAdapter(17423): 38766896: getState(). Returning OFF
02-10 16:45:56.091 I/PlayCore(17423): UID: [10509]  PID: [17423] SplitInstallListenerRegistry : registerListener
02-10 16:45:56.163 D/AdvertisingIdClient(26559): AdvertisingIdClient already created.
02-10 16:45:56.164 D/AdvertisingIdClient(26559): AdvertisingIdClient is not bounded. Starting to bind it...
02-10 16:45:56.177 D/AdvertisingIdClient(26559): AdvertisingIdClient is bounded
02-10 16:45:56.185 I/AdvertisingIdClient(26559): shouldSendLog 2182129156
02-10 16:45:56.185 I/AdvertisingIdClient(26559): GetInfoInternal elapse 21ms
02-10 16:45:57.363 D/CompatChangeReporter(17423): Compat change id reported: 312399441; UID 10509; state: ENABLED
02-10 16:46:07.919 I/PkDeviceHelper(30706): PkDeviceHelper.refreshDevices():87 refreshing devices
02-10 16:46:07.931 I/PkDeviceHelper(30706): PkDeviceHelper.refreshDevices():87 refreshing devices
02-10 16:46:07.933 I/PkDeviceHelper(30706): PkDeviceHelper.refreshDevices():87 refreshing devices
02-10 16:46:08.170 I/DeviceStatusMonitor(30706): DeviceStatusMonitor.handleBroadcast():138 onReceive() : Action = android.intent.action.SCREEN_ON
02-10 16:46:08.170 I/DeviceStatusMonitor(30706): DeviceStatusMonitor.updateCountryInfo():154 updateCountryInfo(), notifyAnyway = false
02-10 16:46:08.689 I/BugleRcsEngine( 6381): Connected state: [1], networkType: [WIFI] [CONTEXT thread_id=11726 ]
02-10 16:46:08.690 I/BugleRcsEngine( 6381): handleMessage processing message:[NOTIFY_UPTIME_IGNORE_STATE_CHANGED] with [non-null]:RcsEngineImpl reference [CONTEXT log_prefix="RcsEngineImpl[DUAL_REG]:[6f1de462-2d80]>Handler" thread_id=11733 ]
02-10 16:46:08.733 I/BugleRcsEngine( 6381): Rcs is enabled from user settings: true [CONTEXT log_prefix="ProvisioningEngineDataRetriever" thread_id=11733 ]
02-10 16:46:09.481 W/SQLiteLog(15579): (28) double-quoted string literal: "en"
02-10 16:46:09.483 W/SQLiteLog(15579): (28) double-quoted string literal: "en"
02-10 16:46:09.508 D/BoundBrokerSvc(26559): onRebind: Intent { act=com.google.android.gms.inappreach.service.START dat=chimera-action:/... cmp=com.google.android.gms/.chimera.GmsApiService }
02-10 16:46:09.515 D/BatteryStatsService( 1892): noteVideoSurfaceChanged  noteWhich: 49,arg1: -1, arg2: -1, arg3: 10712, arg4: 383, name: com.vivo.systemuiplugin
02-10 16:46:09.715 D/BatteryStatsService( 1892): noteVideoSurfaceChanged  noteWhich: 49,arg1: -2, arg2: -1, arg3: 10712, arg4: 228, name: com.android.systemui
02-10 16:46:09.716 D/BatteryStatsService( 1892): noteVideoSurfaceChanged  noteWhich: 49,arg1: -2, arg2: -1, arg3: 10712, arg4: 234, name: com.android.systemui
02-10 16:46:09.893 I/GoogleInputMethodService(30706): GoogleInputMethodService.onStartInput():1371 onStartInput(EditorInfo{EditorInfo{packageName=com.android.launcher3, inputType=0, inputTypeString=NULL, enableLearning=false, autoCorrection=false, autoComplete=false, imeOptions=0, privateImeOptions=null, actionName=UNSPECIFIED, actionLabel=null, initialSelStart=-1, initialSelEnd=-1, initialCapsMode=0, label=null, fieldId=0, fieldName=null, extras=null, hintText=null, hintLocales=[]}}, false)
02-10 16:46:09.894 I/Module  (30706): DeviceLockedStatusModuleProvider$Module.updateDeviceLockedStatus():103 repeatCheckTimes = 1, locked = false
02-10 16:46:09.909 W/SQLiteLog(15579): (28) double-quoted string literal: "en"
02-10 16:46:09.910 W/SQLiteLog(15579): (28) double-quoted string literal: "en"
02-10 16:46:09.943 D/BoundBrokerSvc(26559): onBind: Intent { act=com.google.android.gms.pay.service.BIND dat=chimera-action:/... cmp=com.google.android.gms/.chimera.GmsApiService }
02-10 16:46:09.944 D/BoundBrokerSvc(26559): Loading bound service for intent: Intent { act=com.google.android.gms.pay.service.BIND dat=chimera-action:/... cmp=com.google.android.gms/.chimera.GmsApiService }
02-10 16:46:09.986 I/PersonalSafety(26559): ConnectivityProtectionLockingIntentOperation: cancelled task [CONTEXT service_id=310 ]
02-10 16:46:09.993 D/BatteryStatsService( 1892): noteVideoSurfaceChanged  noteWhich: 49,arg1: -2, arg2: -1, arg3: 10712, arg4: 228, name: com.android.systemui
02-10 16:46:09.995 D/BatteryStatsService( 1892): noteVideoSurfaceChanged  noteWhich: 49,arg1: -2, arg2: -1, arg3: 10712, arg4: 234, name: com.android.systemui
02-10 16:46:10.387 I/PermissionControllerServiceImpl(23352): Updating user sensitive for uid 10165
02-10 16:46:10.398 I/ServiceLiveData(23352): Not exempting com.google.ambient.streaming - not an active NotificationListenerService for u0
02-10 16:46:10.398 I/ServiceLiveData(23352): Not exempting com.android.deskclock - not an active DreamService for u0
02-10 16:46:10.399 I/ServiceLiveData(23352): Not exempting com.openai.chatgpt - not an active VoiceInteractionService for u0
02-10 16:46:10.399 I/ServiceLiveData(23352): Detected PrintServices: [com.android.bips]
02-10 16:46:10.399 I/Bugle   (15253): BroadcastReceiverAsyncWorkTracker: Acknowledging broadcast of dawq@959ae75
02-10 16:46:10.400 I/ServiceLiveData(23352): Not exempting com.vivo.vtouch - not an active InputMethod for u0
02-10 16:46:10.400 I/ServiceLiveData(23352): Not exempting com.google.android.accessibility.switchaccess - not an active AccessibilityService for u0
02-10 16:46:10.403 I/ServiceLiveData(23352): Not exempting com.vivo.effectengine - not an active WallpaperService for u0
02-10 16:46:10.408 I/ServiceLiveData(23352): Not exempting com.google.android.as - not an active NotificationListenerService for u0
02-10 16:46:10.409 I/ServiceLiveData(23352): Not exempting com.google.android.apps.photos - not an active DreamService for u0
02-10 16:46:10.409 I/ServiceLiveData(23352): Detected VoiceInteractionServices: [com.google.android.googlequicksearchbox]
02-10 16:46:10.410 I/ServiceLiveData(23352): Detected InputMethods: [com.google.android.inputmethod.latin, com.google.android.tts]
02-10 16:46:10.411 I/ServiceLiveData(23352): Not exempting com.google.android.marvin.talkback - not an active AccessibilityService for u0
02-10 16:46:10.411 I/ServiceLiveData(23352): Not exempting com.google.android.marvin.talkback - not an active AccessibilityService for u0
02-10 16:46:10.411 I/ServiceLiveData(23352): Not exempting com.google.android.marvin.talkback - not an active AccessibilityService for u0
02-10 16:46:10.412 I/ServiceLiveData(23352): Detected AccessibilityServices: []
02-10 16:46:10.412 I/ServiceLiveData(23352): Not exempting com.google.android.gms - not an active DEVICE_ADMIN_SERVICE for u0
02-10 16:46:10.413 I/ServiceLiveData(23352): Detected DEVICE_ADMIN_SERVICEs: []
02-10 16:46:10.413 I/ServiceLiveData(23352): Not exempting com.android.credentialmanager - not an active AutofillService for u0
02-10 16:46:10.414 I/ServiceLiveData(23352): Not exempting com.vivo.effectengine - not an active WallpaperService for u0
02-10 16:46:10.415 I/ServiceLiveData(23352): Not exempting com.vivo.effectengine - not an active WallpaperService for u0
02-10 16:46:10.415 I/ServiceLiveData(23352): Not exempting com.vivo.effectengine - not an active WallpaperService for u0
02-10 16:46:10.415 I/BroadcastReceiverLiveData(23352): Not exempting com.google.android.gms - not an active DEVICE_ADMIN_ENABLED for u0
02-10 16:46:10.416 I/ServiceLiveData(23352): Detected DreamServices: []
02-10 16:46:10.416 I/ServiceLiveData(23352): Detected AutofillServices: [com.google.android.gms]
02-10 16:46:10.416 I/BroadcastReceiverLiveData(23352): Not exempting com.vivo.cota - not an active DEVICE_ADMIN_ENABLED for u0
02-10 16:46:10.417 I/ServiceLiveData(23352): Not exempting com.google.android.gms - not an active NotificationListenerService for u0
02-10 16:46:10.417 I/ServiceLiveData(23352): Not exempting com.vivo.effectengine - not an active WallpaperService for u0
02-10 16:46:10.417 I/ServiceLiveData(23352): Not exempting com.vivo.effectengine - not an active WallpaperService for u0
02-10 16:46:10.418 I/ServiceLiveData(23352): Not exempting com.vivo.effectengine - not an active WallpaperService for u0
02-10 16:46:10.418 I/ServiceLiveData(23352): Not exempting com.vivo.effectengine - not an active WallpaperService for u0
02-10 16:46:10.418 I/ServiceLiveData(23352): Not exempting com.vivo.effectengine - not an active WallpaperService for u0
02-10 16:46:10.418 I/ServiceLiveData(23352): Not exempting com.vivo.effectengine - not an active WallpaperService for u0
02-10 16:46:10.419 I/ServiceLiveData(23352): Not exempting com.truecaller - not an active NotificationListenerService for u0
02-10 16:46:10.419 I/ServiceLiveData(23352): Detected NotificationListenerServices: [com.android.launcher3, com.google.android.projection.gearhead]
02-10 16:46:10.420 I/ServiceLiveData(23352): Detected WallpaperServices: []
02-10 16:46:10.430 I/BroadcastReceiverLiveData(23352): Detected DEVICE_ADMIN_ENABLEDs: []
02-10 16:46:16.150 D/BoundBrokerSvc(26559): onBind: Intent { act=com.google.android.mobstore.service.START pkg=com.google.android.gms }
02-10 16:46:16.150 D/BoundBrokerSvc(26559): Loading bound service for intent: Intent { act=com.google.android.mobstore.service.START pkg=com.google.android.gms }
02-10 16:46:16.324 D/BoundBrokerSvc(26559): onBind: Intent { act=com.google.android.gms.mdisync.service.START dat=chimera-action:/... cmp=com.google.android.gms/.chimera.GmsApiService }
02-10 16:46:16.325 D/BoundBrokerSvc(26559): Loading bound service for intent: Intent { act=com.google.android.gms.mdisync.service.START dat=chimera-action:/... cmp=com.google.android.gms/.chimera.GmsApiService }
02-10 16:46:16.360 I/MdiSyncModule(26559): (REDACTED) Receiving API connection from package '%s'...
02-10 16:46:16.364 I/MdiSyncModule(26559): API connection successful!
02-10 16:46:16.366 I/MdiSyncModule(26559): (REDACTED) Receiving API connection from package '%s'...
02-10 16:46:16.367 I/MdiSyncModule(26559): API connection successful!
02-10 16:46:16.379 I/MdiSyncModule(26559): (REDACTED) Receiving API connection from package '%s'...
02-10 16:46:16.380 I/MdiSyncModule(26559): API connection successful!
02-10 16:46:16.382 I/MdiSyncModule(26559): (REDACTED) Receiving API connection from package '%s'...
02-10 16:46:16.382 I/MdiSyncModule(26559): API connection successful!
02-10 16:46:16.396 I/MdiSyncModule(26559): (REDACTED) Receiving API connection from package '%s'...
02-10 16:46:16.397 I/MdiSyncModule(26559): API connection successful!
02-10 16:46:18.915 D/SQLiteQueryBuilder( 4280): SELECT _data, owner_package_name, is_pending FROM audio WHERE ((_id='45') AND (volume_name IN ( 'internal' )))
02-10 16:46:18.929 W/MediaProvider( 4280): Didn't find any volume for getVolume(/system/media/audio/notifications/Little.ogg)
02-10 16:46:18.932 I/MediaProvider( 4280): Open with lower FS for /system/media/audio/notifications/Little.ogg. Uid: 10086
02-10 16:46:21.518 D/BatteryStatsService( 1892): noteVideoSurfaceChanged  noteWhich: 49,arg1: 720, arg2: 1608, arg3: 10712, arg4: 228, name: com.android.systemui
02-10 16:46:21.518 D/BatteryStatsService( 1892): noteVideoSurfaceChanged  noteWhich: 49,arg1: 720, arg2: 1608, arg3: 10712, arg4: 234, name: com.android.systemui
02-10 16:46:21.522 D/BatteryStatsService( 1892): noteVideoSurfaceChanged  noteWhich: 49,arg1: 720, arg2: 1608, arg3: 10712, arg4: 228, name: com.android.systemui
02-10 16:46:21.522 D/BatteryStatsService( 1892): noteVideoSurfaceChanged  noteWhich: 49,arg1: 720, arg2: 1608, arg3: 10712, arg4: 234, name: com.android.systemui
02-10 16:46:21.541 D/BatteryStatsService( 1892): noteVideoSurfaceChanged  noteWhich: 49,arg1: 720, arg2: 1608, arg3: 10712, arg4: 228, name: com.android.systemui
02-10 16:46:21.581 D/BatteryStatsService( 1892): noteVideoSurfaceChanged  noteWhich: 49,arg1: 720, arg2: 1608, arg3: 10712, arg4: 228, name: com.android.systemui
02-10 16:46:21.582 D/BatteryStatsService( 1892): noteVideoSurfaceChanged  noteWhich: 49,arg1: 720, arg2: 1608, arg3: 10712, arg4: 234, name: com.android.systemui
02-10 16:46:25.016 D/BoundBrokerSvc(26559): onUnbind: Intent { act=com.google.android.gms.pay.service.BIND dat=chimera-action:/... cmp=com.google.android.gms/.chimera.GmsApiService }
02-10 16:46:25.662 D/BoundBrokerSvc(26559): onUnbind: Intent { act=com.google.android.gms.appset.service.START dat=chimera-action:/... cmp=com.google.android.gms/.chimera.GmsApiService }
02-10 16:46:26.604 D/BoundBrokerSvc(26559): onRebind: Intent { act=com.google.android.gms.appset.service.START dat=chimera-action:/... cmp=com.google.android.gms/.chimera.GmsApiService }
02-10 16:46:27.103 D/AdvertisingIdClient(26559): AdvertisingIdClient already created.
02-10 16:46:27.103 D/AdvertisingIdClient(26559): AdvertisingIdClient is not bounded. Starting to bind it...
02-10 16:46:27.106 D/AdvertisingIdClient(26559): AdvertisingIdClient is bounded
02-10 16:46:27.113 I/AdvertisingIdClient(26559): shouldSendLog 2182129156
02-10 16:46:27.113 I/AdvertisingIdClient(26559): GetInfoInternal elapse 10ms
02-10 16:46:27.437 D/BatteryStatsService( 1892): noteVideoSurfaceChanged  noteWhich: 49,arg1: -2, arg2: -1, arg3: 10712, arg4: 228, name: com.android.systemui
02-10 16:46:27.441 D/BatteryStatsService( 1892): noteVideoSurfaceChanged  noteWhich: 49,arg1: -2, arg2: -1, arg3: 10712, arg4: 228, name: com.android.systemui
02-10 16:46:27.441 D/BatteryStatsService( 1892): noteVideoSurfaceChanged  noteWhich: 49,arg1: -2, arg2: -1, arg3: 10712, arg4: 234, name: com.android.systemui
02-10 16:46:27.462 D/BatteryStatsService( 1892): noteVideoSurfaceChanged  noteWhich: 49,arg1: -2, arg2: -1, arg3: 10712, arg4: 228, name: com.android.systemui
02-10 16:46:27.462 D/BatteryStatsService( 1892): noteVideoSurfaceChanged  noteWhich: 49,arg1: -2, arg2: -1, arg3: 10712, arg4: 234, name: com.android.systemui
02-10 16:46:27.544 I/GoogleInputMethodService(30706): GoogleInputMethodService.onFinishInput():2099 
02-10 16:46:27.545 I/Module  (30706): DeviceLockedStatusModuleProvider$Module.updateDeviceLockedStatus():103 repeatCheckTimes = 0, locked = false
02-10 16:46:27.546 I/GoogleInputMethodService(30706): GoogleInputMethodService.onStartInput():1371 onStartInput(EditorInfo{EditorInfo{packageName=com.android.launcher3, inputType=0, inputTypeString=NULL, enableLearning=false, autoCorrection=false, autoComplete=false, imeOptions=0, privateImeOptions=null, actionName=UNSPECIFIED, actionLabel=null, initialSelStart=-1, initialSelEnd=-1, initialCapsMode=0, label=null, fieldId=0, fieldName=null, extras=null, hintText=null, hintLocales=[]}}, false)
02-10 16:46:27.547 I/Module  (30706): DeviceLockedStatusModuleProvider$Module.updateDeviceLockedStatus():103 repeatCheckTimes = 1, locked = false
02-10 16:46:31.358 E/cmd     (18320): BBinder_init Processname  cmd  
02-10 16:46:31.358 E/cmd     (18320): BBinder_init hasGetProcessName  cmd
02-10 16:46:33.636 I/ActivityTaskManager( 1892): Displayed com.coinbase/.MainActivity for user 0: +2s260ms
02-10 16:46:33.683 I/GoogleInputMethodService(30706): GoogleInputMethodService.onFinishInput():2099 
02-10 16:46:33.684 I/Module  (30706): DeviceLockedStatusModuleProvider$Module.updateDeviceLockedStatus():103 repeatCheckTimes = 0, locked = false
02-10 16:46:33.685 I/GoogleInputMethodService(30706): GoogleInputMethodService.onStartInput():1371 onStartInput(EditorInfo{EditorInfo{packageName=com.coinbase, inputType=0, inputTypeString=NULL, enableLearning=false, autoCorrection=false, autoComplete=false, imeOptions=0, privateImeOptions=null, actionName=UNSPECIFIED, actionLabel=null, initialSelStart=-1, initialSelEnd=-1, initialCapsMode=0, label=null, fieldId=0, fieldName=null, extras=null, hintText=null, hintLocales=[]}}, false)
02-10 16:46:33.686 I/Module  (30706): DeviceLockedStatusModuleProvider$Module.updateDeviceLockedStatus():103 repeatCheckTimes = 1, locked = false
02-10 16:46:36.241 I/Authzen (26559): [DeviceStateSyncManager] The server is in sync with current state. Nothing to do
02-10 16:46:37.680 I/GoogleInputMethodService(30706): GoogleInputMethodService.onFinishInput():2099 
02-10 16:46:37.681 I/Module  (30706): DeviceLockedStatusModuleProvider$Module.updateDeviceLockedStatus():103 repeatCheckTimes = 0, locked = false
02-10 16:46:37.682 I/GoogleInputMethodService(30706): GoogleInputMethodService.onStartInput():1371 onStartInput(EditorInfo{EditorInfo{packageName=com.coinbase, inputType=0, inputTypeString=NULL, enableLearning=false, autoCorrection=false, autoComplete=false, imeOptions=0, privateImeOptions=null, actionName=UNSPECIFIED, actionLabel=null, initialSelStart=-1, initialSelEnd=-1, initialCapsMode=0, label=null, fieldId=0, fieldName=null, extras=null, hintText=null, hintLocales=[]}}, false)
02-10 16:46:37.684 I/Module  (30706): DeviceLockedStatusModuleProvider$Module.updateDeviceLockedStatus():103 repeatCheckTimes = 1, locked = false
02-10 16:46:37.720 D/BoundBrokerSvc(26559): onUnbind: Intent { act=com.google.android.gms.inappreach.service.START dat=chimera-action:/... cmp=com.google.android.gms/.chimera.GmsApiService }
02-10 16:46:42.522 I/StylusModule(30706): StylusModule.onUpdateToolType():774 Update tool type = 0
02-10 16:46:43.856 I/GoogleInputMethodService(30706): GoogleInputMethodService.onFinishInput():2099 
02-10 16:46:43.857 I/Module  (30706): DeviceLockedStatusModuleProvider$Module.updateDeviceLockedStatus():103 repeatCheckTimes = 0, locked = false
02-10 16:46:43.858 I/GoogleInputMethodService(30706): GoogleInputMethodService.onStartInput():1371 onStartInput(EditorInfo{EditorInfo{packageName=com.coinbase, inputType=21, inputTypeString=EmailAddress[], enableLearning=true, autoCorrection=false, autoComplete=true, imeOptions=8000006, privateImeOptions=null, actionName=DONE, actionLabel=null, initialSelStart=0, initialSelEnd=0, initialCapsMode=0, label=null, fieldId=63, fieldName=null, extras=Bundle[mParcelledData.dataSize=404], hintText=non-empty, hintLocales=[]}}, false)
02-10 16:46:43.860 I/Module  (30706): DeviceLockedStatusModuleProvider$Module.updateDeviceLockedStatus():103 repeatCheckTimes = 1, locked = false
02-10 16:46:43.864 I/dyyr    ( 5439): (REDACTED) appOpsListener %s %s
02-10 16:46:43.865 I/dyyr    ( 5439): (REDACTED) Ignoring irrelevant audio permission changes for package %s
02-10 16:46:43.865 I/StylusModule(30706): StylusModule.onUpdateToolType():774 Update tool type = 1
02-10 16:46:43.869 I/GoogleInputMethodService(30706): GoogleInputMethodService.onStartInputView():1459 onStartInputView(EditorInfo{EditorInfo{packageName=com.coinbase, inputType=21, inputTypeString=EmailAddress[], enableLearning=true, autoCorrection=false, autoComplete=true, imeOptions=8000006, privateImeOptions=null, actionName=DONE, actionLabel=null, initialSelStart=0, initialSelEnd=0, initialCapsMode=0, label=null, fieldId=63, fieldName=null, extras=Bundle[{android.support.text.emoji.emojiCompat_metadataVersion=11, androidx.core.view.inputmethod.EditorInfoCompat.STYLUS_HANDWRITING_ENABLED=true, android.support.text.emoji.emojiCompat_replaceAll=false}], hintText=non-empty, hintLocales=[]}}, false)
02-10 16:46:43.871 I/KeyboardHeightUtil(30706): KeyboardHeightUtil.getOemKeyboardHeightRatio():81 systemKeyboardHeightRatio:1.000000.
02-10 16:46:43.872 I/AndroidIME(30706): InputBundleManager.loadActiveInputBundleId():531 loadActiveInputBundleId: en-US, ime_english_united_states
02-10 16:46:43.873 I/AndroidIME(30706): AbstractIme.onActivate():95 LatinIme.onActivate() : EditorInfo = EditorInfo{packageName=com.coinbase, inputType=21, inputTypeString=EmailAddress[], enableLearning=true, autoCorrection=false, autoComplete=true, imeOptions=8000006, privateImeOptions=null, actionName=DONE, actionLabel=null, initialSelStart=0, initialSelEnd=0, initialCapsMode=0, label=null, fieldId=63, fieldName=null, extras=Bundle[{android.support.text.emoji.emojiCompat_metadataVersion=11, androidx.core.view.inputmethod.EditorInfoCompat.STYLUS_HANDWRITING_ENABLED=true, android.support.text.emoji.emojiCompat_replaceAll=false}], hintText=non-empty, hintLocales=[]}, IncognitoMode = false, DeviceLocked = false
02-10 16:46:43.876 I/InputBundle(30706): InputBundle.consumeEvent():1037 Skip consuming an event as keyboard status is INACTIVE
02-10 16:46:43.878 I/Delight5Facilitator(30706): Delight5Facilitator.initializeForIme():745 initializeForIme() : Locale = [en_US], layout = qwerty
02-10 16:46:43.880 I/LatinIme(30706): LatinIme.updateEnableInlineSuggestionsOnDecoderSideFlags():1256 inline flag updated to:false
02-10 16:46:43.881 I/LatinIme(30706): LatinIme.updateEnableInlineSuggestionsOnDecoderSideFlags():1256 inline flag updated to:false
02-10 16:46:43.887 I/InputBundle(30706): InputBundle.consumeEvent():1037 Skip consuming an event as keyboard status is INACTIVE
02-10 16:46:43.888 I/LatinIme(30706): LatinIme.resetInputContext():2280 resetInputContext(): reason=1, externalEditsInfo=ExternalEditsInfo{action=0, offset=-1, text=null, originalText=null, edits=null}
02-10 16:46:43.888 I/InputBundle(30706): InputBundle.consumeEvent():1037 Skip consuming an event as keyboard status is INACTIVE
02-10 16:46:43.889 I/KeyboardWrapper(30706): KeyboardWrapper.activateKeyboard():582 activateKeyboard(): type=prime, status=INACTIVE, imeDef=nfp{stringId=ime_english_united_states, language=en-US, languageTag=en-US, processedConditions={writing_helper_enable_by_word_revert=false, true=true, enable_number_row=true, device=phone, enable_pk_simulator=false}, className=com.google.android.apps.inputmethod.libs.latin5.LatinIme, label=0, keyEventInterpreter=null, inlineComposing=true, autoCapital=true, announceAutoSelectedCandidate=true, statusIcon=0, indicatorIcon=0, indicatorLabel=US, displayAppCompletions=true, extraValues=nfh{#0x7f0b02e0=TypedValue{t=0x3/d=0x0 "com.google.android.apps.inputmethod.libs.latin5.LatinIme"}}, processors=nhg@148aa8c, unacceptableMetaKeys=4098, languageSpecificSettings=0, asciiCapable=true, alwaysShowSuggestions=false, useAsciiPasswordKeyboard=false, keyboardGroupDef=ngp@126bd15, phenotypeFlagId=0, localizationLanguageTag=null, supportsInlineSuggestion=true}
02-10 16:46:43.889 I/KeyboardManager(30706): KeyboardManager.requestKeyboard():249 Creating keyboard prime, imeId=ime_english_united_states, cacheKey=theme,!gsf,!pgsans,!pgsf,!use_system_font,BORDER,FLAVOR_DPI=XHDPI,KEYBOARD_WIDTH_CATEGORY=NORMAL,KEY_BORDER_SHAPE=1,LIGHT_THEME=false,PHYSICAL_DIAGONAL=5.6666665,POPUP,SCREEN_SHORTEST_WIDTH=384,SCREEN_SHORTEST_WIDTH_NO_SCALE=384,XHDPI,bottom4dp,enable_popup_on_keypress=true,keyboard_redesign_google_sans=true,non_linear_scale,noshadow,overlay_builtin_dynamic_color_dark_base.binarypb:gm3-dark-ff121318-ffb7caff-03739404f1189b28aed05fb048a8b8af,silkpopup
02-10 16:46:43.890 I/KeyboardWrapper(30706): KeyboardWrapper.onKeyboardReady():224 onKeyboardReady(): type=prime(prime), kb=com.google.android.apps.inputmethod.latin.keyboard.LatinPrimeKeyboard@d8443b8
02-10 16:46:43.890 I/KeyboardWrapper(30706): KeyboardWrapper.doActivateKeyboard():612 doActivateKeyboard(): prime
02-10 16:46:43.900 I/KeyboardViewHelper(30706): KeyboardViewHelper.getView():180 Get view with height ratio:1.000000
02-10 16:46:43.906 I/BaseKeyboardSizeHelper(30706): BaseKeyboardSizeHelper.calculateMaxKeyboardBodyHeight():73 leave 182 height for app when ime window height:1450, header height:83 and isFullscreenMode:false, so the max keyboard body height is:1185
02-10 16:46:43.907 W/TooltipLifecycleManager(30706): TooltipLifecycleManager.dismissTooltips():153 Tooltip with id undo_access_point_promotion_banner not found in tooltipManager.
02-10 16:46:43.909 I/KeyboardModeUtils(30706): KeyboardModeUtils.getKeyboardBottomOffset():435 inch: 0.000000 ydpi: 268.541992 adjustKeyboardBottomByDisplaySize: false currentDensityDpi: 300 defaultDensityDpi: 300 keyboardBottomToScreenPx: 0 keyboardBottomToNavBarPx: -90 navBarHeight: 90
02-10 16:46:43.909 I/BaseKeyboardSizeHelper(30706): BaseKeyboardSizeHelper.calculateMaxKeyboardBodyHeight():73 leave 182 height for app when ime window height:1450, header height:83 and isFullscreenMode:false, so the max keyboard body height is:1185
02-10 16:46:43.909 I/BaseKeyboardSizeHelper(30706): BaseKeyboardSizeHelper.calculateMaxKeyboardBodyHeight():73 leave 182 height for app when ime window height:1450, header height:83 and isFullscreenMode:false, so the max keyboard body height is:1185
02-10 16:46:43.909 I/AndroidIME(30706): KeyboardViewManager.updateKeyboardBottomFrame():480 Set bottomFrameHeight = 3 while holderPaddingBottom = 3; navigationHeight = 90
02-10 16:46:43.909 I/BaseKeyboardSizeHelper(30706): BaseKeyboardSizeHelper.calculateMaxKeyboardBodyHeight():73 leave 182 height for app when ime window height:1450, header height:83 and isFullscreenMode:false, so the max keyboard body height is:1185
02-10 16:46:43.909 I/BaseKeyboardSizeHelper(30706): BaseKeyboardSizeHelper.calculateMaxKeyboardBodyHeight():73 leave 182 height for app when ime window height:1450, header height:83 and isFullscreenMode:false, so the max keyboard body height is:1185
02-10 16:46:43.910 I/GlobeKeyExtension(30706): GlobeKeyExtension.getKeyboardInitialStates():175 
