02-10 16:42:53.082 I/native  (15253): I0000 00:00:1770721973.082759   15801 db_store.cc:449] Database schema=CREATE TABLE scytale_058b93802221590090789e992759a4f214139a0e615c2984f4780805d27485eb3c_sent_message_digests(message_id TEXT NOT NULL,device_id TEXT NOT NULL,message_digest BLOB NOT NULL,insert_timestamp_millis LONG NOT NULL DEFAULT(0),PRIMARY KEY(message_id, device_id) )
02-10 16:42:53.082 I/native  (15253): I0000 00:00:1770721973.082819   15801 db_store.cc:449] Database schema=CREATE TABLE scytale_058b93802221590090789e992759a4f214139a0e615c2984f4780805d27485eb3c_sessions(device_id TEXT NOT NULL DEFAULT(0),session BLOB ,PRIMARY KEY(device_id) )
02-10 16:42:53.083 I/BugleE2eeEtouffee(15253): CryptoV2Provider: Base crypto created
02-10 16:42:53.092 I/BugleE2eeEtouffee(15253): Removed OTK count: 0
02-10 16:42:53.098 D/WM-GreedyScheduler(15253): Ignoring {WorkSpec: 5c3692f7-9e3d-474a-99d2-75e9b9b2dbd5}. Requires device idle.
02-10 16:42:53.098 D/WM-GreedyScheduler(15253): Ignoring {WorkSpec: 4b15df56-812d-4d85-8ae8-040f0877ddbd}. Requires device idle.
02-10 16:42:53.099 D/WM-GreedyScheduler(15253): Ignoring {WorkSpec: e28a55f9-4a80-46cf-b8f7-b340483607c9}. Requires device idle.
02-10 16:42:53.099 D/WM-GreedyScheduler(15253): Ignoring {WorkSpec: e31684a5-c672-4e28-bd78-adfeddb9c6a0}. Requires device idle.
02-10 16:42:53.100 D/WM-GreedyScheduler(15253): Ignoring {WorkSpec: 6eadab28-b473-4761-962a-fe8cdaf36e59}. Requires ContentUri triggers.
02-10 16:42:53.100 D/WM-GreedyScheduler(15253): Ignoring {WorkSpec: fd3dd349-4a26-4fde-b627-acc47e79a8cc}. Requires ContentUri triggers.
02-10 16:42:53.100 D/WM-GreedyScheduler(15253): Starting work for 1d84ff5f-6fa9-436b-b242-6ea4e420e783
02-10 16:42:53.104 D/WM-Processor(15253): sci: processing WorkGenerationalId(workSpecId=1d84ff5f-6fa9-436b-b242-6ea4e420e783, generation=0)
02-10 16:42:53.111 D/MddListenableWorkerFactory(15253): createWorker for class: com.google.android.apps.messaging.shared.datamodel.workqueue.WorkQueueWorkerShim
02-10 16:42:53.143 D/WM-WorkerWrapper(15253): Starting work for com.google.android.apps.messaging.shared.datamodel.workqueue.WorkQueueWorkerShim
02-10 16:42:53.151 I/WM-WorkerWrapper(15253): Worker result SUCCESS for Work [ id=1d84ff5f-6fa9-436b-b242-6ea4e420e783, tags={ com.google.android.apps.messaging.shared.datamodel.workqueue.WorkQueueWorkerShim,ftd_data_clean_up_work- } ]
02-10 16:42:53.155 D/WM-Processor(15253): sci 1d84ff5f-6fa9-436b-b242-6ea4e420e783 executed; reschedule = false
02-10 16:42:53.159 D/WM-GreedyScheduler(15253): Cancelling work ID 1d84ff5f-6fa9-436b-b242-6ea4e420e783
02-10 16:42:53.170 D/WM-GreedyScheduler(15253): Ignoring {WorkSpec: 5c3692f7-9e3d-474a-99d2-75e9b9b2dbd5}. Requires device idle.
02-10 16:42:53.171 D/WM-GreedyScheduler(15253): Ignoring {WorkSpec: 4b15df56-812d-4d85-8ae8-040f0877ddbd}. Requires device idle.
02-10 16:42:53.171 D/WM-GreedyScheduler(15253): Ignoring {WorkSpec: e28a55f9-4a80-46cf-b8f7-b340483607c9}. Requires device idle.
02-10 16:42:53.171 D/WM-GreedyScheduler(15253): Ignoring {WorkSpec: e31684a5-c672-4e28-bd78-adfeddb9c6a0}. Requires device idle.
02-10 16:42:53.171 D/WM-GreedyScheduler(15253): Ignoring {WorkSpec: 6eadab28-b473-4761-962a-fe8cdaf36e59}. Requires ContentUri triggers.
02-10 16:42:53.172 D/WM-GreedyScheduler(15253): Ignoring {WorkSpec: fd3dd349-4a26-4fde-b627-acc47e79a8cc}. Requires ContentUri triggers.
02-10 16:42:53.204 I/BugleMDD(15253): MddBackgroundStartupTask: Scheduled MDD periodic tasks.
02-10 16:42:53.219 D/WM-GreedyScheduler(15253): Cancelling work ID e31684a5-c672-4e28-bd78-adfeddb9c6a0
02-10 16:42:53.246 D/WM-SystemJobScheduler(15253): Scheduling work ID e31684a5-c672-4e28-bd78-adfeddb9c6a0Job ID 1226
02-10 16:42:53.249 D/WM-GreedyScheduler(15253): Ignoring {WorkSpec: 5c3692f7-9e3d-474a-99d2-75e9b9b2dbd5}. Requires device idle.
02-10 16:42:53.249 D/WM-GreedyScheduler(15253): Ignoring {WorkSpec: 4b15df56-812d-4d85-8ae8-040f0877ddbd}. Requires device idle.
02-10 16:42:53.249 D/WM-GreedyScheduler(15253): Ignoring {WorkSpec: e28a55f9-4a80-46cf-b8f7-b340483607c9}. Requires device idle.
02-10 16:42:53.249 D/WM-GreedyScheduler(15253): Ignoring {WorkSpec: e31684a5-c672-4e28-bd78-adfeddb9c6a0}. Requires device idle.
02-10 16:42:53.249 D/WM-GreedyScheduler(15253): Ignoring {WorkSpec: 6eadab28-b473-4761-962a-fe8cdaf36e59}. Requires ContentUri triggers.
02-10 16:42:53.249 D/WM-GreedyScheduler(15253): Ignoring {WorkSpec: fd3dd349-4a26-4fde-b627-acc47e79a8cc}. Requires ContentUri triggers.
02-10 16:42:53.266 D/WM-GreedyScheduler(15253): Cancelling work ID 0319af0a-eabb-47c1-bdd8-f664ceb8fd6c
02-10 16:42:53.292 D/ProfileInstaller(15253): Skipping profile installation for com.google.android.apps.messaging
02-10 16:42:53.294 D/WM-SystemJobScheduler(15253): Scheduling work ID 0319af0a-eabb-47c1-bdd8-f664ceb8fd6cJob ID 1227
02-10 16:42:53.296 D/WM-GreedyScheduler(15253): Ignoring {WorkSpec: 5c3692f7-9e3d-474a-99d2-75e9b9b2dbd5}. Requires device idle.
02-10 16:42:53.296 D/WM-GreedyScheduler(15253): Ignoring {WorkSpec: 4b15df56-812d-4d85-8ae8-040f0877ddbd}. Requires device idle.
02-10 16:42:53.296 D/WM-GreedyScheduler(15253): Ignoring {WorkSpec: e28a55f9-4a80-46cf-b8f7-b340483607c9}. Requires device idle.
02-10 16:42:53.296 D/WM-GreedyScheduler(15253): Ignoring {WorkSpec: e31684a5-c672-4e28-bd78-adfeddb9c6a0}. Requires device idle.
02-10 16:42:53.296 D/WM-GreedyScheduler(15253): Ignoring {WorkSpec: 6eadab28-b473-4761-962a-fe8cdaf36e59}. Requires ContentUri triggers.
02-10 16:42:53.296 D/WM-GreedyScheduler(15253): Ignoring {WorkSpec: fd3dd349-4a26-4fde-b627-acc47e79a8cc}. Requires ContentUri triggers.
02-10 16:42:53.306 D/WM-GreedyScheduler(15253): Cancelling work ID 3e5942b8-5244-4fc6-aee1-3f1281be7619
02-10 16:42:53.308 I/RcsProvisioningTriggerI(15253): RcsProvisioningTrigger: Schedule provisioning on app startup
02-10 16:42:53.309 I/RcsProvisioningTriggerI(15253): RcsProvisioningTrigger: updateAvailabilityForAllSimsAsync : hint = NO_HINT logTriggerEvent = false
02-10 16:42:53.310 I/Bugle   (15253): RcsAvailabilityUtilForProvisioningEngineV2: updateAvailabilityForAllSimsAsync, hint: NO_HINT
02-10 16:42:53.311 I/BugleRcsProvisioning(15253): updateAvailabilityForAllSimsAsync: scheduling updateAvailabilityForRcsProvisioningId call. Hint: NO_HINT, enableWelcomePopupWithoutGoogleTos: false, reshowSuccessPopup: false
02-10 16:42:53.312 I/BugleNetwork(15253): Startup: registering tachyon.
02-10 16:42:53.312 I/BugleRcsProvisioning(15253): updateRcsAvailabilityForMultipleSims: hint: NO_HINT, canReshowWelcomeMessage: false
02-10 16:42:53.327 I/BugleNetwork(15253): Startup: registering tachyon for phone.
02-10 16:42:53.331 D/WM-SystemJobScheduler(15253): Scheduling work ID 3e5942b8-5244-4fc6-aee1-3f1281be7619Job ID 1228
02-10 16:42:53.331 I/BugleRcsEngine(15253): [SR]: Single Registration is disabled. Skipping Single Registration capability check for subId: 1 [CONTEXT thread_id=11864 ]
02-10 16:42:53.337 D/WM-GreedyScheduler(15253): Ignoring {WorkSpec: 5c3692f7-9e3d-474a-99d2-75e9b9b2dbd5}. Requires device idle.
02-10 16:42:53.337 D/WM-GreedyScheduler(15253): Ignoring {WorkSpec: 4b15df56-812d-4d85-8ae8-040f0877ddbd}. Requires device idle.
02-10 16:42:53.337 D/WM-GreedyScheduler(15253): Ignoring {WorkSpec: e28a55f9-4a80-46cf-b8f7-b340483607c9}. Requires device idle.
02-10 16:42:53.337 D/WM-GreedyScheduler(15253): Ignoring {WorkSpec: e31684a5-c672-4e28-bd78-adfeddb9c6a0}. Requires device idle.
02-10 16:42:53.339 D/WM-GreedyScheduler(15253): Ignoring {WorkSpec: 6eadab28-b473-4761-962a-fe8cdaf36e59}. Requires ContentUri triggers.
02-10 16:42:53.340 D/WM-GreedyScheduler(15253): Ignoring {WorkSpec: fd3dd349-4a26-4fde-b627-acc47e79a8cc}. Requires ContentUri triggers.
02-10 16:42:53.345 I/BugleRcsProvisioning(15253): RcsAvailability configuration availability and enabled status: simId: redacted-pii:sim_id[chars:20,last3:214], SipConnectionType: DUAL_REG, isConfigurationAvailableAndEnabled: true
02-10 16:42:53.346 I/BugleRcsProvisioning(15253): Checking isConfigServerUrlAvailable with simId: redacted-pii:sim_id[chars:20,last3:214], 
02-10 16:42:53.347 I/BugleNetwork(15253): TachyonPhoneRegistration: Ensuring Tachyon phone registration
02-10 16:42:53.348 I/BugleRcsEngine(15253): getConfigServerUrl with simId: redacted-pii:sim_id[chars:20,last3:214] [CONTEXT log_prefix="ProvisioningServerUtil" thread_id=11864 ]
02-10 16:42:53.351 I/BugleRcsEngine(15253): Using MCC based URL [CONTEXT log_prefix="ProvisioningServerUtil" thread_id=11864 ]
02-10 16:42:53.352 I/ProvisioningServerUtil(15253): ProvisioningServerUtil: Getting mcc from SimSubscriptionInfo.
02-10 16:42:53.360 D/WM-GreedyScheduler(15253): Cancelling work ID b57676a5-6be3-43f6-b6f8-4ca9ef46176b
02-10 16:42:53.362 I/BugleRcsProvisioning(15253): RcsAvailability: Subscription Id: 1, simId: redacted-pii:sim_id[chars:20,last3:214], sipConnectionType: DUAL_REG, isRcsAvailable: true
02-10 16:42:53.363 I/BugleRcsProvisioning(15253): updateAvailabilityForRcsProvisioningId. SimId: redacted-pii:sim_id[chars:20,last3:214], currentAvailability: 7, newAvailability: 7, hint: NO_HINT
02-10 16:42:53.365 I/RcsClientLib(15253): Service is deprecated skipping connection attempt: EventService
02-10 16:42:53.366 I/RcsClientLib(15253): Service is deprecated skipping connection attempt: ContactsService
02-10 16:42:53.366 I/RcsClientLib(15253): Service is deprecated skipping connection attempt: FileTransferService
02-10 16:42:53.367 I/RcsClientLib(15253): Service is deprecated skipping connection attempt: LocationSharingService
02-10 16:42:53.369 I/RcsProvisioningTriggerI(15253): scheduleProvisioningForEligibleSims
02-10 16:42:53.370 I/ctlk    (15253): scheduleProvisioningForEligibleSims: operationTrigger: 5 bugle trigger event: 4
02-10 16:42:53.370 I/ctlk    (15253): scheduleProvisioningForAllEligibleSims: operationTrigger: 5 bugle trigger event: 4
02-10 16:42:53.374 I/ctlk    (15253): scheduleProvisioningForRcsProvisioningId: rcsProvisioningId: redacted-pii:sim_id[chars:20,last3:214] operationTrigger: 5 bugle trigger event: 4
02-10 16:42:53.374 I/RcsProvisioningTriggerI(15253): RcsProvisioningTrigger: onRcsAvailabilityUpdate : availability is updated to RCS is setup, lastAvailabilityLocal is null, simId hash = 345261913845197228, simId = redacted-pii:sim_id[chars:20,last3:214], isPev3Enabled = true
02-10 16:42:53.375 I/RcsClientLib(15253): Service is deprecated skipping connection attempt: ImsConnectionTrackerService
02-10 16:42:53.376 I/RcsClientLib(15253): Service is deprecated skipping connection attempt: RcsProfileService
02-10 16:42:53.376 I/BugleRcsEngine(15253): [SR]: Single Registration is disabled. Skipping Single Registration capability check for subId: 1 [CONTEXT thread_id=11902 ]
02-10 16:42:53.376 I/RcsClientLib(15253): Service is deprecated skipping connection attempt: RcsMessagingService
02-10 16:42:53.377 I/BugleRcs(15253): connecting to 7 Rcs Services
02-10 16:42:53.377 I/ctlk    (15253): RcsProvisioningTrigger: DR is active, initializing DR provisioning. DUAL_REG
02-10 16:42:53.381 I/RcsProvisioningManager(15253): Receive onRcsAvailabilityUpdate, SIM = redacted-pii:sim_id[chars:20,last3:214], availability = RcsAvailability{mAvailability=AVAILABLE (RCS is setup)}
02-10 16:42:53.384 I/BugleRcsEngine(15253): [SR]: Single Registration is disabled. Skipping Single Registration capability check for subId: 1 [CONTEXT thread_id=11903 ]
02-10 16:42:53.392 D/WM-SystemJobScheduler(15253): Scheduling work ID b57676a5-6be3-43f6-b6f8-4ca9ef46176bJob ID 1229
02-10 16:42:53.397 D/WM-GreedyScheduler(15253): Ignoring {WorkSpec: 5c3692f7-9e3d-474a-99d2-75e9b9b2dbd5}. Requires device idle.
02-10 16:42:53.397 D/WM-GreedyScheduler(15253): Ignoring {WorkSpec: 4b15df56-812d-4d85-8ae8-040f0877ddbd}. Requires device idle.
02-10 16:42:53.397 D/WM-GreedyScheduler(15253): Ignoring {WorkSpec: e28a55f9-4a80-46cf-b8f7-b340483607c9}. Requires device idle.
02-10 16:42:53.397 D/WM-GreedyScheduler(15253): Ignoring {WorkSpec: e31684a5-c672-4e28-bd78-adfeddb9c6a0}. Requires device idle.
02-10 16:42:53.397 D/WM-GreedyScheduler(15253): Ignoring {WorkSpec: 6eadab28-b473-4761-962a-fe8cdaf36e59}. Requires ContentUri triggers.
02-10 16:42:53.398 D/WM-GreedyScheduler(15253): Ignoring {WorkSpec: fd3dd349-4a26-4fde-b627-acc47e79a8cc}. Requires ContentUri triggers.
02-10 16:42:53.400 I/RcsProvisioningWorkMana(15253): Skipping full provisioning scheduling since we already have valid and updated RCS configuration
02-10 16:42:53.402 I/RcsProvisioningManager(15253): Configuration is empty: false for simId: redacted-pii:sim_id[chars:35,last3:14)]
02-10 16:42:53.403 I/RcsProvisioningFlow(15253): Clearing provisioning flow state for redacted-pii:sim_id[chars:20,last3:214]
02-10 16:42:53.414 I/RcsProvisioningManager(15253): AvailabilityObserver.onUpdate : Notify RcsAvailabilityListener csoo@46b923a onRcsAvailabilityUpdate, SIM = redacted-pii:sim_id[chars:20,last3:214], availability = 7
02-10 16:42:53.418 I/BugleTransport(15253): Retrieved RCS available simIds: [redacted-pii[20-chars]]
02-10 16:42:53.421 I/BugleTransport(15253): Enabled chat transport for SIM = redacted-pii[20-chars] is TACHYGRAM
02-10 16:42:53.424 I/BugleTransport(15253): Deregister all SIMs except for SIMs with subIds: [] from chat transport: SINGLE_REGISTRATION.
02-10 16:42:53.426 I/BugleTransport(15253): Deregister all SIMs except for SIMs with subIds: [1] from chat transport: TACHYGRAM.
02-10 16:42:53.428 I/BugleTransport(15253): Deregister all SIMs except for SIMs with subIds: [] from chat transport: DUAL_REGISTRATION.
02-10 16:42:53.436 I/RcsProvisioningFlow(15253): EVENT_TYPE_PROVISIONING_SUCCEEDED logging skipped for redacted-pii:sim_id[chars:20,last3:214] because of NOT_ELIGIBLE_PREVIOUS_EVENT_NOT_LOGGED
02-10 16:42:53.437 I/RcsProvisioningTriggerI(15253): RcsProvisioningTrigger: onRcsAvailabilityUpdate : isPreviousDisabled = true, isCurrentDisabled = false, config[simId:redacted-pii:sim_id[chars:20,last3:214]] = [Type: 1, Version: 11, Validity: 400010, Last updated: 1770533063, Remaining validity: 211100, Reconfiguration requested: false, Messaging technology: CPM, rcsVolteSingleRegistration: false, Invalid configreason: INVALID_CONFIG_REASON_UNSPECIFIED], hasToken: true, isValidAndUpdated: true
02-10 16:42:53.444 I/RcsProvisioningManager(15253): Receive onRcsConfigurationUpdate, SIM = redacted-pii:sim_id[chars:20,last3:214], configuration = Type: 1, Version: 11, Validity: 400010, Last updated: 1770533063, Remaining validity: 211100, Reconfiguration requested: false, Messaging technology: CPM, rcsVolteSingleRegistration: false, Invalid configreason: INVALID_CONFIG_REASON_UNSPECIFIED
02-10 16:42:53.445 I/RcsClientLib(15253): Service is deprecated skipping connection attempt: RcsEngineLifecycleServiceV2
02-10 16:42:53.446 I/RcsProvisioningManager(15253): Configuration is empty: false for simId: redacted-pii:sim_id[chars:35,last3:14)]
02-10 16:42:53.448 I/BugleRcsJibe(15253): RcsServiceConnectionException was raised while waiting to connect to RcsEngineLifecycleServiceV2
02-10 16:42:53.452 I/RcsProvisioningManager(15253): AvailabilityObserver.onUpdate : Notify RcsAvailabilityListener cyel@3a39d3d onRcsAvailabilityUpdate, SIM = redacted-pii:sim_id[chars:20,last3:214], availability = 7
02-10 16:42:53.453 I/RcsProvisioningManager(15253): combineConfigurationWithAvailability, simId = redacted-pii:sim_id[chars:20,last3:214], hasConfig = true
02-10 16:42:53.456 I/RcsProvisioningManager(15253): CommonRcsProvisioningChangeListenerHandler.notifyListener : Notify RcsProvisioningChangeListener djph@6a5f448 onRcsProvisioningChange, SIM = redacted-pii:sim_id[chars:35,last3:14)], available rcs provisioning ids  = redacted-pii:sim_id[chars:20,last3:214]
02-10 16:42:53.459 I/BugleTransport(15253): Register SIM with subId: 1 on chat transport: TACHYGRAM.
02-10 16:42:53.460 I/RcsProvisioningManager(15253): combineConfigurationWithAvailability, simId = redacted-pii:sim_id[chars:20,last3:214], hasConfig = true
02-10 16:42:53.462 I/RcsProvisioningManager(15253): combineConfigurationWithAvailability, simId = redacted-pii:sim_id[chars:20,last3:214], hasConfig = true
02-10 16:42:53.462 I/BugleRcsEngine(15253): [SR]: Single Registration is disabled. Skipping Single Registration capability check for subId: 1 [CONTEXT thread_id=11864 ]
02-10 16:42:53.463 I/RcsProvisioningManager(15253): CommonRcsProvisioningChangeListenerHandler.notifyListener : Notify RcsProvisioningChangeListener djph@6a5f448 onRcsProvisioningChange, SIM = redacted-pii:sim_id[chars:35,last3:14)], available rcs provisioning ids  = redacted-pii:sim_id[chars:20,last3:214]
02-10 16:42:53.464 I/RcsProvisioningManager(15253): combineConfigurationWithAvailability, simId = redacted-pii:sim_id[chars:20,last3:214], hasConfig = true
02-10 16:42:53.469 I/RcsProvisioningManager(15253): Notify RcsConfigurationListener ckkf@20d9565 onRcsConfigurationUpdate, SIM = redacted-pii:sim_id[chars:20,last3:214], hasConfiguration = true
02-10 16:42:53.471 I/RcsProvisioningManager(15253): Notify RcsConfigurationListener LruCache[maxSize=2,hits=1,misses=1,hitRate=50%] onRcsConfigurationUpdate, SIM = redacted-pii:sim_id[chars:20,last3:214], hasConfiguration = true
02-10 16:42:53.473 I/RcsProvisioningWorkMana(15253): Scheduled config refresh with 171099 seconds delay, false appendIfExists
02-10 16:42:53.476 I/RcsProvisioningTriggerI(15253): RcsProvisioningTrigger: Schedule refresh for valid configuration : refreshDelay = 171099
02-10 16:42:53.477 I/BugleRcsEngine(15253): [SR]: Single Registration is disabled. Skipping Single Registration capability check for subId: 1 [CONTEXT thread_id=11899 ]
02-10 16:42:53.479 I/RcsProvisioningManager(15253): Notify RcsConfigurationListener cyel@3a39d3d onRcsConfigurationUpdate, SIM = redacted-pii:sim_id[chars:20,last3:214], hasConfiguration = true
02-10 16:42:53.480 I/RcsProvisioningManager(15253): Notify RcsConfigurationListener axsz@ff44e5c onRcsConfigurationUpdate, SIM = redacted-pii:sim_id[chars:20,last3:214], hasConfiguration = true
02-10 16:42:53.480 I/BugleTransport(15253): Retrieved RCS available simIds: [redacted-pii[20-chars]]
02-10 16:42:53.484 I/BugleTransport(15253): Enabled chat transport for SIM = redacted-pii[20-chars] is TACHYGRAM
02-10 16:42:53.486 I/BugleTransport(15253): Deregister all SIMs except for SIMs with subIds: [] from chat transport: DUAL_REGISTRATION.
02-10 16:42:53.490 I/BugleTransport(15253): Deregister all SIMs except for SIMs with subIds: [1] from chat transport: TACHYGRAM.
02-10 16:42:53.492 I/BugleTransport(15253): Deregister all SIMs except for SIMs with subIds: [] from chat transport: SINGLE_REGISTRATION.
02-10 16:42:53.494 I/RcsClientLib(15253): Service is deprecated skipping connection attempt: RcsEngineLifecycleServiceV2
02-10 16:42:53.496 I/BugleRcsJibe(15253): RcsServiceConnectionException was raised while waiting to connect to RcsEngineLifecycleServiceV2
02-10 16:42:53.499 I/BugleTransport(15253): Register SIM with subId: 1 on chat transport: TACHYGRAM.
02-10 16:42:53.506 I/BugleRcsEngine(15253): [SR]: Single Registration is disabled. Skipping Single Registration capability check for subId: 1 [CONTEXT thread_id=11899 ]
02-10 16:42:53.524 I/.apps.messaging(15253): Background concurrent copying GC freed 7922KB AllocSpace bytes, 29(1036KB) LOS objects, 49% free, 10MB/20MB, paused 331us,275us total 259.479ms
02-10 16:42:53.525 I/BugleRcsProvisioning(15253): RcsAvailability configuration availability and enabled status: simId: redacted-pii:sim_id[chars:20,last3:214], SipConnectionType: DUAL_REG, isConfigurationAvailableAndEnabled: true
02-10 16:42:53.527 I/BugleRcsProvisioning(15253): Checking isConfigServerUrlAvailable with simId: redacted-pii:sim_id[chars:20,last3:214], 
02-10 16:42:53.528 I/BugleE2eeMls(15253): Certificate chain needs refresh if stale: false, or expires soon: false
02-10 16:42:53.529 I/BugleRcsEngine(15253): getConfigServerUrl with simId: redacted-pii:sim_id[chars:20,last3:214] [CONTEXT log_prefix="ProvisioningServerUtil" thread_id=11899 ]
02-10 16:42:53.529 I/BugleE2eeMls(15253): no certificates need to be refreshed, skip triggering certificate chain download [CONTEXT provisioning_session_id="ca229b8c-4815-4586-82c5-24124a94d27f" ]
02-10 16:42:53.530 I/BugleRcsEngine(15253): Using MCC based URL [CONTEXT log_prefix="ProvisioningServerUtil" thread_id=11899 ]
02-10 16:42:53.531 I/ProvisioningServerUtil(15253): ProvisioningServerUtil: Getting mcc from SimSubscriptionInfo.
02-10 16:42:53.539 I/BugleRcsProvisioning(15253): RcsAvailability: Subscription Id: 1, simId: redacted-pii:sim_id[chars:20,last3:214], sipConnectionType: DUAL_REG, isRcsAvailable: true
02-10 16:42:53.541 I/BugleRcsProvisioning(15253): updateAvailabilityForRcsProvisioningId. SimId: redacted-pii:sim_id[chars:20,last3:214], currentAvailability: 7, newAvailability: 7, hint: NO_HINT
02-10 16:42:53.547 I/RcsClientLib(15253): Service is deprecated skipping connection attempt: EventService
02-10 16:42:53.547 I/RcsProvisioningTriggerI(15253): RcsProvisioningTrigger: onRcsAvailabilityUpdate : availability is updated to RCS is setup, lastAvailabilityLocal is RCS is setup, simId hash = 345261913845197228, simId = redacted-pii:sim_id[chars:20,last3:214], isPev3Enabled = true
02-10 16:42:53.548 I/RcsClientLib(15253): Service is deprecated skipping connection attempt: ContactsService
02-10 16:42:53.549 I/RcsClientLib(15253): Service is deprecated skipping connection attempt: FileTransferService
02-10 16:42:53.551 I/RcsProvisioningWorkMana(15253): Scheduled provisioning task with 171099 seconds delay, KEEP policy, trigger is UNDEFINED_TRIGGER_EVENT, workerId is 2e0a252c-1a18-44ef-875f-86eec0437237, simId is redacted-pii:sim_id[chars:20,last3:214]
02-10 16:42:53.551 W/RcsProvisioningFlow(15253): For provisioning task scheduled event flow logging, provisioningTriggerEvent cannot be undefined.
02-10 16:42:53.552 I/RcsClientLib(15253): Service is deprecated skipping connection attempt: LocationSharingService
02-10 16:42:53.553 I/RcsClientLib(15253): Service is deprecated skipping connection attempt: ImsConnectionTrackerService
02-10 16:42:53.553 I/RcsClientLib(15253): Service is deprecated skipping connection attempt: RcsProfileService
02-10 16:42:53.554 I/RcsClientLib(15253): Service is deprecated skipping connection attempt: RcsMessagingService
02-10 16:42:53.554 I/BugleRcs(15253): connecting to 7 Rcs Services
02-10 16:42:53.625 D/BoundBrokerSvc(26559): onUnbind: Intent { act=com.google.android.gms.pay.service.BIND dat=chimera-action:/... cmp=com.google.android.gms/.chimera.GmsApiService }
02-10 16:42:53.683 W/TooltipLifecycleManager(30706): TooltipLifecycleManager.dismissTooltips():153 Tooltip with id SUGGESTION_VIEW_EDU_MINI_DIALOG not found in tooltipManager.
02-10 16:42:53.703 I/KeyboardModeUtils(30706): KeyboardModeUtils.getKeyboardBottomOffset():435 inch: 0.000000 ydpi: 268.541992 adjustKeyboardBottomByDisplaySize: false currentDensityDpi: 300 defaultDensityDpi: 300 keyboardBottomToScreenPx: 0 keyboardBottomToNavBarPx: -90 navBarHeight: 90
02-10 16:42:53.703 I/BaseKeyboardSizeHelper(30706): BaseKeyboardSizeHelper.calculateMaxKeyboardBodyHeight():73 leave 182 height for app when ime window height:1450, header height:83 and isFullscreenMode:false, so the max keyboard body height is:1185
02-10 16:42:53.704 I/BaseKeyboardSizeHelper(30706): BaseKeyboardSizeHelper.calculateMaxKeyboardBodyHeight():73 leave 182 height for app when ime window height:1450, header height:83 and isFullscreenMode:false, so the max keyboard body height is:1185
02-10 16:42:53.704 I/AndroidIME(30706): KeyboardViewManager.updateKeyboardBottomFrame():480 Set bottomFrameHeight = 3 while holderPaddingBottom = 3; navigationHeight = 90
02-10 16:42:53.868 W/TooltipLifecycleManager(30706): TooltipLifecycleManager.dismissTooltips():153 Tooltip with id SUGGESTION_VIEW_EDU_MINI_DIALOG not found in tooltipManager.
02-10 16:42:54.066 D/SQLiteQueryBuilder( 4280): SELECT _data, owner_package_name, is_pending FROM downloads WHERE ((_id='156694') AND (volume_name IN ( 'external_primary' )))
02-10 16:42:54.075 D/SQLiteQueryBuilder( 4280): SELECT rowid FROM downloads WHERE ((owner_package_name IN ( 'com.android.chrome' )) AND (_id='156694') AND (volume_name IN ( 'external_primary' )))
02-10 16:42:54.106 D/BoundBrokerSvc(26559): onUnbind: Intent { act=com.google.android.gms.inappreach.service.START dat=chimera-action:/... cmp=com.google.android.gms/.chimera.GmsApiService }
02-10 16:42:54.113 D/SQLiteQueryBuilder( 4280): SELECT _data, owner_package_name, is_pending FROM downloads WHERE ((_id='156030') AND (volume_name IN ( 'external_primary' )))
02-10 16:42:54.119 D/SQLiteQueryBuilder( 4280): SELECT rowid FROM downloads WHERE ((owner_package_name IN ( 'com.android.chrome' )) AND (_id='156030') AND (volume_name IN ( 'external_primary' )))
02-10 16:42:54.129 D/SQLiteQueryBuilder( 4280): SELECT _data, owner_package_name, is_pending FROM downloads WHERE ((_id='10260') AND (volume_name IN ( 'external_primary' )))
02-10 16:42:54.135 D/SQLiteQueryBuilder( 4280): SELECT rowid FROM downloads WHERE ((owner_package_name IN ( 'com.android.chrome' )) AND (_id='10260') AND (volume_name IN ( 'external_primary' )))
02-10 16:42:54.144 D/SQLiteQueryBuilder( 4280): SELECT _data, owner_package_name, is_pending FROM downloads WHERE ((_id='157101') AND (volume_name IN ( 'external_primary' )))
02-10 16:42:54.147 D/SQLiteQueryBuilder( 4280): SELECT rowid FROM downloads WHERE ((owner_package_name IN ( 'com.android.chrome' )) AND (_id='157101') AND (volume_name IN ( 'external_primary' )))
02-10 16:42:54.162 D/SQLiteQueryBuilder( 4280): SELECT _data, owner_package_name, is_pending FROM downloads WHERE ((_id='155994') AND (volume_name IN ( 'external_primary' )))
02-10 16:42:54.169 D/SQLiteQueryBuilder( 4280): SELECT rowid FROM downloads WHERE ((owner_package_name IN ( 'com.android.chrome' )) AND (_id='155994') AND (volume_name IN ( 'external_primary' )))
02-10 16:42:54.181 D/SQLiteQueryBuilder( 4280): SELECT _data, owner_package_name, is_pending FROM downloads WHERE ((_id='155632') AND (volume_name IN ( 'external_primary' )))
02-10 16:42:54.186 D/SQLiteQueryBuilder( 4280): SELECT rowid FROM downloads WHERE ((owner_package_name IN ( 'com.android.chrome' )) AND (_id='155632') AND (volume_name IN ( 'external_primary' )))
02-10 16:42:54.196 D/SQLiteQueryBuilder( 4280): SELECT _data, owner_package_name, is_pending FROM downloads WHERE ((_id='18211') AND (volume_name IN ( 'external_primary' )))
02-10 16:42:54.201 D/SQLiteQueryBuilder( 4280): SELECT rowid FROM downloads WHERE ((owner_package_name IN ( 'com.android.chrome' )) AND (_id='18211') AND (volume_name IN ( 'external_primary' )))
02-10 16:42:54.209 D/SQLiteQueryBuilder( 4280): SELECT _data, owner_package_name, is_pending FROM downloads WHERE ((_id='17577') AND (volume_name IN ( 'external_primary' )))
02-10 16:42:54.215 D/SQLiteQueryBuilder( 4280): SELECT rowid FROM downloads WHERE ((owner_package_name IN ( 'com.android.chrome' )) AND (_id='17577') AND (volume_name IN ( 'external_primary' )))
02-10 16:42:54.229 D/SQLiteQueryBuilder( 4280): SELECT _data, owner_package_name, is_pending FROM downloads WHERE ((_id='18958') AND (volume_name IN ( 'external_primary' )))
02-10 16:42:54.235 D/SQLiteQueryBuilder( 4280): SELECT rowid FROM downloads WHERE ((owner_package_name IN ( 'com.android.chrome' )) AND (_id='18958') AND (volume_name IN ( 'external_primary' )))
02-10 16:42:54.249 D/SQLiteQueryBuilder( 4280): SELECT _data, owner_package_name, is_pending FROM downloads WHERE ((_id='17575') AND (volume_name IN ( 'external_primary' )))
02-10 16:42:54.255 D/SQLiteQueryBuilder( 4280): SELECT rowid FROM downloads WHERE ((owner_package_name IN ( 'com.android.chrome' )) AND (_id='17575') AND (volume_name IN ( 'external_primary' )))
02-10 16:42:54.267 D/SQLiteQueryBuilder( 4280): SELECT _data, owner_package_name, is_pending FROM downloads WHERE ((_id='17576') AND (volume_name IN ( 'external_primary' )))
02-10 16:42:54.270 D/SQLiteQueryBuilder( 4280): SELECT rowid FROM downloads WHERE ((owner_package_name IN ( 'com.android.chrome' )) AND (_id='17576') AND (volume_name IN ( 'external_primary' )))
02-10 16:42:54.285 D/SQLiteQueryBuilder( 4280): SELECT _data, owner_package_name, is_pending FROM downloads WHERE ((_id='16440') AND (volume_name IN ( 'external_primary' )))
02-10 16:42:54.286 I/KeyboardWrapper(30706): KeyboardWrapper.switchToKeyboard():677 switchToKeyboard(): type=symbol, status=ACTIVE
02-10 16:42:54.287 I/KeyboardManager(30706): KeyboardManager.requestKeyboard():249 Creating keyboard symbol, imeId=password, cacheKey=theme,!gsf,!pgsans,!pgsf,!use_system_font,BORDER,FLAVOR_DPI=XHDPI,KEYBOARD_WIDTH_CATEGORY=NORMAL,KEY_BORDER_SHAPE=1,LIGHT_THEME=false,PHYSICAL_DIAGONAL=5.6666665,POPUP,SCREEN_SHORTEST_WIDTH=384,SCREEN_SHORTEST_WIDTH_NO_SCALE=384,XHDPI,bottom4dp,enable_popup_on_keypress=true,keyboard_redesign_google_sans=true,non_linear_scale,noshadow,overlay_builtin_dynamic_color_dark_base.binarypb:gm3-dark-ff121318-ffb7caff-03739404f1189b28aed05fb048a8b8af,silkpopup
02-10 16:42:54.288 I/KeyboardWrapper(30706): KeyboardWrapper.onKeyboardReady():224 onKeyboardReady(): type=prime(symbol), kb=com.google.android.apps.inputmethod.latin.keyboard.LatinSymbolsKeyboard@28f8d23
02-10 16:42:54.289 I/VoiceInputManager(30706): VoiceInputManager.onKeyboardActivated():1215 onKeyboardActivated() [UD]
02-10 16:42:54.289 I/HardKeyTracker(30706): HardKeyTracker.unregisterKeySequence():228 Unregister key sequence ocs{labelResId=2132020521, callback=csg@69695e, lastModifier=2, keyCodes=[47], actions=[0]}
02-10 16:42:54.289 I/HardKeyTracker(30706): HardKeyTracker.registerKeySequence():177 Register key sequence ocs{labelResId=2132020521, callback=csg@62f6084, lastModifier=2, keyCodes=[47], actions=[0]}
02-10 16:42:54.289 I/KeyboardWrapper(30706): KeyboardWrapper.doActivateKeyboard():612 doActivateKeyboard(): symbol
02-10 16:42:54.290 D/SQLiteQueryBuilder( 4280): SELECT rowid FROM downloads WHERE ((owner_package_name IN ( 'com.android.chrome' )) AND (_id='16440') AND (volume_name IN ( 'external_primary' )))
02-10 16:42:54.301 I/BaseKeyboardSizeHelper(30706): BaseKeyboardSizeHelper.calculateMaxKeyboardBodyHeight():73 leave 182 height for app when ime window height:1450, header height:83 and isFullscreenMode:false, so the max keyboard body height is:1185
02-10 16:42:54.301 W/TooltipLifecycleManager(30706): TooltipLifecycleManager.dismissTooltips():153 Tooltip with id undo_access_point_promotion_banner not found in tooltipManager.
02-10 16:42:54.302 D/SQLiteQueryBuilder( 4280): SELECT _data, owner_package_name, is_pending FROM downloads WHERE ((_id='18212') AND (volume_name IN ( 'external_primary' )))
02-10 16:42:54.303 I/KeyboardModeUtils(30706): KeyboardModeUtils.getKeyboardBottomOffset():435 inch: 0.000000 ydpi: 268.541992 adjustKeyboardBottomByDisplaySize: false currentDensityDpi: 300 defaultDensityDpi: 300 keyboardBottomToScreenPx: 0 keyboardBottomToNavBarPx: -90 navBarHeight: 90
02-10 16:42:54.303 I/BaseKeyboardSizeHelper(30706): BaseKeyboardSizeHelper.calculateMaxKeyboardBodyHeight():73 leave 182 height for app when ime window height:1450, header height:83 and isFullscreenMode:false, so the max keyboard body height is:1185
02-10 16:42:54.303 I/BaseKeyboardSizeHelper(30706): BaseKeyboardSizeHelper.calculateMaxKeyboardBodyHeight():73 leave 182 height for app when ime window height:1450, header height:83 and isFullscreenMode:false, so the max keyboard body height is:1185
02-10 16:42:54.303 I/AndroidIME(30706): KeyboardViewManager.updateKeyboardBottomFrame():480 Set bottomFrameHeight = 3 while holderPaddingBottom = 3; navigationHeight = 90
02-10 16:42:54.303 I/BaseKeyboardSizeHelper(30706): BaseKeyboardSizeHelper.calculateMaxKeyboardBodyHeight():73 leave 182 height for app when ime window height:1450, header height:83 and isFullscreenMode:false, so the max keyboard body height is:1185
02-10 16:42:54.303 I/BaseKeyboardSizeHelper(30706): BaseKeyboardSizeHelper.calculateMaxKeyboardBodyHeight():73 leave 182 height for app when ime window height:1450, header height:83 and isFullscreenMode:false, so the max keyboard body height is:1185
02-10 16:42:54.304 I/GlobeKeyExtension(30706): GlobeKeyExtension.getKeyboardInitialStates():175 
02-10 16:42:54.304 W/Keyboard(30706): Keyboard.getKeyboardViewHelper():604 null helper is returned: keyboardDef=ngj{processedConditions={layout_9key_split=false, language=en-US, deprecate_long_press_space_for_ime_picker=false, keyboard_mode=normal, device=phone, expressions=normal, android_software_xr_api_spatial=false}, globalConditions={global_theme_key=theme,!gsf,!pgsans,!pgsf,!use_system_font,BORDER,FLAVOR_DPI=XHDPI,KEYBOARD_WIDTH_CATEGORY=NORMAL,KEY_BORDER_SHAPE=1,LIGHT_THEME=false,PHYSICAL_DIAGONAL=5.6666665,POPUP,SCREEN_SHORTEST_WIDTH=384,SCREEN_SHORTEST_WIDTH_NO_SCALE=384,XHDPI,bottom4dp,enable_popup_on_keypress=true,keyboard_redesign_google_sans=true,non_linear_scale,noshadow,overlay_builtin_dynamic_color_dark_base.binarypb:gm3-dark-ff121318-ffb7caff-03739404f1189b28aed05fb048a8b8af,silkpopup, global_locale=en_US, global_density_dpi=300, global_orientation=1}, className=.latin.keyboard.LatinSymbolsKeyboard, resourceIds=[#0x7f17091c], initialStates=0, keyboardViewDefs=[ngx{direction=LOCALE, id=#0x7f0b0225, isScalable=false, layoutId=#0x7f0e0500, type=HEADER, touchable=true, defaultShow=true}, ngx{direction=null, id=#0x7f0b0225, isScalable=true, layoutId=#0x7f0e04e6, type=BODY, touchable=true, defaultShow=true}], persistentStates=0, persistentStatesPrefKey=null, popupBubbleLayoutId=#0x7f0e0601, recentKeyLayoutId=#0x7f0e0704, recentKeyPopupLayoutId=#0x7f0e05f4, recentKeyType=null, rememberRecentKey=NONE, sessionStates=0}, type=FLOATING_CANDIDATES, helpersCreated={HEADER=msd@570c8f5, BODY=msd@be668a}, context.getResources().getConfiguration(): {1.0 405mcc863mnc [en_US] ldltr sw384dp w384dp h858dp 300dpi nrml long port night finger -keyb/v/h -nav/h winConfig={ mBounds=Rect(0, 0 - 720, 1608) mAppBounds=Rect(0, 0 - 720, 1608) mMaxBounds=Rect(0, 0 - 720, 1608) mDisplayRotation=ROTATION_0 mWindowingMode=fullscreen mActivityType=undefined mAlwaysOnTop=undefined mRotation=ROTATION_0 isEmbedding:false} s.20618 fontWeightAdjustment=0 themeId=2 themeParameter=0 nightModeLevel = -1 typefaceChanged=0.0 ?spacesystem eaMode=1}
02-10 16:42:54.305 W/Keyboard(30706): Keyboard.getKeyboardViewHelper():604 null helper is returned: keyboardDef=ngj{processedConditions={layout_9key_split=false, language=en-US, deprecate_long_press_space_for_ime_picker=false, keyboard_mode=normal, device=phone, expressions=normal, android_software_xr_api_spatial=false}, globalConditions={global_theme_key=theme,!gsf,!pgsans,!pgsf,!use_system_font,BORDER,FLAVOR_DPI=XHDPI,KEYBOARD_WIDTH_CATEGORY=NORMAL,KEY_BORDER_SHAPE=1,LIGHT_THEME=false,PHYSICAL_DIAGONAL=5.6666665,POPUP,SCREEN_SHORTEST_WIDTH=384,SCREEN_SHORTEST_WIDTH_NO_SCALE=384,XHDPI,bottom4dp,enable_popup_on_keypress=true,keyboard_redesign_google_sans=true,non_linear_scale,noshadow,overlay_builtin_dynamic_color_dark_base.binarypb:gm3-dark-ff121318-ffb7caff-03739404f1189b28aed05fb048a8b8af,silkpopup, global_locale=en_US, global_density_dpi=300, global_orientation=1}, className=.latin.keyboard.LatinSymbolsKeyboard, resourceIds=[#0x7f17091c], initialStates=0, keyboardViewDefs=[ngx{direction=LOCALE, id=#0x7f0b0225, isScalable=false, layoutId=#0x7f0e0500, type=HEADER, touchable=true, defaultShow=true}, ngx{direction=null, id=#0x7f0b0225, isScalable=true, layoutId=#0x7f0e04e6, type=BODY, touchable=true, defaultShow=true}], persistentStates=0, persistentStatesPrefKey=null, popupBubbleLayoutId=#0x7f0e0601, recentKeyLayoutId=#0x7f0e0704, recentKeyPopupLayoutId=#0x7f0e05f4, recentKeyType=null, rememberRecentKey=NONE, sessionStates=0}, type=WIDGET, helpersCreated={HEADER=msd@570c8f5, BODY=msd@be668a}, context.getResources().getConfiguration(): {1.0 405mcc863mnc [en_US] ldltr sw384dp w384dp h858dp 300dpi nrml long port night finger -keyb/v/h -nav/h winConfig={ mBounds=Rect(0, 0 - 720, 1608) mAppBounds=Rect(0, 0 - 720, 1608) mMaxBounds=Rect(0, 0 - 720, 1608) mDisplayRotation=ROTATION_0 mWindowingMode=fullscreen mActivityType=undefined mAlwaysOnTop=undefined mRotation=ROTATION_0 isEmbedding:false} s.20618 fontWeightAdjustment=0 themeId=2 themeParameter=0 nightModeLevel = -1 typefaceChanged=0.0 ?spacesystem eaMode=1}
02-10 16:42:54.305 I/BaseKeyboardSizeHelper(30706): BaseKeyboardSizeHelper.calculateMaxKeyboardBodyHeight():73 leave 182 height for app when ime window height:1450, header height:83 and isFullscreenMode:false, so the max keyboard body height is:1185
02-10 16:42:54.307 D/SQLiteQueryBuilder( 4280): SELECT rowid FROM downloads WHERE ((owner_package_name IN ( 'com.android.chrome' )) AND (_id='18212') AND (volume_name IN ( 'external_primary' )))
02-10 16:42:54.312 I/KeyboardModeUtils(30706): KeyboardModeUtils.getKeyboardBottomOffset():435 inch: 0.000000 ydpi: 268.541992 adjustKeyboardBottomByDisplaySize: false currentDensityDpi: 300 defaultDensityDpi: 300 keyboardBottomToScreenPx: 0 keyboardBottomToNavBarPx: -90 navBarHeight: 90
02-10 16:42:54.312 I/BaseKeyboardSizeHelper(30706): BaseKeyboardSizeHelper.calculateMaxKeyboardBodyHeight():73 leave 182 height for app when ime window height:1450, header height:83 and isFullscreenMode:false, so the max keyboard body height is:1185
02-10 16:42:54.312 I/BaseKeyboardSizeHelper(30706): BaseKeyboardSizeHelper.calculateMaxKeyboardBodyHeight():73 leave 182 height for app when ime window height:1450, header height:83 and isFullscreenMode:false, so the max keyboard body height is:1185
02-10 16:42:54.312 I/AndroidIME(30706): KeyboardViewManager.updateKeyboardBottomFrame():480 Set bottomFrameHeight = 3 while holderPaddingBottom = 3; navigationHeight = 90
02-10 16:42:54.316 D/SQLiteQueryBuilder( 4280): SELECT _data, owner_package_name, is_pending FROM downloads WHERE ((_id='9943') AND (volume_name IN ( 'external_primary' )))
02-10 16:42:54.320 D/SQLiteQueryBuilder( 4280): SELECT rowid FROM downloads WHERE ((owner_package_name IN ( 'com.android.chrome' )) AND (_id='9943') AND (volume_name IN ( 'external_primary' )))
02-10 16:42:54.325 I/GoogleInputMethodService(30706): GoogleInputMethodService$1.onKeyboardViewShown():329 onKeyboardViewShown: keyboardType=symbol, keyboardViewType=HEADER keyboardView=com.google.android.libraries.inputmethod.widgets.SoftKeyboardView{5924afe V.E...... ........ 0,0-720,83 #7f0b038e app:id/0_resource_name_obfuscated}
02-10 16:42:54.325 I/BaseKeyboardSizeHelper(30706): BaseKeyboardSizeHelper.calculateMaxKeyboardBodyHeight():73 leave 182 height for app when ime window height:1450, header height:83 and isFullscreenMode:false, so the max keyboard body height is:1185
02-10 16:42:54.326 I/GoogleInputMethodService(30706): GoogleInputMethodService$1.onKeyboardViewShown():329 onKeyboardViewShown: keyboardType=symbol, keyboardViewType=BODY keyboardView=com.google.android.libraries.inputmethod.widgets.SoftKeyboardView{1bedfca V.E...... ........ 0,0-720,473}
02-10 16:42:54.326 I/BaseKeyboardSizeHelper(30706): BaseKeyboardSizeHelper.calculateMaxKeyboardBodyHeight():73 leave 182 height for app when ime window height:1450, header height:83 and isFullscreenMode:false, so the max keyboard body height is:1185
02-10 16:42:54.327 I/NewLanguagePromptExtension(30706): NewLanguagePromptExtension$1.onKeyboardViewShown():88 Not show new language banner: not prime keyboard, or the extension not activated.
02-10 16:42:54.327 I/KeyboardModeUtils(30706): KeyboardModeUtils.getKeyboardBottomOffset():435 inch: 0.000000 ydpi: 268.541992 adjustKeyboardBottomByDisplaySize: false currentDensityDpi: 300 defaultDensityDpi: 300 keyboardBottomToScreenPx: 0 keyboardBottomToNavBarPx: -90 navBarHeight: 90
02-10 16:42:54.328 I/BaseKeyboardSizeHelper(30706): BaseKeyboardSizeHelper.calculateMaxKeyboardBodyHeight():73 leave 182 height for app when ime window height:1450, header height:83 and isFullscreenMode:false, so the max keyboard body height is:1185
02-10 16:42:54.328 I/BaseKeyboardSizeHelper(30706): BaseKeyboardSizeHelper.calculateMaxKeyboardBodyHeight():73 leave 182 height for app when ime window height:1450, header height:83 and isFullscreenMode:false, so the max keyboard body height is:1185
02-10 16:42:54.328 I/AndroidIME(30706): KeyboardViewManager.updateKeyboardBottomFrame():480 Set bottomFrameHeight = 3 while holderPaddingBottom = 3; navigationHeight = 90
02-10 16:42:54.333 D/SQLiteQueryBuilder( 4280): SELECT _data, owner_package_name, is_pending FROM downloads WHERE ((_id='15404') AND (volume_name IN ( 'external_primary' )))
02-10 16:42:54.337 D/SQLiteQueryBuilder( 4280): SELECT rowid FROM downloads WHERE ((owner_package_name IN ( 'com.android.chrome' )) AND (_id='15404') AND (volume_name IN ( 'external_primary' )))
02-10 16:42:54.352 D/SQLiteQueryBuilder( 4280): SELECT _data, owner_package_name, is_pending FROM downloads WHERE ((_id='9814') AND (volume_name IN ( 'external_primary' )))
02-10 16:42:54.357 D/SQLiteQueryBuilder( 4280): SELECT rowid FROM downloads WHERE ((owner_package_name IN ( 'com.android.chrome' )) AND (_id='9814') AND (volume_name IN ( 'external_primary' )))
02-10 16:42:54.367 D/SQLiteQueryBuilder( 4280): SELECT _data, owner_package_name, is_pending FROM downloads WHERE ((_id='157008') AND (volume_name IN ( 'external_primary' )))
02-10 16:42:54.370 D/SQLiteQueryBuilder( 4280): SELECT rowid FROM downloads WHERE ((owner_package_name IN ( 'com.android.chrome' )) AND (_id='157008') AND (volume_name IN ( 'external_primary' )))
02-10 16:42:54.877 W/TooltipLifecycleManager(30706): TooltipLifecycleManager.dismissTooltips():153 Tooltip with id SUGGESTION_VIEW_EDU_MINI_DIALOG not found in tooltipManager.
02-10 16:42:55.361 W/TooltipLifecycleManager(30706): TooltipLifecycleManager.dismissTooltips():153 Tooltip with id SUGGESTION_VIEW_EDU_MINI_DIALOG not found in tooltipManager.
02-10 16:42:55.786 W/TooltipLifecycleManager(30706): TooltipLifecycleManager.dismissTooltips():153 Tooltip with id SUGGESTION_VIEW_EDU_MINI_DIALOG not found in tooltipManager.
02-10 16:42:55.898 D/BoundBrokerSvc(26559): onUnbind: Intent { act=com.google.android.gms.safebrowsing.SafeBrowsingService.START dat=chimera-action:/... cmp=com.google.android.gms/.chimera.GmsBoundBrokerService }
02-10 16:42:56.120 W/TooltipLifecycleManager(30706): TooltipLifecycleManager.dismissTooltips():153 Tooltip with id SUGGESTION_VIEW_EDU_MINI_DIALOG not found in tooltipManager.
02-10 16:42:56.428 W/TooltipLifecycleManager(30706): TooltipLifecycleManager.dismissTooltips():153 Tooltip with id SUGGESTION_VIEW_EDU_MINI_DIALOG not found in tooltipManager.
02-10 16:42:56.754 W/TooltipLifecycleManager(30706): TooltipLifecycleManager.dismissTooltips():153 Tooltip with id SUGGESTION_VIEW_EDU_MINI_DIALOG not found in tooltipManager.
02-10 16:42:57.088 W/TooltipLifecycleManager(30706): TooltipLifecycleManager.dismissTooltips():153 Tooltip with id SUGGESTION_VIEW_EDU_MINI_DIALOG not found in tooltipManager.
02-10 16:42:57.560 I/GoogleInputMethodService(30706): GoogleInputMethodService.onFinishInputView():1588 onFinishInputView(false)
02-10 16:42:57.561 I/GlobeKeyExtension(30706): GlobeKeyExtension.onDeactivate():144 
02-10 16:42:57.561 W/TooltipLifecycleManager(30706): TooltipLifecycleManager.dismissTooltips():153 Tooltip with id SUGGESTION_VIEW_EDU_MINI_DIALOG not found in tooltipManager.
02-10 16:42:57.562 I/VoiceInputManagerWrapper(30706): VoiceInputManagerWrapper.shutdown():131 shutdown()
02-10 16:42:57.563 W/TooltipLifecycleManager(30706): TooltipLifecycleManager.dismissTooltips():153 Tooltip with id spell_check_add_to_dictionary not found in tooltipManager.
02-10 16:42:57.564 I/KeyboardViewController(30706): KeyboardViewController.clearSubViewControllerInternal():455 Clears keyboard sub view controller for keyboardType: symbol, viewType: HEADER, viewId: 2131432685(#0x7f0b14ed),which has not been set.
02-10 16:42:57.564 I/AndroidIME(30706): AbstractIme.onDeactivate():213 PasswordIme.onDeactivate()
02-10 16:42:57.567 I/PrimesLoggerHolder(30706): FrameMetricServiceImpl.stopAsFuture():239 Measurement not found: OnConfigurationChanged
02-10 16:42:57.567 W/TooltipLifecycleManager(30706): TooltipLifecycleManager.dismissTooltips():153 Tooltip with id undo_access_point_promotion_banner not found in tooltipManager.
02-10 16:42:57.576 I/KeyboardModeUtils(30706): KeyboardModeUtils.getKeyboardBottomOffset():435 inch: 0.000000 ydpi: 268.541992 adjustKeyboardBottomByDisplaySize: false currentDensityDpi: 300 defaultDensityDpi: 300 keyboardBottomToScreenPx: 0 keyboardBottomToNavBarPx: -90 navBarHeight: 90
02-10 16:42:57.576 I/BaseKeyboardSizeHelper(30706): BaseKeyboardSizeHelper.calculateMaxKeyboardBodyHeight():73 leave 182 height for app when ime window height:1450, header height:83 and isFullscreenMode:false, so the max keyboard body height is:1185
02-10 16:42:57.577 I/BaseKeyboardSizeHelper(30706): BaseKeyboardSizeHelper.calculateMaxKeyboardBodyHeight():73 leave 182 height for app when ime window height:1450, header height:83 and isFullscreenMode:false, so the max keyboard body height is:1185
02-10 16:42:57.577 I/AndroidIME(30706): KeyboardViewManager.updateKeyboardBottomFrame():480 Set bottomFrameHeight = 3 while holderPaddingBottom = 3; navigationHeight = 90
02-10 16:42:58.014 I/BugleDataModel(15253): ActionExecutorImpl: ACTION_EXECUTE_QUEUED_FixupMessageStatusOnStartupAction
02-10 16:42:58.015 I/BugleDataModel(15253): ActionExecutorImpl: ACTION_EXECUTE_QUEUED_ProcessPendingMessagesAction
02-10 16:42:58.015 I/BugleDataModel(15253): ExecuteActionRunnable: running action FixupMessageStatusOnStartupAction
02-10 16:42:58.064 I/BugleDataModel(15253): FixupMessageStatusOnStartupAction: sendFailedCnt: 0, downloadFailedCnt: 0, partsProcessingFailedCnt: 0
02-10 16:42:58.090 I/BugleDataModel(15253): ActionExecutorImpl: ACTION_EXECUTE_QUEUED_SelfParticipantsRefreshAction
02-10 16:42:58.100 I/BugleDataModel(15253): PendingMessagesProcessor process from FixupMessageStatusOnStartupAction due to process restarts throttled  with delay 0s with queues smsMessagesToSend:0 mmsMessagesToSend:0 rcsMessagesToSend:0 rcsFTMessagesToSend:0 messagesToDownload:0
02-10 16:42:58.102 I/BugleDataModel(15253): Cleared next retry time for channel: sms_send 
02-10 16:42:58.103 I/BugleDataModel(15253): Cleared next retry time for channel: mms_send 
02-10 16:42:58.104 I/BugleDataModel(15253): Cleared next retry time for channel: mms_download 
02-10 16:42:58.105 I/BugleDataModel(15253): Cleared next retry time for channel: rcs_send 
02-10 16:42:58.106 I/BugleDataModel(15253): Cleared next retry time for channel: rcs_ft_upload 
02-10 16:42:58.106 I/BugleDataModel(15253): Cleared next retry time for channel: rcs_ft_download 
02-10 16:42:58.107 I/BugleDataModel(15253): Cleared next retry time for channel: cloud_sync_send 
02-10 16:42:58.108 I/BugleDataModel(15253): Cleared next retry time for channel: cloud_sync_attachment_download 
02-10 16:42:58.109 I/BugleDataModel(15253): ExecuteActionRunnable: running action ProcessPendingMessagesAction
02-10 16:42:58.117 I/BugleDataModel(15253): PendingMessagesProcessor process from ProcessPendingMessagesAction due to scheduled processing  with delay 0s with queues smsMessagesToSend:0 mmsMessagesToSend:0 rcsMessagesToSend:0 rcsFTMessagesToSend:0 messagesToDownload:0
02-10 16:42:58.119 I/BugleDataModel(15253): ExecuteActionRunnable: running action SelfParticipantsRefreshAction
02-10 16:42:58.121 I/BugleDataModel(15253): ActionExecutorImpl: ACTION_BACKGROUND_QUEUED_SelfParticipantsRefreshAction
02-10 16:42:58.125 I/BugleDataModel(15253): ParticipantRefresh: ContactContentObserver created
02-10 16:42:58.129 I/BugleDataModel(15253): ParticipantFullRefresh: Start participant refresh. refreshMode: SELF_ONLY
02-10 16:42:58.138 I/BugleDataModel(15253): SubscriptionsTracker#refreshSelfParticipantList([1])
02-10 16:42:58.161 I/Bugle   (15253): getRawTelephonyPhoneNumber redacted-pii[12-chars] [CONTEXT sub_id=1 ]
02-10 16:42:58.164 I/Bugle   (15253): SubscriptionUtils.getCanonicalForSelf: self=redacted-pii[13-chars], country=IN [CONTEXT sub_id=1 ]
02-10 16:42:58.169 I/Bugle   (15253): CountryCodeDetector: updateSmsNetworkCountry from default subscription network country. detected country: in
02-10 16:42:58.180 I/Bugle   (15253): getRawTelephonyPhoneNumber redacted-pii[12-chars] [CONTEXT sub_id=1 ]
02-10 16:42:58.196 I/GoogleInputMethodService(30706): GoogleInputMethodService.onStartInput():1371 onStartInput(EditorInfo{EditorInfo{packageName=com.coinbase, inputType=4001, inputTypeString=Normal[CapSentences], enableLearning=true, autoCorrection=true, autoComplete=true, imeOptions=4000006, privateImeOptions=null, actionName=DONE, actionLabel=null, initialSelStart=0, initialSelEnd=0, initialCapsMode=2000, label=null, fieldId=87, fieldName=null, extras=Bundle[mParcelledData.dataSize=404], hintText=non-empty, hintLocales=[]}}, true)
02-10 16:42:58.196 W/SessionManager(30706): SessionManager.beginSession():53 Try to begin an already begun session [INPUT_SESSION], end it first
02-10 16:42:58.197 I/HardKeyTracker(30706): HardKeyTracker.registerKeySequence():177 Register key sequence ocs{labelResId=0, callback=gsd@60f123, lastModifier=0, keyCodes=[57, 57], actions=[1, 0]}
02-10 16:42:58.197 I/HardKeyTracker(30706): HardKeyTracker.registerKeySequence():177 Register key sequence ocs{labelResId=0, callback=gsd@6d18620, lastModifier=0, keyCodes=[58, 58], actions=[1, 0]}
02-10 16:42:58.197 I/Bugle   (15253): getRawTelephonyPhoneNumber redacted-pii[12-chars] [CONTEXT sub_id=1 ]
02-10 16:42:58.198 I/Module  (30706): DeviceLockedStatusModuleProvider$Module.updateDeviceLockedStatus():103 repeatCheckTimes = 1, locked = false
