02-10 16:42:52.218 D/WM-GreedyScheduler(15253): Ignoring {WorkSpec: 6eadab28-b473-4761-962a-fe8cdaf36e59}. Requires ContentUri triggers.
02-10 16:42:52.218 D/WM-GreedyScheduler(15253): Ignoring {WorkSpec: fd3dd349-4a26-4fde-b627-acc47e79a8cc}. Requires ContentUri triggers.
02-10 16:42:52.218 D/WM-GreedyScheduler(15253): Starting work for 1d7843e7-d8de-4872-9c29-0070e2bb53dc
02-10 16:42:52.222 I/Bugle   (15253): CountryCodeDetector: updateSmsNetworkCountry from default subscription network country. detected country: in
02-10 16:42:52.225 D/WM-Processor(15253): sci: processing WorkGenerationalId(workSpecId=1d7843e7-d8de-4872-9c29-0070e2bb53dc, generation=0)
02-10 16:42:52.231 D/MddListenableWorkerFactory(15253): createWorker for class: com.google.android.apps.messaging.shared.datamodel.workqueue.WorkQueueWorkerShim
02-10 16:42:52.237 I/RcsProvisioningFlow(15253): All newly built SimSubscriptionInfos: [(simId: redacted-pii:sim_id[chars:20,last3:214],
02-10 16:42:52.237 I/RcsProvisioningFlow(15253): subId: 1,
02-10 16:42:52.237 I/RcsProvisioningFlow(15253): simSlot: 0,
02-10 16:42:52.237 I/RcsProvisioningFlow(15253): imsi: redacted-pii:imsi[chars:15],
02-10 16:42:52.237 I/RcsProvisioningFlow(15253): phoneNumber: redacted-pii:phone_number[chars:12,last2:38],
02-10 16:42:52.237 I/RcsProvisioningFlow(15253): countryCode: IN,
02-10 16:42:52.237 I/RcsProvisioningFlow(15253): networkOperatorName: ,
02-10 16:42:52.237 I/RcsProvisioningFlow(15253): subscriptionGroupUuid: ,
02-10 16:42:52.237 I/RcsProvisioningFlow(15253): mcc: 405,
02-10 16:42:52.237 I/RcsProvisioningFlow(15253): mnc: 863,
02-10 16:42:52.237 I/RcsProvisioningFlow(15253): simCarrierId: 2018,
02-10 16:42:52.237 I/RcsProvisioningFlow(15253): iccid: redacted-pii:sim_iccid[chars:20],
02-10 16:42:52.237 I/RcsProvisioningFlow(15253): isFi: false,
02-10 16:42:52.237 I/RcsProvisioningFlow(15253): loggableGuid: e7567027-5938-4c38-b588-81ac1c689c60,
02-10 16:42:52.237 I/RcsProvisioningFlow(15253): formattedMsisdn: redacted-pii:phone_number[chars:13,last2:38],
02-10 16:42:52.237 I/RcsProvisioningFlow(15253): simOperatorName: Jio,
02-10 16:42:52.237 I/RcsProvisioningFlow(15253): simOperator: 405863,
02-10 16:42:52.237 I/RcsProvisioningFlow(15253): groupIdLevel1: FFFFFFFFFFFFFFFFFFFF,
02-10 16:42:52.237 I/RcsProvisioningFlow(15253): preferredSubscriptionName: SIM 1)]
02-10 16:42:52.238 D/WM-WorkerWrapper(15253): Starting work for com.google.android.apps.messaging.shared.datamodel.workqueue.WorkQueueWorkerShim
02-10 16:42:52.239 I/BugleJobs(15253): Starts to observe table change.
02-10 16:42:52.265 I/RcsProvisioningFlow(15253): Handling SIM state update work request for 3 with updateTrigger 6, scheduledAt 2026-02-10T11:12:52.096Z.
02-10 16:42:52.272 I/RcsProvisioningFlow(15253): Storing updated SimSubscriptionInfo list: [(redacted-pii:sim_id[chars:20,last3:214], e7567027-5938-4c38-b588-81ac1c689c60)]
02-10 16:42:52.273 I/RcsProvisioningFlow(15253): Beginning update task for phone SIMs state scheduledAt: 2026-02-10T11:12:52.096Z
02-10 16:42:52.282 D/BoundBrokerSvc(26559): onBind: Intent { act=com.google.android.gms.notifications.capping.api.NotificationsCappingApiService.START dat=chimera-action:/... cmp=com.google.android.gms/.chimera.GmsApiService }
02-10 16:42:52.282 D/BoundBrokerSvc(26559): Loading bound service for intent: Intent { act=com.google.android.gms.notifications.capping.api.NotificationsCappingApiService.START dat=chimera-action:/... cmp=com.google.android.gms/.chimera.GmsApiService }
02-10 16:42:52.289 I/RcsProvisioningFlow(15253): Handling SIM loaded event for all SIMs on first update: [(redacted-pii[20-chars], e7567027-5938-4c38-b588-81ac1c689c60)]
02-10 16:42:52.313 D/WM-GreedyScheduler(15253): Ignoring {WorkSpec: 5c3692f7-9e3d-474a-99d2-75e9b9b2dbd5}. Requires device idle.
02-10 16:42:52.313 D/WM-GreedyScheduler(15253): Ignoring {WorkSpec: 4b15df56-812d-4d85-8ae8-040f0877ddbd}. Requires device idle.
02-10 16:42:52.313 D/WM-GreedyScheduler(15253): Ignoring {WorkSpec: e28a55f9-4a80-46cf-b8f7-b340483607c9}. Requires device idle.
02-10 16:42:52.313 D/WM-GreedyScheduler(15253): Ignoring {WorkSpec: e31684a5-c672-4e28-bd78-adfeddb9c6a0}. Requires device idle.
02-10 16:42:52.313 D/WM-GreedyScheduler(15253): Ignoring {WorkSpec: 6eadab28-b473-4761-962a-fe8cdaf36e59}. Requires ContentUri triggers.
02-10 16:42:52.313 D/WM-GreedyScheduler(15253): Ignoring {WorkSpec: fd3dd349-4a26-4fde-b627-acc47e79a8cc}. Requires ContentUri triggers.
02-10 16:42:52.329 I/Forking (15253): Starting analysis.
02-10 16:42:52.331 I/Misthreading(15253): Starting analysis.
02-10 16:42:52.337 I/.apps.messaging(15253): Background concurrent copying GC freed 14MB AllocSpace bytes, 139(3856KB) LOS objects, 49% free, 9968KB/19MB, paused 6.422ms,2.832ms total 399.822ms
02-10 16:42:52.343 W/TooltipLifecycleManager(30706): TooltipLifecycleManager.dismissTooltips():153 Tooltip with id SUGGESTION_VIEW_EDU_MINI_DIALOG not found in tooltipManager.
02-10 16:42:52.384 I/Bugle   (15253): RcsAvailabilityUtilForProvisioningEngineV2: updateAvailabilityForAllSimsAsync, hint: NO_HINT
02-10 16:42:52.387 I/BugleRcsProvisioning(15253): updateAvailabilityForAllSimsAsync: scheduling updateAvailabilityForRcsProvisioningId call. Hint: NO_HINT, enableWelcomePopupWithoutGoogleTos: false, reshowSuccessPopup: false
02-10 16:42:52.388 I/BugleRcsProvisioning(15253): updateRcsAvailabilityForMultipleSims: hint: NO_HINT, canReshowWelcomeMessage: false
02-10 16:42:52.389 I/RcsAvailabilityCache(15253): Cached availability not found for simId: redacted-pii:sim_id[chars:20,last3:214]
02-10 16:42:52.390 I/BugleRcsEngine(15253): getConfigServerUrl without simId [CONTEXT log_prefix="ProvisioningServerUtil" thread_id=11872 ]
02-10 16:42:52.396 I/BugleDataModel(15253): SubscriptionsTracker#refreshSelfParticipantList([1])
02-10 16:42:52.413 I/Bugle   (15253): Has Samsung system feature: false
02-10 16:42:52.413 I/MobileConfigurationApi(15253): registerParameters successfully stored 5 parameters
02-10 16:42:52.415 D/WM-GreedyScheduler(15253): Ignoring {WorkSpec: 5c3692f7-9e3d-474a-99d2-75e9b9b2dbd5}. Requires device idle.
02-10 16:42:52.416 D/WM-GreedyScheduler(15253): Ignoring {WorkSpec: 4b15df56-812d-4d85-8ae8-040f0877ddbd}. Requires device idle.
02-10 16:42:52.416 D/WM-GreedyScheduler(15253): Ignoring {WorkSpec: e28a55f9-4a80-46cf-b8f7-b340483607c9}. Requires device idle.
02-10 16:42:52.416 D/WM-GreedyScheduler(15253): Ignoring {WorkSpec: e31684a5-c672-4e28-bd78-adfeddb9c6a0}. Requires device idle.
02-10 16:42:52.416 D/WM-GreedyScheduler(15253): Ignoring {WorkSpec: 6eadab28-b473-4761-962a-fe8cdaf36e59}. Requires ContentUri triggers.
02-10 16:42:52.416 D/WM-GreedyScheduler(15253): Ignoring {WorkSpec: fd3dd349-4a26-4fde-b627-acc47e79a8cc}. Requires ContentUri triggers.
02-10 16:42:52.416 I/BugleRcsEngine(15253): Using MCC based URL [CONTEXT log_prefix="ProvisioningServerUtil" thread_id=11872 ]
02-10 16:42:52.422 I/RcsProvisioningFlow(15253): Clearing provisioning flow state for redacted-pii:sim_id[chars:60,last3:AGS]
02-10 16:42:52.426 I/SyncScheduler(15253): scheduling sync for 0 seconds later, policy = KEEP
02-10 16:42:52.426 I/BugleRcsEngine(15253): SystemBinding enabled: true [CONTEXT log_prefix="SystemBindingManager" thread_id=11877 ]
02-10 16:42:52.429 I/RcsProvisioningFlow(15253): Clearing provisioning flow state for redacted-pii:sim_id[chars:60,last3:AGS]
02-10 16:42:52.432 I/FirebaseApp(15253): Device unlocked: initializing all Firebase APIs for app [DEFAULT]
02-10 16:42:52.434 I/RcsProvisioningFlow(15253): Clearing provisioning flow state for redacted-pii:sim_id[chars:117,last3:ION]
02-10 16:42:52.434 I/Bugle   (15253): RcsAvailabilityUtilForProvisioningEngineV2: onCsLibPhenotypeUpdated
02-10 16:42:52.437 I/BugleRcsEngine(15253): System Binding updated [CONTEXT thread_id=11877 ]
02-10 16:42:52.438 I/RcsProvisioningFlow(15253): Clearing provisioning flow state for redacted-pii:sim_id[chars:73,last3:AGS]
02-10 16:42:52.441 I/RcsProvisioningFlow(15253): Clearing provisioning flow state for redacted-pii:sim_id[chars:55,last3:AGS]
02-10 16:42:52.458 I/ProvisioningServerUtil(15253): ProvisioningServerUtil: Getting mccmnc from SimPreferences.
02-10 16:42:52.459 I/BugleRcsEngine(15253): getConfigServerUrl without simId [CONTEXT log_prefix="ProvisioningServerUtil" thread_id=11902 ]
02-10 16:42:52.462 I/BugleSystemBindingManag(15253): BugleSystemBindingManager: onBuglePhenotypeFlagChanged
02-10 16:42:52.463 I/BugleRcsEngine(15253): getConfigServerUrl without simId [CONTEXT log_prefix="ProvisioningServerUtil" thread_id=11897 ]
02-10 16:42:52.469 I/BugleTransport(15253): Not kicking off update transport registration because RCS provisioning change has not been received.
02-10 16:42:52.470 I/BugleRcsEngine(15253): getConfigServerUrl without simId [CONTEXT log_prefix="ProvisioningServerUtil" thread_id=11872 ]
02-10 16:42:52.470 I/BugleNetwork(15253): FirebaseRegistrationStartupTask: Enabling Firebase component
02-10 16:42:52.470 I/BugleRcsEngine(15253): SystemBinding enabled: true [CONTEXT log_prefix="SystemBindingManager" thread_id=11883 ]
02-10 16:42:52.472 I/BugleRcsEngine(15253): getConfigServerUrl without simId [CONTEXT log_prefix="ProvisioningServerUtil" thread_id=11871 ]
02-10 16:42:52.474 I/BugleRcsEngine(15253): System Binding updated [CONTEXT thread_id=11883 ]
02-10 16:42:52.491 I/BugleRcsEngine(15253): Using MCC based URL [CONTEXT log_prefix="ProvisioningServerUtil" thread_id=11897 ]
02-10 16:42:52.492 I/BugleRcsEngine(15253): Using MCC based URL [CONTEXT log_prefix="ProvisioningServerUtil" thread_id=11902 ]
02-10 16:42:52.504 I/ProvisioningServerUtil(15253): ProvisioningServerUtil: Getting mccmnc from SimPreferences.
02-10 16:42:52.505 I/Bugle   (15253): CountryCodeDetector: updateSmsNetworkCountry from default subscription network country. detected country: in
02-10 16:42:52.510 I/KeyboardModeUtils(30706): KeyboardModeUtils.getKeyboardBottomOffset():435 inch: 0.000000 ydpi: 268.541992 adjustKeyboardBottomByDisplaySize: false currentDensityDpi: 300 defaultDensityDpi: 300 keyboardBottomToScreenPx: 0 keyboardBottomToNavBarPx: -90 navBarHeight: 90
02-10 16:42:52.511 I/BaseKeyboardSizeHelper(30706): BaseKeyboardSizeHelper.calculateMaxKeyboardBodyHeight():73 leave 182 height for app when ime window height:1450, header height:83 and isFullscreenMode:false, so the max keyboard body height is:1185
02-10 16:42:52.511 I/BaseKeyboardSizeHelper(30706): BaseKeyboardSizeHelper.calculateMaxKeyboardBodyHeight():73 leave 182 height for app when ime window height:1450, header height:83 and isFullscreenMode:false, so the max keyboard body height is:1185
02-10 16:42:52.511 I/AndroidIME(30706): KeyboardViewManager.updateKeyboardBottomFrame():480 Set bottomFrameHeight = 3 while holderPaddingBottom = 3; navigationHeight = 90
02-10 16:42:52.521 I/BugleRcsEngine(15253): [SR]: Single Registration is disabled. Skipping Single Registration capability check for subId: 1 [CONTEXT thread_id=11870 ]
02-10 16:42:52.526 I/ProvisioningServerUtil(15253): ProvisioningServerUtil: Getting mccmnc from SimPreferences.
02-10 16:42:52.528 I/BugleRcsEngine(15253): Using MCC based URL [CONTEXT log_prefix="ProvisioningServerUtil" thread_id=11871 ]
02-10 16:42:52.535 I/BugleRcsEngine(15253): Using MCC based URL [CONTEXT log_prefix="ProvisioningServerUtil" thread_id=11872 ]
02-10 16:42:52.536 D/WM-GreedyScheduler(15253): Ignoring {WorkSpec: 5c3692f7-9e3d-474a-99d2-75e9b9b2dbd5}. Requires device idle.
02-10 16:42:52.536 D/WM-GreedyScheduler(15253): Ignoring {WorkSpec: 4b15df56-812d-4d85-8ae8-040f0877ddbd}. Requires device idle.
02-10 16:42:52.536 D/WM-GreedyScheduler(15253): Ignoring {WorkSpec: e28a55f9-4a80-46cf-b8f7-b340483607c9}. Requires device idle.
02-10 16:42:52.536 D/WM-GreedyScheduler(15253): Ignoring {WorkSpec: e31684a5-c672-4e28-bd78-adfeddb9c6a0}. Requires device idle.
02-10 16:42:52.536 D/WM-GreedyScheduler(15253): Ignoring {WorkSpec: 6eadab28-b473-4761-962a-fe8cdaf36e59}. Requires ContentUri triggers.
02-10 16:42:52.536 D/WM-GreedyScheduler(15253): Ignoring {WorkSpec: fd3dd349-4a26-4fde-b627-acc47e79a8cc}. Requires ContentUri triggers.
02-10 16:42:52.537 I/ProvisioningServerUtil(15253): ProvisioningServerUtil: Getting mccmnc from SimPreferences.
02-10 16:42:52.549 I/ProvisioningServerUtil(15253): ProvisioningServerUtil: Getting mccmnc from SimPreferences.
02-10 16:42:52.553 D/WM-GreedyScheduler(15253): Ignoring {WorkSpec: 5c3692f7-9e3d-474a-99d2-75e9b9b2dbd5}. Requires device idle.
02-10 16:42:52.553 D/WM-GreedyScheduler(15253): Ignoring {WorkSpec: 4b15df56-812d-4d85-8ae8-040f0877ddbd}. Requires device idle.
02-10 16:42:52.553 D/WM-GreedyScheduler(15253): Ignoring {WorkSpec: e28a55f9-4a80-46cf-b8f7-b340483607c9}. Requires device idle.
02-10 16:42:52.553 D/WM-GreedyScheduler(15253): Ignoring {WorkSpec: e31684a5-c672-4e28-bd78-adfeddb9c6a0}. Requires device idle.
02-10 16:42:52.554 D/WM-GreedyScheduler(15253): Ignoring {WorkSpec: 6eadab28-b473-4761-962a-fe8cdaf36e59}. Requires ContentUri triggers.
02-10 16:42:52.554 D/WM-GreedyScheduler(15253): Ignoring {WorkSpec: fd3dd349-4a26-4fde-b627-acc47e79a8cc}. Requires ContentUri triggers.
02-10 16:42:52.560 I/BugleRcsProvisioning(15253): RcsAvailability configuration availability and enabled status: simId: redacted-pii:sim_id[chars:20,last3:214], SipConnectionType: DUAL_REG, isConfigurationAvailableAndEnabled: true
02-10 16:42:52.562 I/BugleRcsProvisioning(15253): Checking isConfigServerUrlAvailable with simId: redacted-pii:sim_id[chars:20,last3:214], 
02-10 16:42:52.564 I/BugleRcsEngine(15253): getConfigServerUrl with simId: redacted-pii:sim_id[chars:20,last3:214] [CONTEXT log_prefix="ProvisioningServerUtil" thread_id=11870 ]
02-10 16:42:52.566 I/BugleRcsEngine(15253): Using MCC based URL [CONTEXT log_prefix="ProvisioningServerUtil" thread_id=11870 ]
02-10 16:42:52.567 I/ProvisioningServerUtil(15253): ProvisioningServerUtil: Getting mcc from SimSubscriptionInfo.
02-10 16:42:52.578 I/BugleRcsProvisioning(15253): RcsAvailability: Subscription Id: 1, simId: redacted-pii:sim_id[chars:20,last3:214], sipConnectionType: DUAL_REG, isRcsAvailable: true
02-10 16:42:52.579 I/BugleRcsProvisioning(15253): updateAvailabilityForRcsProvisioningId. SimId: redacted-pii:sim_id[chars:20,last3:214], currentAvailability: 1, newAvailability: 7, hint: NO_HINT
02-10 16:42:52.585 I/RcsProvisioningManager(15253): Receive onRcsAvailabilityUpdate, SIM = redacted-pii:sim_id[chars:20,last3:214], availability = RcsAvailability{mAvailability=AVAILABLE (RCS is setup)}
02-10 16:42:52.605 I/RcsProvisioningManager(15253): Configuration is empty: false for simId: redacted-pii:sim_id[chars:35,last3:14)]
02-10 16:42:52.624 I/RcsClientLib(15253): Service is deprecated skipping connection attempt: EventService
02-10 16:42:52.625 I/RcsClientLib(15253): Service is deprecated skipping connection attempt: ContactsService
02-10 16:42:52.626 I/RcsProvisioningFlow(15253): EVENT_TYPE_PROVISIONING_SUCCEEDED logging skipped for redacted-pii:sim_id[chars:20,last3:214] because of NOT_ELIGIBLE_PREVIOUS_EVENT_NOT_LOGGED
02-10 16:42:52.629 I/BugleTransport(15253): Retrieved RCS available simIds: [redacted-pii[20-chars]]
02-10 16:42:52.631 I/RcsProvisioningManager(15253): AvailabilityObserver.onUpdate : Notify RcsAvailabilityListener cyel@3a39d3d onRcsAvailabilityUpdate, SIM = redacted-pii:sim_id[chars:20,last3:214], availability = 7
02-10 16:42:52.632 I/RcsClientLib(15253): Service is deprecated skipping connection attempt: FileTransferService
02-10 16:42:52.633 I/RcsClientLib(15253): Service is deprecated skipping connection attempt: LocationSharingService
02-10 16:42:52.634 I/RcsProvisioningManager(15253): AvailabilityObserver.onUpdate : Notify RcsAvailabilityListener csoo@46b923a onRcsAvailabilityUpdate, SIM = redacted-pii:sim_id[chars:20,last3:214], availability = 7
02-10 16:42:52.635 I/RcsProvisioningManager(15253): CommonRcsProvisioningChangeListenerHandler.notifyListener : Notify RcsProvisioningChangeListener djph@6a5f448 onRcsProvisioningChange, SIM = redacted-pii:sim_id[chars:35,last3:14)], available rcs provisioning ids  = redacted-pii:sim_id[chars:20,last3:214]
02-10 16:42:52.636 I/RcsClientLib(15253): Service is deprecated skipping connection attempt: ImsConnectionTrackerService
02-10 16:42:52.637 I/RcsClientLib(15253): Service is deprecated skipping connection attempt: RcsProfileService
02-10 16:42:52.637 I/RcsClientLib(15253): Service is deprecated skipping connection attempt: RcsMessagingService
02-10 16:42:52.638 I/BugleRcs(15253): connecting to 7 Rcs Services
02-10 16:42:52.653 I/BugleTransport(15253): Enabled chat transport for SIM = redacted-pii[20-chars] is TACHYGRAM
02-10 16:42:52.679 I/BugleDataModel(15253): SubscriptionsTracker bindToTrackingMap bound participants: [ParticipantId=1 subId=-1, ParticipantId=3 subId=1, ParticipantId=60 subId=2]
02-10 16:42:52.681 I/BugleDataModel(15253): set orderedRowIdAndTokenPairs: [rowId=3 subId= 1 token=6605ee25-5765-44ca-a008-a7506cc7e167, rowId=1 subId= -1 token=e7ea115a-6652-4837-80b4-a5714b73f41d, rowId=60 subId= 2 token=7d19719b-e9ed-4d3c-99ce-9d6449835327]
02-10 16:42:52.686 I/BugleTransport(15253): Deregister all SIMs except for SIMs with subIds: [] from chat transport: DUAL_REGISTRATION.
02-10 16:42:52.697 I/RcsClientLib(15253): Service is deprecated skipping connection attempt: RcsEngineLifecycleServiceV2
02-10 16:42:52.701 I/BugleTransport(15253): Deregister all SIMs except for SIMs with subIds: [] from chat transport: SINGLE_REGISTRATION.
02-10 16:42:52.713 I/BugleTransport(15253): Deregister all SIMs except for SIMs with subIds: [1] from chat transport: TACHYGRAM.
02-10 16:42:52.716 I/BugleRcsJibe(15253): RcsServiceConnectionException was raised while waiting to connect to RcsEngineLifecycleServiceV2
02-10 16:42:52.741 I/BugleTransport(15253): Register SIM with subId: 1 on chat transport: TACHYGRAM.
02-10 16:42:52.757 I/RcsProvisioningFlow(15253): Lock acquired for updatng phone SIMs state with update trigger: 6.
02-10 16:42:52.761 I/BugleSimStateTracker(15253): default call SIM: redacted-pii:sim_id[chars:20,last3:214], default sms SIM redacted-pii:sim_id[chars:20,last3:214]. default data SIM redacted-pii:sim_id[chars:20,last3:214].
02-10 16:42:52.778 I/BugleSimStateTracker(15253): Is carrier config for identified carrier: true
02-10 16:42:52.798 I/.apps.messaging(15253): Background young concurrent copying GC freed 6870KB AllocSpace bytes, 23(840KB) LOS objects, 45% free, 10MB/19MB, paused 466us,189us total 162.680ms
02-10 16:42:52.801 I/BugleSimStateTracker(15253): Looking up Fi through package names.
02-10 16:42:52.802 I/GoogleInputMethodService(30706): GoogleInputMethodService.onFinishInputView():1588 onFinishInputView(true)
02-10 16:42:52.803 I/GlobeKeyExtension(30706): GlobeKeyExtension.onDeactivate():144 
02-10 16:42:52.803 W/TooltipLifecycleManager(30706): TooltipLifecycleManager.dismissTooltips():153 Tooltip with id SUGGESTION_VIEW_EDU_MINI_DIALOG not found in tooltipManager.
02-10 16:42:52.804 I/VoiceInputManagerWrapper(30706): VoiceInputManagerWrapper.shutdown():131 shutdown()
02-10 16:42:52.805 W/TooltipLifecycleManager(30706): TooltipLifecycleManager.dismissTooltips():153 Tooltip with id spell_check_add_to_dictionary not found in tooltipManager.
02-10 16:42:52.809 I/BugleDataModel(15253): 2 not running because already up to date, upgradeCommand: EXECUTE_UPGRADE, version: 2
02-10 16:42:52.810 I/InputBundle(30706): InputBundle.consumeEvent():1037 Skip consuming an event as keyboard status is INACTIVE
02-10 16:42:52.812 I/AndroidIME(30706): AbstractIme.onDeactivate():213 LatinIme.onDeactivate()
02-10 16:42:52.813 I/PrimesLoggerHolder(30706): FrameMetricServiceImpl.stopAsFuture():239 Measurement not found: OnConfigurationChanged
02-10 16:42:52.814 I/GoogleInputMethodService(30706): GoogleInputMethodService.onFinishInput():2099 
02-10 16:42:52.814 I/Module  (30706): DeviceLockedStatusModuleProvider$Module.updateDeviceLockedStatus():103 repeatCheckTimes = 0, locked = false
02-10 16:42:52.815 I/GoogleInputMethodService(30706): GoogleInputMethodService.onStartInput():1371 onStartInput(EditorInfo{EditorInfo{packageName=com.coinbase, inputType=4081, inputTypeString=Password[CapSentences], enableLearning=false, autoCorrection=false, autoComplete=true, imeOptions=4000006, privateImeOptions=null, actionName=DONE, actionLabel=null, initialSelStart=0, initialSelEnd=0, initialCapsMode=2000, label=null, fieldId=87, fieldName=null, extras=Bundle[mParcelledData.dataSize=404], hintText=non-empty, hintLocales=[]}}, false)
02-10 16:42:52.815 I/HardKeyTracker(30706): HardKeyTracker.unregisterKeySequence():228 Unregister key sequence ocs{labelResId=0, callback=gsd@a4f72a1, lastModifier=0, keyCodes=[57, 57], actions=[1, 0]}
02-10 16:42:52.815 I/HardKeyTracker(30706): HardKeyTracker.unregisterKeySequence():228 Unregister key sequence ocs{labelResId=0, callback=gsd@2470cc6, lastModifier=0, keyCodes=[58, 58], actions=[1, 0]}
02-10 16:42:52.816 I/Module  (30706): DeviceLockedStatusModuleProvider$Module.updateDeviceLockedStatus():103 repeatCheckTimes = 1, locked = false
02-10 16:42:52.817 I/GoogleInputMethodService(30706): GoogleInputMethodService.onStartInputView():1459 onStartInputView(EditorInfo{EditorInfo{packageName=com.coinbase, inputType=4081, inputTypeString=Password[CapSentences], enableLearning=false, autoCorrection=false, autoComplete=true, imeOptions=4000006, privateImeOptions=null, actionName=DONE, actionLabel=null, initialSelStart=0, initialSelEnd=0, initialCapsMode=2000, label=null, fieldId=87, fieldName=null, extras=Bundle[{android.support.text.emoji.emojiCompat_metadataVersion=11, androidx.core.view.inputmethod.EditorInfoCompat.STYLUS_HANDWRITING_ENABLED=false, android.support.text.emoji.emojiCompat_replaceAll=false}], hintText=non-empty, hintLocales=[]}}, false)
02-10 16:42:52.817 I/KeyboardHeightUtil(30706): KeyboardHeightUtil.getOemKeyboardHeightRatio():81 systemKeyboardHeightRatio:1.000000.
02-10 16:42:52.821 I/OnDeviceWmrCalculator(30706): OnDeviceWmrCalculator.calculateWmr():94 WMR: 0.0000 (0 / 2)
02-10 16:42:52.823 I/AndroidIME(30706): InputBundleManager.loadActiveInputBundleId():531 loadActiveInputBundleId: und-Latn-x-password, password
02-10 16:42:52.824 I/AndroidIME(30706): AbstractIme.onActivate():95 PasswordIme.onActivate() : EditorInfo = EditorInfo{packageName=com.coinbase, inputType=4081, inputTypeString=Password[CapSentences], enableLearning=false, autoCorrection=false, autoComplete=true, imeOptions=4000006, privateImeOptions=null, actionName=DONE, actionLabel=null, initialSelStart=0, initialSelEnd=0, initialCapsMode=2000, label=null, fieldId=87, fieldName=null, extras=Bundle[{android.support.text.emoji.emojiCompat_metadataVersion=11, androidx.core.view.inputmethod.EditorInfoCompat.STYLUS_HANDWRITING_ENABLED=false, android.support.text.emoji.emojiCompat_replaceAll=false}], hintText=non-empty, hintLocales=[]}, IncognitoMode = false, DeviceLocked = false
02-10 16:42:52.824 I/KeyboardWrapper(30706): KeyboardWrapper.activateKeyboard():582 activateKeyboard(): type=prime, status=INACTIVE, imeDef=nfp{stringId=password, language=und-Latn-x-password, languageTag=und-Latn-x-password, processedConditions={writing_helper_enable_by_word_revert=false, variant=qwerty, true=true, language=en-US, enable_number_row=true, device=phone, enable_number_row_in_password=true, enable_pk_simulator=false}, className=com.google.android.libraries.inputmethod.ime.password.PasswordIme, label=2132019328, keyEventInterpreter=null, inlineComposing=true, autoCapital=true, announceAutoSelectedCandidate=true, statusIcon=0, indicatorIcon=0, indicatorLabel=null, displayAppCompletions=false, extraValues=nfh{}, processors=nhg@148aa8c, unacceptableMetaKeys=4098, languageSpecificSettings=0, asciiCapable=false, alwaysShowSuggestions=false, useAsciiPasswordKeyboard=false, keyboardGroupDef=ngp@42f75d5, phenotypeFlagId=0, localizationLanguageTag=null, supportsInlineSuggestion=false}
02-10 16:42:52.824 I/KeyboardManager(30706): KeyboardManager.requestKeyboard():249 Creating keyboard prime, imeId=password, cacheKey=theme,!gsf,!pgsans,!pgsf,!use_system_font,BORDER,FLAVOR_DPI=XHDPI,KEYBOARD_WIDTH_CATEGORY=NORMAL,KEY_BORDER_SHAPE=1,LIGHT_THEME=false,PHYSICAL_DIAGONAL=5.6666665,POPUP,SCREEN_SHORTEST_WIDTH=384,SCREEN_SHORTEST_WIDTH_NO_SCALE=384,XHDPI,bottom4dp,enable_popup_on_keypress=true,keyboard_redesign_google_sans=true,non_linear_scale,noshadow,overlay_builtin_dynamic_color_dark_base.binarypb:gm3-dark-ff121318-ffb7caff-03739404f1189b28aed05fb048a8b8af,silkpopup
02-10 16:42:52.824 I/KeyboardWrapper(30706): KeyboardWrapper.onKeyboardReady():224 onKeyboardReady(): type=symbol(prime), kb=com.google.android.apps.inputmethod.latin.keyboard.LatinPasswordKeyboard@bff063b
02-10 16:42:52.825 I/KeyboardWrapper(30706): KeyboardWrapper.doActivateKeyboard():612 doActivateKeyboard(): prime
02-10 16:42:52.826 I/RcsProvisioningFlow(15253): All newly built SimSubscriptionInfos: [(simId: redacted-pii:sim_id[chars:20,last3:214],
02-10 16:42:52.826 I/RcsProvisioningFlow(15253): subId: 1,
02-10 16:42:52.826 I/RcsProvisioningFlow(15253): simSlot: 0,
02-10 16:42:52.826 I/RcsProvisioningFlow(15253): imsi: redacted-pii:imsi[chars:15],
02-10 16:42:52.826 I/RcsProvisioningFlow(15253): phoneNumber: redacted-pii:phone_number[chars:12,last2:38],
02-10 16:42:52.826 I/RcsProvisioningFlow(15253): countryCode: IN,
02-10 16:42:52.826 I/RcsProvisioningFlow(15253): networkOperatorName: ,
02-10 16:42:52.826 I/RcsProvisioningFlow(15253): subscriptionGroupUuid: ,
02-10 16:42:52.826 I/RcsProvisioningFlow(15253): mcc: 405,
02-10 16:42:52.826 I/RcsProvisioningFlow(15253): mnc: 863,
02-10 16:42:52.826 I/RcsProvisioningFlow(15253): simCarrierId: 2018,
02-10 16:42:52.826 I/RcsProvisioningFlow(15253): iccid: redacted-pii:sim_iccid[chars:20],
02-10 16:42:52.826 I/RcsProvisioningFlow(15253): isFi: false,
02-10 16:42:52.826 I/RcsProvisioningFlow(15253): loggableGuid: e7567027-5938-4c38-b588-81ac1c689c60,
02-10 16:42:52.826 I/RcsProvisioningFlow(15253): formattedMsisdn: redacted-pii:phone_number[chars:13,last2:38],
02-10 16:42:52.826 I/RcsProvisioningFlow(15253): simOperatorName: Jio,
02-10 16:42:52.826 I/RcsProvisioningFlow(15253): simOperator: 405863,
02-10 16:42:52.826 I/RcsProvisioningFlow(15253): groupIdLevel1: FFFFFFFFFFFFFFFFFFFF,
02-10 16:42:52.826 I/RcsProvisioningFlow(15253): preferredSubscriptionName: SIM 1)]
02-10 16:42:52.833 I/KeyboardViewHelper(30706): KeyboardViewHelper.getView():180 Get view with height ratio:1.000000
02-10 16:42:52.836 I/BaseKeyboardSizeHelper(30706): BaseKeyboardSizeHelper.calculateMaxKeyboardBodyHeight():73 leave 182 height for app when ime window height:1450, header height:83 and isFullscreenMode:false, so the max keyboard body height is:1185
02-10 16:42:52.836 W/TooltipLifecycleManager(30706): TooltipLifecycleManager.dismissTooltips():153 Tooltip with id undo_access_point_promotion_banner not found in tooltipManager.
02-10 16:42:52.836 I/GlobeKeyExtension(30706): GlobeKeyExtension.getKeyboardInitialStates():175 
02-10 16:42:52.837 W/Keyboard(30706): Keyboard.getKeyboardViewHelper():604 null helper is returned: keyboardDef=ngj{processedConditions={show_comma_key=true, enable_more_candidates_view_for_multilingual=false, layout_9key_split=false, enable_secondary_symbols=false, pref_enable_flick_symbols=false, language=en-US, deprecate_long_press_space_for_ime_picker=false, show_suggestion_strip=true, expressions=normal, android_software_xr_api_spatial=false, variant=qwerty, show_period_key=true, enable_number_row=true, device=phone, keyboard_mode=normal, show_secondary_digits=false, enable_pk_simulator=false, enable_preemptive_decode=true}, globalConditions={global_theme_key=theme,!gsf,!pgsans,!pgsf,!use_system_font,BORDER,FLAVOR_DPI=XHDPI,KEYBOARD_WIDTH_CATEGORY=NORMAL,KEY_BORDER_SHAPE=1,LIGHT_THEME=false,PHYSICAL_DIAGONAL=5.6666665,POPUP,SCREEN_SHORTEST_WIDTH=384,SCREEN_SHORTEST_WIDTH_NO_SCALE=384,XHDPI,bottom4dp,enable_popup_on_keypress=true,keyboard_redesign_google_sans=true,non_linear_scale,noshadow,overlay_builtin_dynamic_color_dark_base.binarypb:gm3-dark-ff121318-ffb7caff-03739404f1189b28aed05fb048a8b8af,silkpopup, global_locale=en_US, global_density_dpi=300, global_orientation=1}, className=.latin.keyboard.LatinPasswordKeyboard, resourceIds=[#0x7f1705f9, #0x7f17088b, #0x7f1706b9], initialStates=0, keyboardViewDefs=[ngx{direction=null, id=#0x7f0b0225, isScalable=true, layoutId=#0x7f0e02af, type=BODY, touchable=true, defaultShow=true}, ngx{direction=null, id=#0x7f0b0225, isScalable=false, layoutId=#0x7f0e020b, type=FLOATING_CANDIDATES, touchable=false, defaultShow=false}, ngx{direction=LOCALE, id=#0x7f0b0225, isScalable=false, layoutId=#0x7f0e0511, type=HEADER, touchable=true, defaultShow=true}], persistentStates=0, persistentStatesPrefKey=null, popupBubbleLayoutId=#0x7f0e0601, recentKeyLayoutId=#0x0, recentKeyPopupLayoutId=#0x0, recentKeyType=null, rememberRecentKey=NONE, sessionStates=17592186044419}, type=WIDGET, helpersCreated={HEADER=msd@fec375d, BODY=msd@f6018d2, FLOATING_CANDIDATES=msd@7e6bda3}, context.getResources().getConfiguration(): {1.0 405mcc863mnc [en_US] ldltr sw384dp w384dp h858dp 300dpi nrml long port night finger -keyb/v/h -nav/h winConfig={ mBounds=Rect(0, 0 - 720, 1608) mAppBounds=Rect(0, 0 - 720, 1608) mMaxBounds=Rect(0, 0 - 720, 1608) mDisplayRotation=ROTATION_0 mWindowingMode=fullscreen mActivityType=undefined mAlwaysOnTop=undefined mRotation=ROTATION_0 isEmbedding:false} s.20618 fontWeightAdjustment=0 themeId=2 themeParameter=0 nightModeLevel = -1 typefaceChanged=0.0 ?spacesystem eaMode=1}
02-10 16:42:52.837 I/BaseKeyboardSizeHelper(30706): BaseKeyboardSizeHelper.calculateMaxKeyboardBodyHeight():73 leave 182 height for app when ime window height:1450, header height:83 and isFullscreenMode:false, so the max keyboard body height is:1185
02-10 16:42:52.842 I/AndroidIME(30706): InputBundleManager.startInput():361 startInput() with ngt[keyboardType=prime, payload=null]
02-10 16:42:52.843 I/GlobeKeyExtension(30706): GlobeKeyExtension.onActivate():120 
02-10 16:42:52.845 I/LanguagePromoExtension(30706): LanguagePromoExtension.checkDisplayPreconditions():171 Not show language promo: exceeds the max display times.
02-10 16:42:52.845 I/NewLanguagePromptExtension(30706): NewLanguagePromptExtension.onActivate():189 Not activated NewLanguagePromptExtension: not a normal text input box.
02-10 16:42:52.845 I/HardKeyTracker(30706): HardKeyTracker.unregisterKeySequence():228 Unregister key sequence ocs{labelResId=2132020511, callback=csg@fbf9e03, lastModifier=2, keyCodes=[56], actions=[0]}
02-10 16:42:52.845 I/HardKeyTracker(30706): HardKeyTracker.unregisterKeySequence():228 Unregister key sequence ocs{labelResId=2132020511, callback=csg@d6180, lastModifier=0, keyCodes=[317], actions=[0]}
02-10 16:42:52.845 I/HardKeyTracker(30706): HardKeyTracker.registerKeySequence():177 Register key sequence ocs{labelResId=2132020511, callback=csg@9461e19, lastModifier=2, keyCodes=[56], actions=[0]}
02-10 16:42:52.845 I/HardKeyTracker(30706): HardKeyTracker.registerKeySequence():177 Register key sequence ocs{labelResId=2132020511, callback=csg@5c9ede, lastModifier=0, keyCodes=[317], actions=[0]}
02-10 16:42:52.846 I/VoiceInputManagerWrapper(30706): VoiceInputManagerWrapper.cancelShutdown():109 cancelShutdown()
02-10 16:42:52.846 I/VoiceInputManagerWrapper(30706): VoiceInputManagerWrapper.syncLanguagePacks():121 syncLanguagePacks()
02-10 16:42:52.846 I/VoiceInputManager(30706): VoiceInputManager.onKeyboardActivated():1215 onKeyboardActivated() [UD]
02-10 16:42:52.846 I/SpeechFactory(30706): SpeechRecognitionFactory.maybeScheduleAutoPackDownloadForFallback():217 maybeScheduleAutoPackDownloadForFallback()
02-10 16:42:52.846 I/FallbackOnDeviceRecognitionProvider(30706): FallbackOnDeviceRecognitionProvider.maybeScheduleAutoPackDownload():213 maybeScheduleAutoPackDownload() for language tag en-US
02-10 16:42:52.846 I/PkModeUpdater(30706): PkModeUpdater.onActivate():74 onActivate false true
02-10 16:42:52.846 I/AccessoryInputModeManager(30706): AccessoryInputModeManager.onModeStarted():324 Accessory input mode started: null
02-10 16:42:52.846 W/SupplementaryKeyboardsWrapper(30706): SupplementaryKeyboardsWrapper.deactivateKeyboard():162 keyboard accessory_candidates_consumer is not activated before!
02-10 16:42:52.847 I/SpeechPackManager(30706): SpeechPackManager.isPackAvailableToDownload():224 isPackAvailableToDownload() : LanguageTag = en-US : ManifestUrl = https://dl.google.com/android/voice/gboard/terse/superpacks-manifest-20210519.json
02-10 16:42:52.847 I/KeyboardModeUtils(30706): KeyboardModeUtils.getKeyboardBottomOffset():435 inch: 0.000000 ydpi: 268.541992 adjustKeyboardBottomByDisplaySize: false currentDensityDpi: 300 defaultDensityDpi: 300 keyboardBottomToScreenPx: 0 keyboardBottomToNavBarPx: -90 navBarHeight: 90
02-10 16:42:52.848 I/BaseKeyboardSizeHelper(30706): BaseKeyboardSizeHelper.calculateMaxKeyboardBodyHeight():73 leave 182 height for app when ime window height:1450, header height:83 and isFullscreenMode:false, so the max keyboard body height is:1185
02-10 16:42:52.848 I/BaseKeyboardSizeHelper(30706): BaseKeyboardSizeHelper.calculateMaxKeyboardBodyHeight():73 leave 182 height for app when ime window height:1450, header height:83 and isFullscreenMode:false, so the max keyboard body height is:1185
02-10 16:42:52.848 I/AndroidIME(30706): KeyboardViewManager.updateKeyboardBottomFrame():480 Set bottomFrameHeight = 3 while holderPaddingBottom = 3; navigationHeight = 90
02-10 16:42:52.848 I/BaseKeyboardSizeHelper(30706): BaseKeyboardSizeHelper.calculateMaxKeyboardBodyHeight():73 leave 182 height for app when ime window height:1450, header height:83 and isFullscreenMode:false, so the max keyboard body height is:1185
02-10 16:42:52.848 I/BaseKeyboardSizeHelper(30706): BaseKeyboardSizeHelper.calculateMaxKeyboardBodyHeight():73 leave 182 height for app when ime window height:1450, header height:83 and isFullscreenMode:false, so the max keyboard body height is:1185
02-10 16:42:52.848 W/ExtensionWrapper(30706): ExtensionWrapper.setExtensionViewVisibility():859 interface mvp is not activate
02-10 16:42:52.849 I/FallbackOnDeviceRecognitionProvider(30706): FallbackOnDeviceRecognitionProvider$1.onSuccess():221 auto download packs.
02-10 16:42:52.849 I/BugleDataModel(15253): 3 not running because already up to date, upgradeCommand: EXECUTE_UPGRADE, version: 2
02-10 16:42:52.849 I/SpeechPackManager(30706): SpeechPackManager.syncPacks():343 syncPacks()
02-10 16:42:52.849 I/Module  (30706): DeviceLockedStatusModuleProvider$Module.updateDeviceLockedStatus():103 repeatCheckTimes = 1, locked = false
02-10 16:42:52.849 I/SpeechPackManager(30706): SpeechPackManager.registerManifest():509 registerManifest() : https://dl.google.com/android/voice/gboard/terse/superpacks-manifest-20210519.json
02-10 16:42:52.849 I/HardKeyTracker(30706): HardKeyTracker.unregisterKeySequence():228 Unregister key sequence ocs{labelResId=2132020515, callback=csg@5a34636, lastModifier=2, keyCodes=[48], actions=[0]}
02-10 16:42:52.849 I/HardKeyTracker(30706): HardKeyTracker.registerKeySequence():177 Register key sequence ocs{labelResId=2132020515, callback=csg@408e1db, lastModifier=2, keyCodes=[48], actions=[0]}
02-10 16:42:52.849 W/AccessPointsManager(30706): AccessPointsManager.addAccessPoint():1086 The holder controller #0x7f0b2468 is not registered
02-10 16:42:52.850 I/HardKeyTracker(30706): HardKeyTracker.unregisterKeySequence():228 Unregister key sequence ocs{labelResId=2132020515, callback=csg@9ad8937, lastModifier=2, keyCodes=[48], actions=[0]}
02-10 16:42:52.850 I/HardKeyTracker(30706): HardKeyTracker.registerKeySequence():177 Register key sequence ocs{labelResId=2132020515, callback=csg@6fb1478, lastModifier=2, keyCodes=[48], actions=[0]}
02-10 16:42:52.850 I/SpeechPackManager(30706): SpeechPackManager.registerManifest():516 registerManifest() : Reusing hash 1327534105
02-10 16:42:52.853 I/SpeechPackSlicingStrategy(30706): SpeechPackSlicingStrategy.getSlices():52 getSlices() : ForceUpdates = false : LanguageTags = [en-US]
02-10 16:42:52.853 I/SpeechPackSlicingStrategy(30706): SpeechPackSlicingStrategy.getSlices():66 getSlices(): slicing result: {slices=[{gboard-small-speech-packs:en-US-small-rnnt, W:C:*:*, bg}], last batch=true, sync metadata=false}
02-10 16:42:52.854 I/HardKeyTracker(30706): HardKeyTracker.unregisterKeySequence():228 Unregister key sequence ocs{labelResId=2132020511, callback=csg@63c5ea4, lastModifier=2, keyCodes=[56], actions=[0]}
02-10 16:42:52.854 I/HardKeyTracker(30706): HardKeyTracker.unregisterKeySequence():228 Unregister key sequence ocs{labelResId=2132020511, callback=csg@362740d, lastModifier=0, keyCodes=[317], actions=[0]}
02-10 16:42:52.854 I/HardKeyTracker(30706): HardKeyTracker.registerKeySequence():177 Register key sequence ocs{labelResId=2132020511, callback=csg@829c0b7, lastModifier=2, keyCodes=[56], actions=[0]}
02-10 16:42:52.855 I/HardKeyTracker(30706): HardKeyTracker.registerKeySequence():177 Register key sequence ocs{labelResId=2132020511, callback=csg@7090024, lastModifier=0, keyCodes=[317], actions=[0]}
02-10 16:42:52.856 I/BugleDataModel(15253): 4 not running because already up to date, upgradeCommand: EXECUTE_UPGRADE, version: 1
02-10 16:42:52.858 I/HardKeyTracker(30706): HardKeyTracker.unregisterKeySequence():228 Unregister key sequence ocs{labelResId=2132020516, callback=csg@332c110, lastModifier=2, keyCodes=[32], actions=[0]}
02-10 16:42:52.858 I/HardKeyTracker(30706): HardKeyTracker.registerKeySequence():177 Register key sequence ocs{labelResId=2132020516, callback=csg@f6acd42, lastModifier=2, keyCodes=[32], actions=[0]}
02-10 16:42:52.858 I/SP      (30706): Syncing gboard-small-speech-packs (1327534105) with slices: [{en-US-small-rnnt, W:C:*:*, bg}], metadata: false
02-10 16:42:52.859 I/HardKeyTracker(30706): HardKeyTracker.unregisterKeySequence():228 Unregister key sequence ocs{labelResId=2132020516, callback=csg@21f17c5, lastModifier=2, keyCodes=[32], actions=[0]}
02-10 16:42:52.860 I/HardKeyTracker(30706): HardKeyTracker.registerKeySequence():177 Register key sequence ocs{labelResId=2132020516, callback=csg@a41f7cb, lastModifier=2, keyCodes=[32], actions=[0]}
02-10 16:42:52.860 I/StylusModule(30706): StylusModule.onUpdateToolType():774 Update tool type = 1
02-10 16:42:52.874 I/KeyboardModeUtils(30706): KeyboardModeUtils.getKeyboardBottomOffset():435 inch: 0.000000 ydpi: 268.541992 adjustKeyboardBottomByDisplaySize: false currentDensityDpi: 300 defaultDensityDpi: 300 keyboardBottomToScreenPx: 0 keyboardBottomToNavBarPx: -90 navBarHeight: 90
02-10 16:42:52.874 I/BaseKeyboardSizeHelper(30706): BaseKeyboardSizeHelper.calculateMaxKeyboardBodyHeight():73 leave 182 height for app when ime window height:1450, header height:83 and isFullscreenMode:false, so the max keyboard body height is:1185
02-10 16:42:52.874 I/BaseKeyboardSizeHelper(30706): BaseKeyboardSizeHelper.calculateMaxKeyboardBodyHeight():73 leave 182 height for app when ime window height:1450, header height:83 and isFullscreenMode:false, so the max keyboard body height is:1185
02-10 16:42:52.874 I/AndroidIME(30706): KeyboardViewManager.updateKeyboardBottomFrame():480 Set bottomFrameHeight = 3 while holderPaddingBottom = 3; navigationHeight = 90
02-10 16:42:52.874 I/WindowMetricsNotification(30706): WindowMetricsNotification.notifyWithWindow():166 
02-10 16:42:52.874 I/WindowMetricsNotification(30706): WindowMetricsNotification.notify():159 qdp[bounds=Rect(0, 68 - 720, 1608), insets=Rect(0, 0 - 0, 90), densityDpi=300, smallestScreenWidthDp=384, displayWidth=720, displayHeight=1608, xdpi=269.21, ydpi=268.542, isTrustable=true, displayId=0]; DisplayMetrics{density=1.875, width=720, height=1608, scaledDensity=1.875, xdpi=269.21, ydpi=268.542}
02-10 16:42:52.884 I/StylusModule(30706): StylusModule.onUpdateToolType():774 Update tool type = 1
02-10 16:42:52.885 I/GoogleInputMethodService(30706): GoogleInputMethodService$1.onKeyboardViewShown():329 onKeyboardViewShown: keyboardType=prime, keyboardViewType=HEADER keyboardView=com.google.android.libraries.inputmethod.widgets.SoftKeyboardView{7a58142 V.E...... ........ 0,0-720,83}
02-10 16:42:52.885 I/BaseKeyboardSizeHelper(30706): BaseKeyboardSizeHelper.calculateMaxKeyboardBodyHeight():73 leave 182 height for app when ime window height:1450, header height:83 and isFullscreenMode:false, so the max keyboard body height is:1185
02-10 16:42:52.885 I/GoogleInputMethodService(30706): GoogleInputMethodService$1.onKeyboardViewShown():329 onKeyboardViewShown: keyboardType=prime, keyboardViewType=BODY keyboardView=com.google.android.libraries.inputmethod.widgets.SoftKeyboardView{8b7410a V.E...... ........ 0,0-720,473}
02-10 16:42:52.885 I/BaseKeyboardSizeHelper(30706): BaseKeyboardSizeHelper.calculateMaxKeyboardBodyHeight():73 leave 182 height for app when ime window height:1450, header height:83 and isFullscreenMode:false, so the max keyboard body height is:1185
02-10 16:42:52.886 I/GlobeKeyExtension(30706): GlobeKeyExtension$1.onKeyboardViewShown():72 maybeDisableLanguageSwitchKeyPref when the keyboard is shown
02-10 16:42:52.886 I/GlobeKeyExtension(30706): GlobeKeyExtension.maybeDisableLanguageSwitchKeyPref():200 maybeDisableLanguageSwitchKeyPref hasGlobeKeyBeenDisabled: false, shouldDisableLanguageSwitchKey: false
02-10 16:42:52.886 I/NewLanguagePromptExtension(30706): NewLanguagePromptExtension$1.onKeyboardViewShown():88 Not show new language banner: not prime keyboard, or the extension not activated.
02-10 16:42:52.886 I/StylusModule(30706): StylusModule.onUpdateToolType():774 Update tool type = 1
02-10 16:42:52.918 D/WM-GreedyScheduler(15253): Ignoring {WorkSpec: 5c3692f7-9e3d-474a-99d2-75e9b9b2dbd5}. Requires device idle.
02-10 16:42:52.918 D/WM-GreedyScheduler(15253): Ignoring {WorkSpec: 4b15df56-812d-4d85-8ae8-040f0877ddbd}. Requires device idle.
02-10 16:42:52.919 D/WM-GreedyScheduler(15253): Ignoring {WorkSpec: e28a55f9-4a80-46cf-b8f7-b340483607c9}. Requires device idle.
02-10 16:42:52.919 D/WM-GreedyScheduler(15253): Ignoring {WorkSpec: e31684a5-c672-4e28-bd78-adfeddb9c6a0}. Requires device idle.
02-10 16:42:52.919 D/WM-GreedyScheduler(15253): Ignoring {WorkSpec: 6eadab28-b473-4761-962a-fe8cdaf36e59}. Requires ContentUri triggers.
02-10 16:42:52.920 D/WM-GreedyScheduler(15253): Ignoring {WorkSpec: fd3dd349-4a26-4fde-b627-acc47e79a8cc}. Requires ContentUri triggers.
02-10 16:42:52.920 D/WM-GreedyScheduler(15253): Starting work for 219ac1e8-35b4-4da0-b471-e6bbff837fe1
02-10 16:42:52.923 D/WM-Processor(15253): sci: processing WorkGenerationalId(workSpecId=219ac1e8-35b4-4da0-b471-e6bbff837fe1, generation=0)
02-10 16:42:52.926 D/nativeloader(15253): Load /data/app/~~FonzoPm3A4McBDNlNDBlpg==/com.google.android.apps.messaging-JFIGhBJP0o_pD55loiuM0A==/split_config.arm64_v8a.apk!/lib/arm64-v8a/libscytale_v2_jni.so using class loader ns clns-8 (caller=/data/app/~~FonzoPm3A4McBDNlNDBlpg==/com.google.android.apps.messaging-JFIGhBJP0o_pD55loiuM0A==/base.apk!classes8.dex): ok
02-10 16:42:52.927 I/SP      (30706): Sync for gboard-small-speech-packs succeeded in 76 ms: no changes
02-10 16:42:52.928 I/SP      (30706): GC for 'gboard-small-speech-packs' (10) with ttl of 0 ms took 0 ms (0/0/0)
02-10 16:42:52.930 I/SpeechPackManager(30706): SpeechPackManager$4.onSuccess():495 updatePackSetCacheAsync() : Updated the PackSet cache
02-10 16:42:52.935 I/RcsProvisioningFlow(15253): Storing updated SimSubscriptionInfo list: [(redacted-pii:sim_id[chars:20,last3:214], e7567027-5938-4c38-b588-81ac1c689c60)]
02-10 16:42:52.936 D/MddListenableWorkerFactory(15253): createWorker for class: com.google.android.apps.messaging.shared.datamodel.workqueue.WorkQueueWorkerShim
02-10 16:42:52.942 D/WM-WorkerWrapper(15253): Starting work for com.google.android.apps.messaging.shared.datamodel.workqueue.WorkQueueWorkerShim
02-10 16:42:52.975 I/BugleSatellite(15253): Processing Phenotype flag changes.
02-10 16:42:52.977 I/BugleSatellite(15253): Reporting to Telephony: SMS supported = true
02-10 16:42:52.978 I/RcsProvisioningFlow(15253): No new or updated SIMs on phone sim state update.
02-10 16:42:52.980 I/BugleE2eeEtouffee(15253): EtouffeeStateMachine: Ensuring state machine consistency
02-10 16:42:52.982 I/WM-WorkerWrapper(15253): Worker result SUCCESS for Work [ id=219ac1e8-35b4-4da0-b471-e6bbff837fe1, tags={ com.google.android.apps.messaging.shared.datamodel.workqueue.WorkQueueWorkerShim,data_upgrade- } ]
02-10 16:42:52.986 D/WM-Processor(15253): sci 219ac1e8-35b4-4da0-b471-e6bbff837fe1 executed; reschedule = false
02-10 16:42:52.993 D/WM-GreedyScheduler(15253): Cancelling work ID 219ac1e8-35b4-4da0-b471-e6bbff837fe1
02-10 16:42:53.002 I/BugleE2eeEtouffee(15253): EtouffeeStateMachine: onRegistrationUpdate from Tachyon, previousState: REGISTERED_WITH_PREKEYS, newState: REGISTERED_WITH_PREKEYS, reason: STARTUP_ENSURE_CONSISTENCY
02-10 16:42:53.006 D/WM-GreedyScheduler(15253): Ignoring {WorkSpec: 5c3692f7-9e3d-474a-99d2-75e9b9b2dbd5}. Requires device idle.
02-10 16:42:53.007 D/WM-GreedyScheduler(15253): Ignoring {WorkSpec: 4b15df56-812d-4d85-8ae8-040f0877ddbd}. Requires device idle.
02-10 16:42:53.007 D/WM-GreedyScheduler(15253): Ignoring {WorkSpec: e28a55f9-4a80-46cf-b8f7-b340483607c9}. Requires device idle.
02-10 16:42:53.007 D/WM-GreedyScheduler(15253): Ignoring {WorkSpec: e31684a5-c672-4e28-bd78-adfeddb9c6a0}. Requires device idle.
02-10 16:42:53.007 D/WM-GreedyScheduler(15253): Ignoring {WorkSpec: 6eadab28-b473-4761-962a-fe8cdaf36e59}. Requires ContentUri triggers.
02-10 16:42:53.008 D/WM-GreedyScheduler(15253): Ignoring {WorkSpec: fd3dd349-4a26-4fde-b627-acc47e79a8cc}. Requires ContentUri triggers.
02-10 16:42:53.009 I/WM-WorkerWrapper(15253): Worker result SUCCESS for Work [ id=1d7843e7-d8de-4872-9c29-0070e2bb53dc, tags={ com.google.android.apps.messaging.shared.datamodel.workqueue.WorkQueueWorkerShim,sim_state_update_queue-WORK_TYPE_UPDATE_PHONE_SIMS_STATE } ]
02-10 16:42:53.010 I/BugleE2eeEtouffee(15253): EtouffeeStateMachine: E2EE provisioning state update, Previous Etouffee status: PROVISIONED, New Etouffee status: PROVISIONED
02-10 16:42:53.010 D/WM-Processor(15253): sci 1d7843e7-d8de-4872-9c29-0070e2bb53dc executed; reschedule = false
02-10 16:42:53.026 D/WM-GreedyScheduler(15253): Cancelling work ID 1d7843e7-d8de-4872-9c29-0070e2bb53dc
02-10 16:42:53.027 D/BoundBrokerSvc(26559): onBind: Intent { act=com.google.android.mobstore.service.START pkg=com.google.android.gms }
02-10 16:42:53.027 D/BoundBrokerSvc(26559): Loading bound service for intent: Intent { act=com.google.android.mobstore.service.START pkg=com.google.android.gms }
02-10 16:42:53.052 I/BugleE2eeEtouffee(15253): PendingFtdMessageProcessor: Removed old pending messages. count: 0
02-10 16:42:53.053 D/WM-GreedyScheduler(15253): Ignoring {WorkSpec: 5c3692f7-9e3d-474a-99d2-75e9b9b2dbd5}. Requires device idle.
02-10 16:42:53.054 D/WM-GreedyScheduler(15253): Ignoring {WorkSpec: 4b15df56-812d-4d85-8ae8-040f0877ddbd}. Requires device idle.
02-10 16:42:53.054 D/WM-GreedyScheduler(15253): Ignoring {WorkSpec: e28a55f9-4a80-46cf-b8f7-b340483607c9}. Requires device idle.
02-10 16:42:53.058 I/BugleE2eeEtouffee(15253): EtouffeeStateMachine: Deleting old data if any.
02-10 16:42:53.058 D/WM-GreedyScheduler(15253): Ignoring {WorkSpec: e31684a5-c672-4e28-bd78-adfeddb9c6a0}. Requires device idle.
02-10 16:42:53.058 D/WM-GreedyScheduler(15253): Ignoring {WorkSpec: 6eadab28-b473-4761-962a-fe8cdaf36e59}. Requires ContentUri triggers.
02-10 16:42:53.058 D/WM-GreedyScheduler(15253): Ignoring {WorkSpec: fd3dd349-4a26-4fde-b627-acc47e79a8cc}. Requires ContentUri triggers.
02-10 16:42:53.059 I/native  (15253): I0000 00:00:1770721973.059386   15801 db_store.cc:105] Loading an existing database with version 16
02-10 16:42:53.059 I/native  (15253): I0000 00:00:1770721973.059784   15801 db_store.cc:517] Checking presence of tables, run_sqlite_master_schema_validation=true, run_per_table_schema_validation=true
02-10 16:42:53.078 I/native  (15253): I0000 00:00:1770721973.078021   15801 db_store.cc:428] Database schema, prefix=scytale_058b93802221590090789e992759a4f214139a0e615c2984f4780805d27485eb3c_
02-10 16:42:53.082 I/native  (15253): I0000 00:00:1770721973.082154   15801 db_store.cc:449] Database schema=CREATE TABLE scytale_058b93802221590090789e992759a4f214139a0e615c2984f4780805d27485eb3c_db_configuration(single_row INTEGER NOT NULL DEFAULT 1,schema_version INTEGER NOT NULL,PRIMARY KEY(single_row) CHECK(single_row = 1))
02-10 16:42:53.082 I/native  (15253): I0000 00:00:1770721973.082408   15801 db_store.cc:449] Database schema=CREATE TABLE scytale_058b93802221590090789e992759a4f214139a0e615c2984f4780805d27485eb3c_identity_keys(device_id TEXT NOT NULL,identity_key BLOB NOT NULL,revision_timestamp_millis LONG NOT NULL DEFAULT(0),PRIMARY KEY(device_id) )
02-10 16:42:53.082 I/native  (15253): I0000 00:00:1770721973.082523   15801 db_store.cc:449] Database schema=CREATE TABLE scytale_058b93802221590090789e992759a4f214139a0e615c2984f4780805d27485eb3c_message_otks(message_id TEXT NOT NULL,device_id TEXT NOT NULL,otk BLOB NOT NULL,insert_timestamp_millis LONG NOT NULL DEFAULT(0),PRIMARY KEY(message_id, device_id) )
02-10 16:42:53.082 I/native  (15253): I0000 00:00:1770721973.082599   15801 db_store.cc:449] Database schema=CREATE TABLE scytale_058b93802221590090789e992759a4f214139a0e615c2984f4780805d27485eb3c_prekeys(key_id INTEGER NOT NULL,key_type INTEGER NOT NULL DEFAULT(0),prekey BLOB ,timestamp_millis LONG ,PRIMARY KEY(key_id) )
02-10 16:42:53.082 I/native  (15253): I0000 00:00:1770721973.082687   15801 db_store.cc:449] Database schema=CREATE TABLE scytale_058b93802221590090789e992759a4f214139a0e615c2984f4780805d27485eb3c_received_message_state(message_id TEXT NOT NULL,message_state INTEGER NOT NULL DEFAULT(0),insert_timestamp_millis LONG NOT NULL DEFAULT(0),PRIMARY KEY(message_id) )
