--------- beginning of main
02-10 16:39:11.500 I/DeviceStatusMonitor(30706): DeviceStatusMonitor.handleBroadcast():138 onReceive() : Action = android.intent.action.SCREEN_OFF
02-10 16:39:11.501 I/DeviceStatusMonitor(30706): DeviceStatusMonitor.updateCountryInfo():154 updateCountryInfo(), notifyAnyway = false
02-10 16:39:11.505 I/InputBundle(30706): InputBundle.consumeEvent():1033 Skip consuming an event as imeStatus is INACTIVE
02-10 16:39:11.508 I/Module  (30706): DeviceLockedStatusModuleProvider$Module.updateDeviceLockedStatus():103 repeatCheckTimes = 0, locked = false
--------- beginning of system
02-10 16:39:11.559 D/BatteryStatsService( 1892): noteVideoSurfaceChanged  noteWhich: 49,arg1: 720, arg2: 1608, arg3: 10712, arg4: 383, name: com.vivo.systemuiplugin
02-10 16:39:11.565 D/BatteryStatsService( 1892): noteVideoSurfaceChanged  noteWhich: 49,arg1: 720, arg2: 1608, arg3: 10712, arg4: 234, name: com.android.systemui
02-10 16:39:11.569 D/BatteryStatsService( 1892): noteVideoSurfaceChanged  noteWhich: 49,arg1: 720, arg2: 1608, arg3: 10712, arg4: 383, name: com.vivo.systemuiplugin
02-10 16:39:11.663 W/SQLiteLog(15579): (28) double-quoted string literal: "en"
02-10 16:39:11.669 W/SQLiteLog(15579): (28) double-quoted string literal: "en"
02-10 16:39:11.949 I/m.vivo.magazine(15579): Background concurrent copying GC freed 6918KB AllocSpace bytes, 0(0B) LOS objects, 49% free, 6361KB/12MB, paused 235us,93us total 373.935ms
02-10 16:39:25.883 D/BoundBrokerSvc(26559): onUnbind: Intent { act=com.google.android.gms.inappreach.service.START dat=chimera-action:/... cmp=com.google.android.gms/.chimera.GmsApiService }
02-10 16:39:30.373 D/BoundBrokerSvc(26559): onBind: Intent { act=com.google.android.gms.onboardingconsent.api.ConsentManagerApiService.START dat=chimera-action:/... cmp=com.google.android.gms/.chimera.GmsApiService }
02-10 16:39:30.373 D/BoundBrokerSvc(26559): Loading bound service for intent: Intent { act=com.google.android.gms.onboardingconsent.api.ConsentManagerApiService.START dat=chimera-action:/... cmp=com.google.android.gms/.chimera.GmsApiService }
02-10 16:39:30.385 W/ConsentManagerApiServic(26559): Consent Manager API is not enabled. [CONTEXT service_id=460 ]
02-10 16:39:35.414 D/BoundBrokerSvc(26559): onUnbind: Intent { act=com.google.android.gms.onboardingconsent.api.ConsentManagerApiService.START dat=chimera-action:/... cmp=com.google.android.gms/.chimera.GmsApiService }
02-10 16:39:39.217 D/BoundBrokerSvc(26559): onBind: Intent { act=com.google.android.gms.onboardingconsent.api.ConsentManagerApiService.START dat=chimera-action:/... cmp=com.google.android.gms/.chimera.GmsApiService }
02-10 16:39:39.218 D/BoundBrokerSvc(26559): Loading bound service for intent: Intent { act=com.google.android.gms.onboardingconsent.api.ConsentManagerApiService.START dat=chimera-action:/... cmp=com.google.android.gms/.chimera.GmsApiService }
02-10 16:39:39.228 W/ConsentManagerApiServic(26559): Consent Manager API is not enabled. [CONTEXT service_id=460 ]
02-10 16:39:44.246 D/BoundBrokerSvc(26559): onUnbind: Intent { act=com.google.android.gms.onboardingconsent.api.ConsentManagerApiService.START dat=chimera-action:/... cmp=com.google.android.gms/.chimera.GmsApiService }
02-10 16:39:59.494 D/BoundBrokerSvc(26559): onBind: Intent { act=com.google.android.gms.checkin.START pkg=com.google.android.gms }
02-10 16:39:59.495 D/BoundBrokerSvc(26559): Loading bound service for intent: Intent { act=com.google.android.gms.checkin.START pkg=com.google.android.gms }
02-10 16:39:59.503 I/Checkin (26559): [CheckinApiChimeraService] onGetService
02-10 16:40:14.541 D/BoundBrokerSvc(26559): onUnbind: Intent { act=com.google.android.gms.checkin.START pkg=com.google.android.gms }
02-10 16:41:45.535 I/gle.android.gms(26559): Explicit concurrent copying GC freed 10MB AllocSpace bytes, 32(1468KB) LOS objects, 44% free, 30MB/54MB, paused 507us,212us total 825.064ms
02-10 16:41:45.560 W/gle.android.gms(26559): ApkAssets: Deleting an ApkAssets object '<empty> and /data/app/~~qQz4boYg2D3IdMb4ZKENbA==/com.coinbase-atGY2mIfkefA4bq2eKuRJg==/base.apk' with 1 weak references
02-10 16:42:36.056 I/PkDeviceHelper(30706): PkDeviceHelper.refreshDevices():87 refreshing devices
02-10 16:42:36.068 I/PkDeviceHelper(30706): PkDeviceHelper.refreshDevices():87 refreshing devices
02-10 16:42:36.101 I/PkDeviceHelper(30706): PkDeviceHelper.refreshDevices():87 refreshing devices
02-10 16:42:36.192 D/BoundBrokerSvc(26559): onBind: Intent { act=com.google.android.gms.onboardingconsent.api.ConsentManagerApiService.START dat=chimera-action:/... cmp=com.google.android.gms/.chimera.GmsApiService }
02-10 16:42:36.194 D/BoundBrokerSvc(26559): Loading bound service for intent: Intent { act=com.google.android.gms.onboardingconsent.api.ConsentManagerApiService.START dat=chimera-action:/... cmp=com.google.android.gms/.chimera.GmsApiService }
02-10 16:42:36.217 W/ConsentManagerApiServic(26559): Consent Manager API is not enabled. [CONTEXT service_id=460 ]
02-10 16:42:36.238 I/.apps.messaging(15253): Using CollectorTypeCC GC.
02-10 16:42:36.304 D/nativeloader(15253): Load libframework-connectivity-tiramisu-jni.so using APEX ns com_android_tethering for caller /apex/com.android.tethering/javalib/framework-connectivity-t.jar: ok
02-10 16:42:36.320 E/.apps.messaging(15253): BBinder_init Processname  <pre-initialized>  
02-10 16:42:36.321 E/.apps.messaging(15253): BBinder_init hasGetProcessName  <pre-initialized>
02-10 16:42:36.336 I/DeviceStatusMonitor(30706): DeviceStatusMonitor.handleBroadcast():138 onReceive() : Action = android.intent.action.SCREEN_ON
02-10 16:42:36.336 I/DeviceStatusMonitor(30706): DeviceStatusMonitor.updateCountryInfo():154 updateCountryInfo(), notifyAnyway = false
02-10 16:42:36.397 D/ApplicationLoaders(15253): Returning zygote-cached class loader: /system/framework/org.apache.http.legacy.jar
02-10 16:42:36.402 D/nativeloader(15253): Configuring clns-7 for other apk /system_ext/framework/SatelliteClient.jar. target_sdk_version=36, uses_libraries=ALL, library_path=/data/app/~~FonzoPm3A4McBDNlNDBlpg==/com.google.android.apps.messaging-JFIGhBJP0o_pD55loiuM0A==/lib/arm64:/data/app/~~FonzoPm3A4McBDNlNDBlpg==/com.google.android.apps.messaging-JFIGhBJP0o_pD55loiuM0A==/base.apk!/lib/arm64-v8a:/data/app/~~FonzoPm3A4McBDNlNDBlpg==/com.google.android.apps.messaging-JFIGhBJP0o_pD55loiuM0A==/split_config.arm64_v8a.apk!/lib/arm64-v8a:/data/app/~~FonzoPm3A4McBDNlNDBlpg==/com.google.android.apps.messaging-JFIGhBJP0o_pD55loiuM0A==/split_config.en.apk!/lib/arm64-v8a:/data/app/~~FonzoPm3A4McBDNlNDBlpg==/com.google.android.apps.messaging-JFIGhBJP0o_pD55loiuM0A==/split_config.xhdpi.apk!/lib/arm64-v8a, permitted_path=/data:/mnt/expand:/data/user/0/com.google.android.apps.messaging
02-10 16:42:36.402 D/nativeloader(15253): Extending system_exposed_libraries: libapuwareapusys.mtk.so:libapuwareapusys_v2.mtk.so:libapuwarexrp.mtk.so:libapuwarexrp_v2.mtk.so:libapuwareutils.mtk.so:libapuwareutils_v2.mtk.so:libapuwarehmp.mtk.so:libneuron_graph_delegate.mtk.so:libneuronusdk_adapter.mtk.so:libtflite_mtk.mtk.so:libarmnn_ndk.mtk.so:libcmdl_ndk.mtk.so:libnir_neon_driver_ndk.mtk.so:libmvpu_runtime.mtk.so:libmvpu_runtime_pub.mtk.so:libmvpu_engine_pub.mtk.so:libmvpu_pattern_pub.mtk.so:libmvpuop_mtk_cv.mtk.so:libmvpuop_mtk_nn.mtk.so:libmvpu_runtime_25.mtk.so:libmvpu_runtime_25_pub.mtk.so:libmvpu_engine_25_pub.mtk.so:libmvpu_pattern_25_pub.mtk.so:libmvpuop25_mtk_cv.mtk.so:libmvpuop25_mtk_nn.mtk.so:libmvpu_config.mtk.so:libteeservice_client.trustonic.so:librealm-jni.vivo.so
02-10 16:42:36.405 D/ApplicationLoaders(15253): Returning zygote-cached class loader: /system_ext/framework/androidx.window.extensions.jar
02-10 16:42:36.405 D/ApplicationLoaders(15253): Returning zygote-cached class loader: /system_ext/framework/androidx.window.sidecar.jar
02-10 16:42:36.530 I/BugleRcsEngine( 6381): handleMessage processing message:[NOTIFY_UPTIME_IGNORE_STATE_CHANGED] with [non-null]:RcsEngineImpl reference [CONTEXT log_prefix="RcsEngineImpl[DUAL_REG]:[6f1de462-2d80]>Handler" thread_id=11733 ]
02-10 16:42:36.561 W/.apps.messaging(15253): Failed to find entry 'classes.dex': Entry not found
02-10 16:42:36.564 W/.apps.messaging(15253): Failed to find entry 'classes.dex': Entry not found
02-10 16:42:36.568 W/.apps.messaging(15253): Failed to find entry 'classes.dex': Entry not found
02-10 16:42:36.568 D/nativeloader(15253): Configuring clns-8 for other apk /data/app/~~FonzoPm3A4McBDNlNDBlpg==/com.google.android.apps.messaging-JFIGhBJP0o_pD55loiuM0A==/base.apk:/data/app/~~FonzoPm3A4McBDNlNDBlpg==/com.google.android.apps.messaging-JFIGhBJP0o_pD55loiuM0A==/split_config.arm64_v8a.apk:/data/app/~~FonzoPm3A4McBDNlNDBlpg==/com.google.android.apps.messaging-JFIGhBJP0o_pD55loiuM0A==/split_config.en.apk:/data/app/~~FonzoPm3A4McBDNlNDBlpg==/com.google.android.apps.messaging-JFIGhBJP0o_pD55loiuM0A==/split_config.xhdpi.apk. target_sdk_version=36, uses_libraries=, library_path=/data/app/~~FonzoPm3A4McBDNlNDBlpg==/com.google.android.apps.messaging-JFIGhBJP0o_pD55loiuM0A==/lib/arm64:/data/app/~~FonzoPm3A4McBDNlNDBlpg==/com.google.android.apps.messaging-JFIGhBJP0o_pD55loiuM0A==/base.apk!/lib/arm64-v8a:/data/app/~~FonzoPm3A4McBDNlNDBlpg==/com.google.android.apps.messaging-JFIGhBJP0o_pD55loiuM0A==/split_config.arm64_v8a.apk!/lib/arm64-v8a:/data/app/~~FonzoPm3A4McBDNlNDBlpg==/com.google.android.apps.messaging-JFIGhBJP0o_pD55loiuM0A==/split_config.
02-10 16:42:36.590 I/BugleRcsEngine( 6381): Connected state: [1], networkType: [WIFI] [CONTEXT thread_id=11726 ]
02-10 16:42:36.654 V/GraphicsEnvironment(15253): Currently set values for:
02-10 16:42:36.654 V/GraphicsEnvironment(15253):   angle_gl_driver_selection_pkgs=[com.android.angle, com.linecorp.b612.android, com.campmobile.snow, com.google.android.apps.tachyon]
02-10 16:42:36.654 V/GraphicsEnvironment(15253):   angle_gl_driver_selection_values=[angle, native, native, native]
02-10 16:42:36.654 V/GraphicsEnvironment(15253): com.google.android.apps.messaging is not listed in per-application setting
02-10 16:42:36.655 V/GraphicsEnvironment(15253): Neither updatable production driver nor prerelease driver is supported.
02-10 16:42:36.697 I/MultiDex(15253): VM with version 2.1.0 has multidex support
02-10 16:42:36.698 I/MultiDex(15253): Installing application
02-10 16:42:36.698 I/MultiDex(15253): VM has multidex support, MultiDex support library is disabled.
02-10 16:42:36.897 D/nativeloader(15253): Load /data/app/~~FonzoPm3A4McBDNlNDBlpg==/com.google.android.apps.messaging-JFIGhBJP0o_pD55loiuM0A==/split_config.arm64_v8a.apk!/lib/arm64-v8a/libnative_crash_handler_jni.so using class loader ns clns-8 (caller=/data/app/~~FonzoPm3A4McBDNlNDBlpg==/com.google.android.apps.messaging-JFIGhBJP0o_pD55loiuM0A==/base.apk!classes4.dex): ok
02-10 16:42:36.899 I/endv    (15253): SslGuard completed installation.
02-10 16:42:36.905 I/BugleRcsEngine( 6381): Rcs is enabled from user settings: true [CONTEXT log_prefix="ProvisioningEngineDataRetriever" thread_id=11733 ]
02-10 16:42:36.910 I/stetho  (15253): Listening on @stetho_com.google.android.apps.messaging_devtools_remote
02-10 16:42:36.916 I/Bugle   (15253): BugleApplicationBase: Bugle version: messages.android_20260121_03_rc00.phone_dynamic , Bugle version code: 298164063
02-10 16:42:36.918 I/Bugle   (15253): DarkModeManager: setDarkMode: -1
02-10 16:42:36.928 D/WM-PackageManagerHelper(15253): Skipping component enablement for androidx.work.impl.background.systemjob.SystemJobService
02-10 16:42:36.928 D/WM-Schedulers(15253): Created SystemJobScheduler and enabled SystemJobService
02-10 16:42:36.929 D/WM-ForceStopRunnable(15253): Is default app process = true
02-10 16:42:36.930 D/WM-ForceStopRunnable(15253): Performing cleanup operations.
02-10 16:42:36.933 D/WM-SystemJobService(15253): onStartJob for WorkGenerationalId(workSpecId=f478f4eb-6633-474b-b957-7c956605bd18, generation=0)
02-10 16:42:36.988 D/WM-SystemJobScheduler(15253): Reconciling jobs
02-10 16:42:37.007 I/Bugle   (15253): DatabaseHelperBasic.doInitializationTraced
02-10 16:42:37.008 I/Bugle   (15253): DatabaseHelperBasic.doInitializationTraced
02-10 16:42:37.014 I/Bugle   (15253): Initializing EmojiCompat
02-10 16:42:37.016 D/WM-ForceStopRunnable(15253): Found unfinished work, scheduling it.
02-10 16:42:37.019 I/CarrierServices(15253): Initializing Carrier Services Library. [CONTEXT thread_id=11864 ]
02-10 16:42:37.028 I/Bugle   (15253): DatabaseHelperBasic: sqlite version is 3.44.3
02-10 16:42:37.035 I/Bugle   (15253): DatabaseHelperBasic.doInitializationTraced() returned SQLiteDatabase: /data/user/0/com.google.android.apps.messaging/databases/bugle_backup_db
02-10 16:42:37.038 I/Bugle   (15253): DatabaseHelperBasic.doInitializationTraced returned SQLiteDatabase: /data/user/0/com.google.android.apps.messaging/databases/bugle_backup_db
02-10 16:42:37.047 I/CarrierServices(15253): Initializing Carrier Services Logging. [CONTEXT thread_id=11864 ]
02-10 16:42:37.067 D/WM-SystemJobScheduler(15253): Scheduling work ID e28a55f9-4a80-46cf-b8f7-b340483607c9Job ID 2413
02-10 16:42:37.070 D/WM-SystemJobScheduler(15253): Scheduling work ID e31684a5-c672-4e28-bd78-adfeddb9c6a0Job ID 1218
02-10 16:42:37.073 D/WM-SystemJobScheduler(15253): Scheduling work ID 6f346944-4b0d-404a-b196-ad12dc6460feJob ID 2990
02-10 16:42:37.080 D/WM-SystemJobScheduler(15253): Scheduling work ID 31b7d1a8-c5f1-4529-8f8f-ae724b98418dJob ID 1080
02-10 16:42:37.081 I/LogSaver(15253): LogSaver new instance with filename: carrier_services
02-10 16:42:37.087 I/BugleBackup(15253): Registering preference change listener for "bugle".
02-10 16:42:37.089 D/WM-SystemJobScheduler(15253): Scheduling work ID 05fd8c5f-16fb-49f2-bd01-53df88695e19Job ID 2518
02-10 16:42:37.092 D/WM-SystemJobScheduler(15253): Scheduling work ID dd038fd9-1b75-4427-a578-6ce3b3c0990dJob ID 2533
02-10 16:42:37.097 D/WM-SystemJobScheduler(15253): Scheduling work ID 933fa9aa-1cf8-4eac-a5b5-c3b4b41c156fJob ID 2989
02-10 16:42:37.105 D/WM-SystemJobScheduler(15253): Scheduling work ID e4938488-3f98-4bfd-aa33-d118c3ac9ce0Job ID 2789
02-10 16:42:37.105 I/Bugle   (15253): DatabaseHelperBasic: sqlite version is 3.44.3
02-10 16:42:37.108 D/WM-SystemJobScheduler(15253): Scheduling work ID 215882d9-4fdd-4834-aa07-191356754c10Job ID 2899
02-10 16:42:37.110 I/BugleRcs(15253): couldn't get package info for carrier services package with name com.google.android.ims
02-10 16:42:37.110 I/BugleRcs(15253): android.content.pm.PackageManager$NameNotFoundException: com.google.android.ims
02-10 16:42:37.110 I/BugleRcs(15253): 	at android.app.ApplicationPackageManager.getPackageInfoAsUser(ApplicationPackageManager.java:323)
02-10 16:42:37.110 I/BugleRcs(15253): 	at android.app.ApplicationPackageManager.getPackageInfo(ApplicationPackageManager.java:269)
02-10 16:42:37.110 I/BugleRcs(15253): 	at android.app.ApplicationPackageManager.getPackageInfo(ApplicationPackageManager.java:263)
02-10 16:42:37.110 I/BugleRcs(15253): 	at dccs.<init>(PG:60)
02-10 16:42:37.110 I/BugleRcs(15253): 	at dccs.a(PG:10)
02-10 16:42:37.110 I/BugleRcs(15253): 	at ckpn.d(PG:40)
02-10 16:42:37.110 I/BugleRcs(15253): 	at ango.run(PG:18)
02-10 16:42:37.110 I/BugleRcs(15253): 	at etna.run(PG:25)
02-10 16:42:37.110 I/BugleRcs(15253): 	at java.util.concurrent.Executors$RunnableAdapter.call(Executors.java:520)
02-10 16:42:37.110 I/BugleRcs(15253): 	at faej.a(PG:3)
02-10 16:42:37.110 I/BugleRcs(15253): 	at fadg.run(PG:19)
02-10 16:42:37.110 I/BugleRcs(15253): 	at faek.run(PG:5)
02-10 16:42:37.110 I/BugleRcs(15253): 	at eano.run(PG:7)
02-10 16:42:37.110 I/BugleRcs(15253): 	at java.util.concurrent.ThreadPoolExecutor.runWorker(ThreadPoolExecutor.java:1154)
02-10 16:42:37.110 I/BugleRcs(15253): 	at java.util.concurrent.ThreadPoolExecutor$Worker.run(ThreadPoolExecutor.java:652)
02-10 16:42:37.110 I/BugleRcs(15253): 	at eams.run(PG:13)
02-10 16:42:37.110 I/BugleRcs(15253): 	at java.lang.Thread.run(Thread.java:1563)
02-10 16:42:37.110 I/BugleRcs(15253): 	at eaol.run(PG:61)
02-10 16:42:37.113 D/WM-SystemJobScheduler(15253): Scheduling work ID 57321326-411b-4b07-a252-92041e9cab9bJob ID 1081
02-10 16:42:37.116 I/BugleDataModel(15253): HeavyWorkQueueEmptyObserver: Starting observation of WorkQueueWorkManagerTable
02-10 16:42:37.120 D/WM-SystemJobScheduler(15253): Scheduling work ID b6f89ef9-6d76-475b-8d6f-af5d5dee5e6bJob ID 1082
02-10 16:42:37.128 D/WM-SystemJobScheduler(15253): Scheduling work ID 0319af0a-eabb-47c1-bdd8-f664ceb8fd6cJob ID 1219
02-10 16:42:37.133 D/WM-SystemJobScheduler(15253): Scheduling work ID d687bd8d-834c-4f26-a6f8-7e75687a60b6Job ID 1128
02-10 16:42:37.137 I/Bugle   (15253): TelephonyManagerFactory: Returning per-subscription TelephonyManager (>= N) subscription{id:1}
02-10 16:42:37.138 D/WM-SystemJobScheduler(15253): Scheduling work ID f478f4eb-6633-474b-b957-7c956605bd18Job ID 1140
02-10 16:42:37.139 D/WM-SystemJobService(15253): onStopJob for WorkGenerationalId(workSpecId=f478f4eb-6633-474b-b957-7c956605bd18, generation=0)
02-10 16:42:37.146 D/WM-SystemJobService(15253): onStartJob for WorkGenerationalId(workSpecId=f478f4eb-6633-474b-b957-7c956605bd18, generation=0)
02-10 16:42:37.148 D/WM-SystemJobScheduler(15253): Scheduling work ID c569d6e0-b9a7-4fbf-b909-04ff46636806Job ID 1224
02-10 16:42:37.154 D/WM-SystemJobScheduler(15253): Scheduling work ID b57676a5-6be3-43f6-b6f8-4ca9ef46176bJob ID 1221
02-10 16:42:37.160 D/WM-SystemJobScheduler(15253): Scheduling work ID 3e5942b8-5244-4fc6-aee1-3f1281be7619Job ID 1220
02-10 16:42:37.164 I/<unknown class>(15253): Starting sync data to wearable message observer. [CONTEXT class_name="SyncDataToWearableMessageChangeObserver" ]
02-10 16:42:37.166 D/WM-SystemJobScheduler(15253): Scheduling work ID f6595059-72c6-48b1-ae2e-af57b5438095Job ID 1223
02-10 16:42:37.170 D/WM-SystemJobScheduler(15253): Scheduling work ID 6eadab28-b473-4761-962a-fe8cdaf36e59Job ID 2422
02-10 16:42:37.172 D/WM-SystemJobScheduler(15253): Scheduling work ID fd3dd349-4a26-4fde-b627-acc47e79a8ccJob ID 1222
02-10 16:42:37.174 I/Bugle   (15253): DatabaseHelperBasic.doInitializationTraced() returned SQLiteDatabase: /data/user/0/com.google.android.apps.messaging/databases/bugle_db
02-10 16:42:37.174 D/WM-GreedyScheduler(15253): Ignoring {WorkSpec: 5c3692f7-9e3d-474a-99d2-75e9b9b2dbd5}. Requires device idle.
02-10 16:42:37.174 D/WM-GreedyScheduler(15253): Ignoring {WorkSpec: 4b15df56-812d-4d85-8ae8-040f0877ddbd}. Requires device idle.
02-10 16:42:37.175 D/WM-GreedyScheduler(15253): Ignoring {WorkSpec: e28a55f9-4a80-46cf-b8f7-b340483607c9}. Requires device idle.
02-10 16:42:37.175 D/WM-GreedyScheduler(15253): Ignoring {WorkSpec: e31684a5-c672-4e28-bd78-adfeddb9c6a0}. Requires device idle.
02-10 16:42:37.175 D/WM-GreedyScheduler(15253): Ignoring {WorkSpec: 6eadab28-b473-4761-962a-fe8cdaf36e59}. Requires ContentUri triggers.
02-10 16:42:37.175 D/WM-GreedyScheduler(15253): Ignoring {WorkSpec: fd3dd349-4a26-4fde-b627-acc47e79a8cc}. Requires ContentUri triggers.
02-10 16:42:37.176 D/WM-GreedyScheduler(15253): Starting tracking for f478f4eb-6633-474b-b957-7c956605bd18
02-10 16:42:37.176 I/Bugle   (15253): DatabaseHelperBasic.doInitializationTraced returned SQLiteDatabase: /data/user/0/com.google.android.apps.messaging/databases/bugle_db
02-10 16:42:37.179 D/WM-Processor(15253): sci: processing WorkGenerationalId(workSpecId=f478f4eb-6633-474b-b957-7c956605bd18, generation=0)
02-10 16:42:37.181 D/WM-Processor(15253): WorkerWrapper interrupted for f478f4eb-6633-474b-b957-7c956605bd18
02-10 16:42:37.181 D/WM-StopWorkRunnable(15253): StopWorkRunnable for f478f4eb-6633-474b-b957-7c956605bd18; Processor.stopWork = true
02-10 16:42:37.184 D/WM-Processor(15253): sci: processing WorkGenerationalId(workSpecId=f478f4eb-6633-474b-b957-7c956605bd18, generation=0)
02-10 16:42:37.187 D/WM-WorkerWrapper(15253): Status for f478f4eb-6633-474b-b957-7c956605bd18 is ENQUEUED; not doing any work and rescheduling for later execution
02-10 16:42:37.189 D/WM-Processor(15253): sci f478f4eb-6633-474b-b957-7c956605bd18 executed; reschedule = true
02-10 16:42:37.189 D/WM-SystemJobService(15253): f478f4eb-6633-474b-b957-7c956605bd18 executed on JobScheduler
02-10 16:42:37.189 D/WM-GreedyScheduler(15253): Stopping tracking for WorkGenerationalId(workSpecId=f478f4eb-6633-474b-b957-7c956605bd18, generation=0)
02-10 16:42:37.198 D/MddListenableWorkerFactory(15253): createWorker for class: com.google.android.libraries.communications.mobileconfiguration.sync.SyncWorker
02-10 16:42:37.203 D/WM-WorkerWrapper(15253): Starting work for com.google.android.libraries.communications.mobileconfiguration.sync.SyncWorker
02-10 16:42:37.203 I/SyncHelper(15253): [488bf713-ca00-443c-91a6-e3f678133717] sync started, workRequestId:f478f4eb-6633-474b-b957-7c956605bd18
02-10 16:42:37.210 D/WM-GreedyScheduler(15253): Cancelling work ID f478f4eb-6633-474b-b957-7c956605bd18
02-10 16:42:37.230 I/SyncHelper(15253): [488bf713-ca00-443c-91a6-e3f678133717] configValidity: PT4H23M49S, durationSinceLastUpdate: PT4H1M46.918S, batchSyncConfigExpireInterval: PT24H, shouldSync: true
02-10 16:42:37.232 I/SyncHelper(15253): [488bf713-ca00-443c-91a6-e3f678133717] configValidity: PT26H8M55S, durationSinceLastUpdate: PT4H1M46.921S, batchSyncConfigExpireInterval: PT24H, shouldSync: true
02-10 16:42:37.233 I/SyncHelper(15253): [488bf713-ca00-443c-91a6-e3f678133717] configValidity: PT4H9M56S, durationSinceLastUpdate: PT4H1M46.922S, batchSyncConfigExpireInterval: PT24H, shouldSync: true
02-10 16:42:37.234 D/WM-SystemJobScheduler(15253): Scheduling work ID ac15a999-8b1f-4fe4-963f-42cddb68eb3dJob ID 1225
02-10 16:42:37.234 I/BugleSystemBindingManag(15253): BugleSystemBindingManager: onBuglePhenotypeFlagChanged
02-10 16:42:37.235 I/SyncHelper(15253): [488bf713-ca00-443c-91a6-e3f678133717] configValidity: PT124H49M2S, durationSinceLastUpdate: PT102H9M37.165S, batchSyncConfigExpireInterval: PT24H, shouldSync: true
02-10 16:42:37.236 I/SyncHelper(15253): [488bf713-ca00-443c-91a6-e3f678133717] configValidity: PT4H24S, durationSinceLastUpdate: PT4H1M46.925S, batchSyncConfigExpireInterval: PT24H, shouldSync: true
02-10 16:42:37.236 D/WM-GreedyScheduler(15253): Ignoring {WorkSpec: 5c3692f7-9e3d-474a-99d2-75e9b9b2dbd5}. Requires device idle.
02-10 16:42:37.236 D/WM-GreedyScheduler(15253): Ignoring {WorkSpec: 4b15df56-812d-4d85-8ae8-040f0877ddbd}. Requires device idle.
02-10 16:42:37.236 D/WM-GreedyScheduler(15253): Ignoring {WorkSpec: e28a55f9-4a80-46cf-b8f7-b340483607c9}. Requires device idle.
02-10 16:42:37.236 D/WM-GreedyScheduler(15253): Ignoring {WorkSpec: e31684a5-c672-4e28-bd78-adfeddb9c6a0}. Requires device idle.
02-10 16:42:37.236 D/WM-GreedyScheduler(15253): Ignoring {WorkSpec: 6eadab28-b473-4761-962a-fe8cdaf36e59}. Requires ContentUri triggers.
02-10 16:42:37.236 I/BugleTransport(15253): Not kicking off update transport registration because RCS provisioning change has not been received.
02-10 16:42:37.236 D/WM-GreedyScheduler(15253): Ignoring {WorkSpec: fd3dd349-4a26-4fde-b627-acc47e79a8cc}. Requires ContentUri triggers.
02-10 16:42:37.237 I/SyncHelper(15253): [488bf713-ca00-443c-91a6-e3f678133717] configValidity: PT25H51M56S, durationSinceLastUpdate: PT4H1M46.926S, batchSyncConfigExpireInterval: PT24H, shouldSync: true
02-10 16:42:37.238 I/BugleRcsEngine(15253): SystemBinding enabled: true [CONTEXT log_prefix="SystemBindingManager" thread_id=11867 ]
02-10 16:42:37.238 I/SyncHelper(15253): [488bf713-ca00-443c-91a6-e3f678133717] configValidity: PT4H22M43S, durationSinceLastUpdate: PT4H1M46.927S, batchSyncConfigExpireInterval: PT24H, shouldSync: true
02-10 16:42:37.239 I/BugleRcsEngine(15253): System Binding updated [CONTEXT thread_id=11859 ]
02-10 16:42:37.240 I/SyncHelper(15253): [488bf713-ca00-443c-91a6-e3f678133717] configValidity: PT4H23M39S, durationSinceLastUpdate: PT4H1M46.928S, batchSyncConfigExpireInterval: PT24H, shouldSync: true
02-10 16:42:37.241 I/SyncHelper(15253): [488bf713-ca00-443c-91a6-e3f678133717] configValidity: PT4H10M3S, durationSinceLastUpdate: PT4H1M46.93S, batchSyncConfigExpireInterval: PT24H, shouldSync: true
02-10 16:42:37.244 I/BugleRcsEngine(15253): getConfigServerUrl without simId [CONTEXT log_prefix="ProvisioningServerUtil" thread_id=11869 ]
02-10 16:42:37.245 I/BugleRcsEngine(15253): No config URL. RCS not configured for dual-registration. [CONTEXT log_prefix="ProvisioningServerUtil" thread_id=11869 ]
02-10 16:42:37.245 I/BugleRcsEngine(15253): getConfigServerUrl without simId [CONTEXT log_prefix="ProvisioningServerUtil" thread_id=11870 ]
02-10 16:42:37.246 D/WM-PackageManagerHelper(15253): Skipping component enablement for androidx.work.impl.background.systemalarm.RescheduleReceiver
02-10 16:42:37.257 I/BugleRcsEngine(15253): Using MCC based URL [CONTEXT log_prefix="ProvisioningServerUtil" thread_id=11870 ]
02-10 16:42:37.265 I/ProvisioningServerUtil(15253): ProvisioningServerUtil: Getting mccmnc from SimPreferences.
02-10 16:42:37.294 I/BugleDataModel(15253): 4 not running because already up to date, upgradeCommand: EXECUTE_UPGRADE, version: 1
02-10 16:42:37.298 I/BugleDataModel(15253): 3 not running because already up to date, upgradeCommand: EXECUTE_UPGRADE, version: 2
02-10 16:42:37.301 I/BugleDataModel(15253): 2 not running because already up to date, upgradeCommand: EXECUTE_UPGRADE, version: 2
02-10 16:42:37.304 I/CronetEngineBuilderFact(15253): Found Cronet providers: Google-Play-Services-Cronet-Provider, App-Packaged-Cronet-Provider, Fallback-Cronet-Provider
02-10 16:42:37.308 D/HttpFlagsLoader(15253): Found application exporting HTTP flags: com.google.android.gms
02-10 16:42:37.308 D/HttpFlagsLoader(15253): HTTP flags file path: /data/user_de/0/com.google.android.gms/app_httpflags/flags.binarypb
02-10 16:42:37.314 I/HttpFlagsLoader(15253): HTTP flags log line (Impl): Using live production flag values from Google
02-10 16:42:37.316 I/CronetEngineBuilderFact(15253): Selected Cronet provider is App-Packaged-Cronet-Provider, version 145.0.7582.0
02-10 16:42:37.350 I/BugleSatellite(15253): Processing Phenotype flag changes.
02-10 16:42:37.352 I/BugleSatellite(15253): Reporting to Telephony: SMS supported = true
02-10 16:42:37.354 D/nativeloader(15253): Load /data/app/~~FonzoPm3A4McBDNlNDBlpg==/com.google.android.apps.messaging-JFIGhBJP0o_pD55loiuM0A==/split_config.arm64_v8a.apk!/lib/arm64-v8a/libcronet.145.0.7582.0.so using class loader ns clns-8 (caller=/data/app/~~FonzoPm3A4McBDNlNDBlpg==/com.google.android.apps.messaging-JFIGhBJP0o_pD55loiuM0A==/base.apk!classes6.dex): ok
02-10 16:42:37.386 I/cn_CronetLibraryLoader(15253): Cronet version: 145.0.7582.0, arch: aarch64
02-10 16:42:37.388 D/WM-GreedyScheduler(15253): Ignoring {WorkSpec: 5c3692f7-9e3d-474a-99d2-75e9b9b2dbd5}. Requires device idle.
02-10 16:42:37.388 D/WM-GreedyScheduler(15253): Ignoring {WorkSpec: 4b15df56-812d-4d85-8ae8-040f0877ddbd}. Requires device idle.
02-10 16:42:37.388 D/WM-GreedyScheduler(15253): Ignoring {WorkSpec: e28a55f9-4a80-46cf-b8f7-b340483607c9}. Requires device idle.
02-10 16:42:37.389 D/WM-GreedyScheduler(15253): Ignoring {WorkSpec: e31684a5-c672-4e28-bd78-adfeddb9c6a0}. Requires device idle.
02-10 16:42:37.389 D/WM-GreedyScheduler(15253): Ignoring {WorkSpec: 6eadab28-b473-4761-962a-fe8cdaf36e59}. Requires ContentUri triggers.
02-10 16:42:37.389 D/WM-GreedyScheduler(15253): Ignoring {WorkSpec: fd3dd349-4a26-4fde-b627-acc47e79a8cc}. Requires ContentUri triggers.
02-10 16:42:37.389 D/WM-GreedyScheduler(15253): Starting work for 48f7dad1-f22f-476f-8bf3-98447b1d4d15
02-10 16:42:37.400 I/RpcModule(15253): Number of headers in RPC request: 3
02-10 16:42:37.416 I/RpcManager(15253): [488bf713-ca00-443c-91a6-e3f678133717] making getConfiguration request, workRequestId:f478f4eb-6633-474b-b957-7c956605bd18, androidId:4477181865830881151
02-10 16:42:37.580 D/WM-Processor(15253): sci: processing WorkGenerationalId(workSpecId=48f7dad1-f22f-476f-8bf3-98447b1d4d15, generation=0)
02-10 16:42:37.585 D/MddListenableWorkerFactory(15253): createWorker for class: com.google.android.apps.messaging.shared.datamodel.workqueue.WorkQueueWorkerShim
02-10 16:42:37.589 D/WM-WorkerWrapper(15253): Starting work for com.google.android.apps.messaging.shared.datamodel.workqueue.WorkQueueWorkerShim
02-10 16:42:37.601 I/WM-WorkerWrapper(15253): Worker result SUCCESS for Work [ id=48f7dad1-f22f-476f-8bf3-98447b1d4d15, tags={ com.google.android.apps.messaging.shared.datamodel.workqueue.WorkQueueWorkerShim,data_upgrade- } ]
02-10 16:42:37.604 D/WM-Processor(15253): sci 48f7dad1-f22f-476f-8bf3-98447b1d4d15 executed; reschedule = false
02-10 16:42:37.608 D/WM-GreedyScheduler(15253): Cancelling work ID 48f7dad1-f22f-476f-8bf3-98447b1d4d15
02-10 16:42:37.619 D/WM-GreedyScheduler(15253): Ignoring {WorkSpec: 5c3692f7-9e3d-474a-99d2-75e9b9b2dbd5}. Requires device idle.
02-10 16:42:37.619 D/WM-GreedyScheduler(15253): Ignoring {WorkSpec: 4b15df56-812d-4d85-8ae8-040f0877ddbd}. Requires device idle.
02-10 16:42:37.620 D/WM-GreedyScheduler(15253): Ignoring {WorkSpec: e28a55f9-4a80-46cf-b8f7-b340483607c9}. Requires device idle.
02-10 16:42:37.620 D/WM-GreedyScheduler(15253): Ignoring {WorkSpec: e31684a5-c672-4e28-bd78-adfeddb9c6a0}. Requires device idle.
02-10 16:42:37.620 D/WM-GreedyScheduler(15253): Ignoring {WorkSpec: 6eadab28-b473-4761-962a-fe8cdaf36e59}. Requires ContentUri triggers.
02-10 16:42:37.620 D/WM-GreedyScheduler(15253): Ignoring {WorkSpec: fd3dd349-4a26-4fde-b627-acc47e79a8cc}. Requires ContentUri triggers.
02-10 16:42:37.775 I/cn_CronetUrlRequestContext(15253): destroyNativeStreamLocked org.chromium.net.impl.CronetBidirectionalStream@1f7dab8
02-10 16:42:37.782 W/SQLiteLog(15579): (28) double-quoted string literal: "en"
02-10 16:42:37.784 W/SQLiteLog(15579): (28) double-quoted string literal: "en"
02-10 16:42:37.799 D/BoundBrokerSvc(26559): onBind: Intent { act=com.google.android.gms.inappreach.service.START dat=chimera-action:/... cmp=com.google.android.gms/.chimera.GmsApiService }
02-10 16:42:37.799 D/BoundBrokerSvc(26559): Loading bound service for intent: Intent { act=com.google.android.gms.inappreach.service.START dat=chimera-action:/... cmp=com.google.android.gms/.chimera.GmsApiService }
02-10 16:42:37.811 I/RpcManager(15253): [488bf713-ca00-443c-91a6-e3f678133717] processing getConfiguration response, workRequestId:f478f4eb-6633-474b-b957-7c956605bd18
02-10 16:42:37.843 D/BatteryStatsService( 1892): noteVideoSurfaceChanged  noteWhich: 49,arg1: -1, arg2: -1, arg3: 10712, arg4: 383, name: com.vivo.systemuiplugin
02-10 16:42:37.895 D/BatteryStatsService( 1892): noteVideoSurfaceChanged  noteWhich: 49,arg1: -2, arg2: -1, arg3: 10712, arg4: 228, name: com.android.systemui
02-10 16:42:37.895 D/BatteryStatsService( 1892): noteVideoSurfaceChanged  noteWhich: 49,arg1: -2, arg2: -1, arg3: 10712, arg4: 234, name: com.android.systemui
02-10 16:42:38.065 V/NativeCrypto(26777): SSL shutdown failed: ssl=0xb400007870032c98: I/O error during system call, Software caused connection abort
02-10 16:42:38.150 I/GoogleInputMethodService(30706): GoogleInputMethodService.onStartInput():1371 onStartInput(EditorInfo{EditorInfo{packageName=com.android.launcher3, inputType=0, inputTypeString=NULL, enableLearning=false, autoCorrection=false, autoComplete=false, imeOptions=0, privateImeOptions=null, actionName=UNSPECIFIED, actionLabel=null, initialSelStart=-1, initialSelEnd=-1, initialCapsMode=0, label=null, fieldId=0, fieldName=null, extras=null, hintText=null, hintLocales=[]}}, false)
02-10 16:42:38.151 I/Module  (30706): DeviceLockedStatusModuleProvider$Module.updateDeviceLockedStatus():103 repeatCheckTimes = 1, locked = false
02-10 16:42:38.168 D/BufferPoolAccessor2.0(26777): bufferpool2 0xb4000079a00f8c18 : 0(0 size) total buffers - 0(0 size) used buffers - 237/247 (recycle/alloc) - 6/242 (fetch/transfer)
02-10 16:42:38.175 D/BufferPoolAccessor2.0(26777): Destruction - bufferpool2 0xb4000079a00f8c18 cached: 0/0M, 0/0% in use; allocs: 247, 96% recycled; transfers: 242, 98% unfetched
02-10 16:42:38.208 D/BufferPoolAccessor2.0(26777): bufferpool2 0xb4000079a00caf08 : 0(0 size) total buffers - 0(0 size) used buffers - 145/155 (recycle/alloc) - 10/155 (fetch/transfer)
02-10 16:42:38.219 D/BufferPoolAccessor2.0(26777): Destruction - bufferpool2 0xb4000079a00caf08 cached: 0/0M, 0/0% in use; allocs: 155, 94% recycled; transfers: 155, 94% unfetched
02-10 16:42:38.235 I/PersonalSafety(26559): ConnectivityProtectionLockingIntentOperation: cancelled task [CONTEXT service_id=310 ]
02-10 16:42:38.278 W/SQLiteLog(15579): (28) double-quoted string literal: "en"
02-10 16:42:38.279 W/SQLiteLog(15579): (28) double-quoted string literal: "en"
02-10 16:42:38.331 D/BoundBrokerSvc(26559): onBind: Intent { act=com.google.android.gms.pay.service.BIND dat=chimera-action:/... cmp=com.google.android.gms/.chimera.GmsApiService }
02-10 16:42:38.331 D/BoundBrokerSvc(26559): Loading bound service for intent: Intent { act=com.google.android.gms.pay.service.BIND dat=chimera-action:/... cmp=com.google.android.gms/.chimera.GmsApiService }
02-10 16:42:38.384 D/BatteryStatsService( 1892): noteVideoSurfaceChanged  noteWhich: 49,arg1: -2, arg2: -1, arg3: 10712, arg4: 228, name: com.android.systemui
02-10 16:42:38.384 D/BatteryStatsService( 1892): noteVideoSurfaceChanged  noteWhich: 49,arg1: -2, arg2: -1, arg3: 10712, arg4: 234, name: com.android.systemui
02-10 16:42:39.507 I/dget.cleanspeed(15436): Using CollectorTypeCC GC.
02-10 16:42:39.529 D/nativeloader(15436): Load libframework-connectivity-tiramisu-jni.so using APEX ns com_android_tethering for caller /apex/com.android.tethering/javalib/framework-connectivity-t.jar: ok
02-10 16:42:39.550 E/dget.cleanspeed(15436): BBinder_init Processname  <pre-initialized>  
02-10 16:42:39.550 E/dget.cleanspeed(15436): BBinder_init hasGetProcessName  <pre-initialized>
02-10 16:42:39.601 D/nativeloader(15436): Configuring clns-shared-7 for other apk /system/app/CleanSpeed/CleanSpeed.apk. target_sdk_version=35, uses_libraries=, library_path=/system/app/CleanSpeed/lib/arm64:/system/lib64:/system_ext/lib64, permitted_path=/data:/mnt/expand:/data/user/0/com.vivo.widget.cleanspeed:/system/app/CleanSpeed:/system/lib64:/system_ext/lib64
02-10 16:42:39.613 D/CompatChangeReporter(15436): Compat change id reported: 202956589; UID 10116; state: ENABLED
02-10 16:42:39.641 V/GraphicsEnvironment(15436): Currently set values for:
02-10 16:42:39.641 V/GraphicsEnvironment(15436):   angle_gl_driver_selection_pkgs=[com.android.angle, com.linecorp.b612.android, com.campmobile.snow, com.google.android.apps.tachyon]
02-10 16:42:39.641 V/GraphicsEnvironment(15436):   angle_gl_driver_selection_values=[angle, native, native, native]
02-10 16:42:39.641 V/GraphicsEnvironment(15436): com.vivo.widget.cleanspeed is not listed in per-application setting
02-10 16:42:39.641 V/GraphicsEnvironment(15436): Neither updatable production driver nor prerelease driver is supported.
02-10 16:42:39.670 D/CompatChangeReporter(15436): Compat change id reported: 279646685; UID 10116; state: ENABLED
02-10 16:42:39.695 D/nativeloader(15436): Load libpowerhalwrap_jni.so using system ns (caller=/system_ext/framework/mediatek-framework.jar): ok
02-10 16:42:39.695 I/PowerHalWrapper(15436): PowerHalWrapper.getInstance 
02-10 16:42:39.696 I/M-ProMotion(15436): M-ProMotion is disabled
02-10 16:42:39.713 D/CompatChangeReporter(15436): Compat change id reported: 270674727; UID 10116; state: ENABLED
02-10 16:42:40.498 I/ActivityTaskManager( 1892): Displayed com.coinbase/.MainActivity for user 0: +2s290ms
02-10 16:42:40.572 D/ActivityThread(26777): Package [com.coinbase] reported as REPLACED, but missing application info. Assuming REMOVED.
02-10 16:42:40.573 I/GoogleInputMethodService(30706): GoogleInputMethodService.onFinishInput():2099 
02-10 16:42:40.574 I/Module  (30706): DeviceLockedStatusModuleProvider$Module.updateDeviceLockedStatus():103 repeatCheckTimes = 0, locked = false
02-10 16:42:40.574 D/ActivityThread(26777): Package [com.coinbase] reported as REPLACED, but missing application info. Assuming REMOVED.
02-10 16:42:40.575 D/ActivityThread(26777): Package [com.coinbase] reported as REPLACED, but missing application info. Assuming REMOVED.
02-10 16:42:40.575 D/ActivityThread(26777): Package [com.coinbase] reported as REPLACED, but missing application info. Assuming REMOVED.
02-10 16:42:40.580 I/GoogleInputMethodService(30706): GoogleInputMethodService.onStartInput():1371 onStartInput(EditorInfo{EditorInfo{packageName=com.coinbase, inputType=0, inputTypeString=NULL, enableLearning=false, autoCorrection=false, autoComplete=false, imeOptions=0, privateImeOptions=null, actionName=UNSPECIFIED, actionLabel=null, initialSelStart=-1, initialSelEnd=-1, initialCapsMode=0, label=null, fieldId=0, fieldName=null, extras=null, hintText=null, hintLocales=[]}}, false)
02-10 16:42:40.581 I/Module  (30706): DeviceLockedStatusModuleProvider$Module.updateDeviceLockedStatus():103 repeatCheckTimes = 1, locked = false
02-10 16:42:40.598 V/NativeCrypto(26777): Read error: ssl=0xb400007870039598: I/O error during system call, Software caused connection abort
02-10 16:42:40.599 I/SyncScheduler(15253): scheduling sync for 14519 seconds later, policy = APPEND
02-10 16:42:40.603 D/ActivityThread(26777): Too many transaction errors, throttling freezer binder callback.
02-10 16:42:40.604 D/ActivityThread(26777): Too many transaction errors, throttling freezer binder callback.
02-10 16:42:40.605 D/ActivityThread(26777): Too many transaction errors, throttling freezer binder callback.
02-10 16:42:40.617 I/SyncHelper(15253): [488bf713-ca00-443c-91a6-e3f678133717] sync succeeded, workRequestId:f478f4eb-6633-474b-b957-7c956605bd18
02-10 16:42:40.645 I/WM-WorkerWrapper(15253): Worker result SUCCESS for Work [ id=f478f4eb-6633-474b-b957-7c956605bd18, tags={ com.google.android.libraries.communications.mobileconfiguration.sync.SyncWorker,SYNC } ]
02-10 16:42:40.649 V/NativeCrypto(26777): Write error: ssl=0xb400007870039598: I/O error during system call, Broken pipe
02-10 16:42:40.651 V/NativeCrypto(26777): Write error: ssl=0xb400007870039598: I/O error during system call, Broken pipe
02-10 16:42:40.658 V/NativeCrypto(26777): SSL shutdown failed: ssl=0xb400007870039598: I/O error during system call, Success
02-10 16:42:40.673 I/WM-WorkerWrapper(15253): Setting status to enqueued for 75f35e06-5fd0-4cec-845c-1472f8e1105a
02-10 16:42:40.677 D/WM-Processor(15253): sci f478f4eb-6633-474b-b957-7c956605bd18 executed; reschedule = false
02-10 16:42:40.686 D/WM-GreedyScheduler(15253): Cancelling work ID f478f4eb-6633-474b-b957-7c956605bd18
02-10 16:42:40.729 D/WM-GreedyScheduler(15253): Ignoring {WorkSpec: 5c3692f7-9e3d-474a-99d2-75e9b9b2dbd5}. Requires device idle.
02-10 16:42:40.729 D/WM-GreedyScheduler(15253): Ignoring {WorkSpec: 4b15df56-812d-4d85-8ae8-040f0877ddbd}. Requires device idle.
02-10 16:42:40.729 D/WM-GreedyScheduler(15253): Ignoring {WorkSpec: e28a55f9-4a80-46cf-b8f7-b340483607c9}. Requires device idle.
02-10 16:42:40.729 D/WM-GreedyScheduler(15253): Ignoring {WorkSpec: e31684a5-c672-4e28-bd78-adfeddb9c6a0}. Requires device idle.
02-10 16:42:40.729 D/WM-GreedyScheduler(15253): Ignoring {WorkSpec: 6eadab28-b473-4761-962a-fe8cdaf36e59}. Requires ContentUri triggers.
02-10 16:42:40.729 D/WM-GreedyScheduler(15253): Ignoring {WorkSpec: fd3dd349-4a26-4fde-b627-acc47e79a8cc}. Requires ContentUri triggers.
02-10 16:42:40.855 D/BoundBrokerSvc(26559): onBind: Intent { act=com.google.android.gms.safebrowsing.SafeBrowsingService.START dat=chimera-action:/... cmp=com.google.android.gms/.chimera.GmsBoundBrokerService }
02-10 16:42:40.856 D/BoundBrokerSvc(26559): Loading bound service for intent: Intent { act=com.google.android.gms.safebrowsing.SafeBrowsingService.START dat=chimera-action:/... cmp=com.google.android.gms/.chimera.GmsBoundBrokerService }
02-10 16:42:41.236 D/BoundBrokerSvc(26559): onUnbind: Intent { act=com.google.android.gms.onboardingconsent.api.ConsentManagerApiService.START dat=chimera-action:/... cmp=com.google.android.gms/.chimera.GmsApiService }
02-10 16:42:41.954 D/BoundBrokerSvc(26559): onBind: Intent { act=com.google.android.gms.auth.key.retrieval.service.START dat=chimera-action:/... cmp=com.google.android.gms/.chimera.GmsApiService }
02-10 16:42:41.954 D/BoundBrokerSvc(26559): Loading bound service for intent: Intent { act=com.google.android.gms.auth.key.retrieval.service.START dat=chimera-action:/... cmp=com.google.android.gms/.chimera.GmsApiService }
02-10 16:42:41.977 D/BoundBrokerSvc(26559): onBind: Intent { act=com.google.android.gms.credential.manager.service.firstparty.START dat=chimera-action:/... cmp=com.google.android.gms/.chimera.GmsApiService }
02-10 16:42:41.978 D/BoundBrokerSvc(26559): Loading bound service for intent: Intent { act=com.google.android.gms.credential.manager.service.firstparty.START dat=chimera-action:/... cmp=com.google.android.gms/.chimera.GmsApiService }
02-10 16:42:42.877 D/BoundBrokerSvc(26559): onBind: Intent { act=com.google.android.gms.languageprofile.service.START pkg=com.google.android.gms }
02-10 16:42:42.877 D/BoundBrokerSvc(26559): Loading bound service for intent: Intent { act=com.google.android.gms.languageprofile.service.START pkg=com.google.android.gms }
02-10 16:42:43.432 D/BoundBrokerSvc(26559): onBind: Intent { act=com.google.android.gms.fido.fido2.firstparty.START pkg=com.google.android.gms }
02-10 16:42:43.433 D/BoundBrokerSvc(26559): Loading bound service for intent: Intent { act=com.google.android.gms.fido.fido2.firstparty.START pkg=com.google.android.gms }
02-10 16:42:43.571 D/BufferPoolAccessor2.0(26777): evictor expired: 2, evicted: 0
02-10 16:42:43.889 I/RcsAvailabilityCache(15253): Cached availability not found for simId: redacted-pii:sim_id[chars:20,last3:214]
02-10 16:42:43.947 V/ClearcutMetricXmitter(15253): Transmission is done.
02-10 16:42:43.950 V/ClearcutMetricXmitter(15253): Transmission is done.
02-10 16:42:43.982 V/ClearcutMetricXmitter(15253): Transmission is done.
02-10 16:42:44.780 D/ProfileInstaller(15436): Installing profile for com.vivo.widget.cleanspeed
02-10 16:42:44.843 I/GoogleInputMethodService(30706): GoogleInputMethodService.onFinishInput():2099 
02-10 16:42:44.844 I/Module  (30706): DeviceLockedStatusModuleProvider$Module.updateDeviceLockedStatus():103 repeatCheckTimes = 0, locked = false
02-10 16:42:44.845 I/GoogleInputMethodService(30706): GoogleInputMethodService.onStartInput():1371 onStartInput(EditorInfo{EditorInfo{packageName=com.coinbase, inputType=0, inputTypeString=NULL, enableLearning=false, autoCorrection=false, autoComplete=false, imeOptions=0, privateImeOptions=null, actionName=UNSPECIFIED, actionLabel=null, initialSelStart=-1, initialSelEnd=-1, initialCapsMode=0, label=null, fieldId=0, fieldName=null, extras=null, hintText=null, hintLocales=[]}}, false)
02-10 16:42:44.847 I/Module  (30706): DeviceLockedStatusModuleProvider$Module.updateDeviceLockedStatus():103 repeatCheckTimes = 1, locked = false
02-10 16:42:48.002 I/StylusModule(30706): StylusModule.onUpdateToolType():774 Update tool type = 0
02-10 16:42:48.700 I/GoogleInputMethodService(30706): GoogleInputMethodService.onFinishInput():2099 
02-10 16:42:48.700 I/Module  (30706): DeviceLockedStatusModuleProvider$Module.updateDeviceLockedStatus():103 repeatCheckTimes = 0, locked = false
02-10 16:42:48.701 I/GoogleInputMethodService(30706): GoogleInputMethodService.onStartInput():1371 onStartInput(EditorInfo{EditorInfo{packageName=com.coinbase, inputType=21, inputTypeString=EmailAddress[], enableLearning=true, autoCorrection=false, autoComplete=true, imeOptions=8000006, privateImeOptions=null, actionName=DONE, actionLabel=null, initialSelStart=0, initialSelEnd=0, initialCapsMode=0, label=null, fieldId=63, fieldName=null, extras=Bundle[mParcelledData.dataSize=404], hintText=non-empty, hintLocales=[]}}, false)
02-10 16:42:48.707 I/Module  (30706): DeviceLockedStatusModuleProvider$Module.updateDeviceLockedStatus():103 repeatCheckTimes = 1, locked = false
02-10 16:42:48.708 I/StylusModule(30706): StylusModule.onUpdateToolType():774 Update tool type = 1
02-10 16:42:48.710 I/GoogleInputMethodService(30706): GoogleInputMethodService.onStartInputView():1459 onStartInputView(EditorInfo{EditorInfo{packageName=com.coinbase, inputType=21, inputTypeString=EmailAddress[], enableLearning=true, autoCorrection=false, autoComplete=true, imeOptions=8000006, privateImeOptions=null, actionName=DONE, actionLabel=null, initialSelStart=0, initialSelEnd=0, initialCapsMode=0, label=null, fieldId=63, fieldName=null, extras=Bundle[{android.support.text.emoji.emojiCompat_metadataVersion=11, androidx.core.view.inputmethod.EditorInfoCompat.STYLUS_HANDWRITING_ENABLED=true, android.support.text.emoji.emojiCompat_replaceAll=false}], hintText=non-empty, hintLocales=[]}}, false)
02-10 16:42:48.711 I/KeyboardHeightUtil(30706): KeyboardHeightUtil.getOemKeyboardHeightRatio():81 systemKeyboardHeightRatio:1.000000.
02-10 16:42:48.712 I/dyyr    ( 5439): (REDACTED) appOpsListener %s %s
02-10 16:42:48.712 I/AndroidIME(30706): InputBundleManager.loadActiveInputBundleId():531 loadActiveInputBundleId: en-US, ime_english_united_states
02-10 16:42:48.713 I/AndroidIME(30706): AbstractIme.onActivate():95 LatinIme.onActivate() : EditorInfo = EditorInfo{packageName=com.coinbase, inputType=21, inputTypeString=EmailAddress[], enableLearning=true, autoCorrection=false, autoComplete=true, imeOptions=8000006, privateImeOptions=null, actionName=DONE, actionLabel=null, initialSelStart=0, initialSelEnd=0, initialCapsMode=0, label=null, fieldId=63, fieldName=null, extras=Bundle[{android.support.text.emoji.emojiCompat_metadataVersion=11, androidx.core.view.inputmethod.EditorInfoCompat.STYLUS_HANDWRITING_ENABLED=true, android.support.text.emoji.emojiCompat_replaceAll=false}], hintText=non-empty, hintLocales=[]}, IncognitoMode = false, DeviceLocked = false
02-10 16:42:48.713 I/InputBundle(30706): InputBundle.consumeEvent():1037 Skip consuming an event as keyboard status is INACTIVE
02-10 16:42:48.713 I/Delight5Facilitator(30706): Delight5Facilitator.initializeForIme():745 initializeForIme() : Locale = [en_US], layout = qwerty
02-10 16:42:48.713 I/LatinIme(30706): LatinIme.updateEnableInlineSuggestionsOnDecoderSideFlags():1256 inline flag updated to:false
02-10 16:42:48.714 I/LatinIme(30706): LatinIme.updateEnableInlineSuggestionsOnDecoderSideFlags():1256 inline flag updated to:false
02-10 16:42:48.717 I/InputBundle(30706): InputBundle.consumeEvent():1037 Skip consuming an event as keyboard status is INACTIVE
02-10 16:42:48.717 I/LatinIme(30706): LatinIme.resetInputContext():2280 resetInputContext(): reason=1, externalEditsInfo=ExternalEditsInfo{action=0, offset=-1, text=null, originalText=null, edits=null}
02-10 16:42:48.717 I/InputBundle(30706): InputBundle.consumeEvent():1037 Skip consuming an event as keyboard status is INACTIVE
02-10 16:42:48.718 I/KeyboardWrapper(30706): KeyboardWrapper.activateKeyboard():582 activateKeyboard(): type=prime, status=INACTIVE, imeDef=nfp{stringId=ime_english_united_states, language=en-US, languageTag=en-US, processedConditions={writing_helper_enable_by_word_revert=false, true=true, enable_number_row=true, device=phone, enable_pk_simulator=false}, className=com.google.android.apps.inputmethod.libs.latin5.LatinIme, label=0, keyEventInterpreter=null, inlineComposing=true, autoCapital=true, announceAutoSelectedCandidate=true, statusIcon=0, indicatorIcon=0, indicatorLabel=US, displayAppCompletions=true, extraValues=nfh{#0x7f0b02e0=TypedValue{t=0x3/d=0x0 "com.google.android.apps.inputmethod.libs.latin5.LatinIme"}}, processors=nhg@148aa8c, unacceptableMetaKeys=4098, languageSpecificSettings=0, asciiCapable=true, alwaysShowSuggestions=false, useAsciiPasswordKeyboard=false, keyboardGroupDef=ngp@126bd15, phenotypeFlagId=0, localizationLanguageTag=null, supportsInlineSuggestion=true}
02-10 16:42:48.718 I/KeyboardManager(30706): KeyboardManager.requestKeyboard():249 Creating keyboard prime, imeId=ime_english_united_states, cacheKey=theme,!gsf,!pgsans,!pgsf,!use_system_font,BORDER,FLAVOR_DPI=XHDPI,KEYBOARD_WIDTH_CATEGORY=NORMAL,KEY_BORDER_SHAPE=1,LIGHT_THEME=false,PHYSICAL_DIAGONAL=5.6666665,POPUP,SCREEN_SHORTEST_WIDTH=384,SCREEN_SHORTEST_WIDTH_NO_SCALE=384,XHDPI,bottom4dp,enable_popup_on_keypress=true,keyboard_redesign_google_sans=true,non_linear_scale,noshadow,overlay_builtin_dynamic_color_dark_base.binarypb:gm3-dark-ff121318-ffb7caff-03739404f1189b28aed05fb048a8b8af,silkpopup
02-10 16:42:48.719 I/KeyboardWrapper(30706): KeyboardWrapper.onKeyboardReady():224 onKeyboardReady(): type=prime(prime), kb=com.google.android.apps.inputmethod.latin.keyboard.LatinPrimeKeyboard@d8443b8
02-10 16:42:48.719 I/KeyboardWrapper(30706): KeyboardWrapper.doActivateKeyboard():612 doActivateKeyboard(): prime
02-10 16:42:48.721 I/dyyr    ( 5439): (REDACTED) Ignoring irrelevant audio permission changes for package %s
02-10 16:42:48.728 I/KeyboardViewHelper(30706): KeyboardViewHelper.getView():180 Get view with height ratio:1.000000
02-10 16:42:48.732 I/BaseKeyboardSizeHelper(30706): BaseKeyboardSizeHelper.calculateMaxKeyboardBodyHeight():73 leave 182 height for app when ime window height:1450, header height:83 and isFullscreenMode:false, so the max keyboard body height is:1185
02-10 16:42:48.732 W/TooltipLifecycleManager(30706): TooltipLifecycleManager.dismissTooltips():153 Tooltip with id undo_access_point_promotion_banner not found in tooltipManager.
02-10 16:42:48.733 I/KeyboardModeUtils(30706): KeyboardModeUtils.getKeyboardBottomOffset():435 inch: 0.000000 ydpi: 268.541992 adjustKeyboardBottomByDisplaySize: false currentDensityDpi: 300 defaultDensityDpi: 300 keyboardBottomToScreenPx: 0 keyboardBottomToNavBarPx: -90 navBarHeight: 90
02-10 16:42:48.733 I/BaseKeyboardSizeHelper(30706): BaseKeyboardSizeHelper.calculateMaxKeyboardBodyHeight():73 leave 182 height for app when ime window height:1450, header height:83 and isFullscreenMode:false, so the max keyboard body height is:1185
